Component: ARM Compiler 5.06 update 5 (build 528) Tool: armlink [4d35e2]

==============================================================================

Section Cross References

    main.o(i.advertising_start) refers to ble_advertising.o(i.ble_advertising_start) for ble_advertising_start
    main.o(i.advertising_start) refers to app_error.o(i.app_error_handler_bare) for app_error_handler_bare
    main.o(i.application_timers_start) refers to app_timer.o(i.app_timer_start) for app_timer_start
    main.o(i.application_timers_start) refers to app_error.o(i.app_error_handler_bare) for app_error_handler_bare
    main.o(i.application_timers_start) refers to main.o(.constdata) for .constdata
    main.o(i.assert_nrf_callback) refers to app_error.o(i.app_error_handler) for app_error_handler
    main.o(i.battery_level_meas_timeout_handler) refers to sensorsim.o(i.sensorsim_measure) for sensorsim_measure
    main.o(i.battery_level_meas_timeout_handler) refers to ble_bas.o(i.ble_bas_battery_level_update) for ble_bas_battery_level_update
    main.o(i.battery_level_meas_timeout_handler) refers to app_error.o(i.app_error_handler_bare) for app_error_handler_bare
    main.o(i.battery_level_meas_timeout_handler) refers to main.o(.bss) for .bss
    main.o(i.battery_level_meas_timeout_handler) refers to main.o(.data) for .data
    main.o(i.ble_evt_dispatch) refers to ble_conn_state.o(i.ble_conn_state_on_ble_evt) for ble_conn_state_on_ble_evt
    main.o(i.ble_evt_dispatch) refers to peer_manager.o(i.pm_on_ble_evt) for pm_on_ble_evt
    main.o(i.ble_evt_dispatch) refers to ble_hrs.o(i.ble_hrs_on_ble_evt) for ble_hrs_on_ble_evt
    main.o(i.ble_evt_dispatch) refers to ble_bas.o(i.ble_bas_on_ble_evt) for ble_bas_on_ble_evt
    main.o(i.ble_evt_dispatch) refers to ble_conn_params.o(i.ble_conn_params_on_ble_evt) for ble_conn_params_on_ble_evt
    main.o(i.ble_evt_dispatch) refers to bsp_btn_ble.o(i.bsp_btn_ble_on_ble_evt) for bsp_btn_ble_on_ble_evt
    main.o(i.ble_evt_dispatch) refers to main.o(i.on_ble_evt) for on_ble_evt
    main.o(i.ble_evt_dispatch) refers to ble_advertising.o(i.ble_advertising_on_ble_evt) for ble_advertising_on_ble_evt
    main.o(i.ble_evt_dispatch) refers to nrf_ble_gatt.o(i.nrf_ble_gatt_on_ble_evt) for nrf_ble_gatt_on_ble_evt
    main.o(i.ble_evt_dispatch) refers to main.o(.bss) for .bss
    main.o(i.ble_stack_init) refers to softdevice_handler.o(i.softdevice_handler_init) for softdevice_handler_init
    main.o(i.ble_stack_init) refers to app_error.o(i.app_error_handler_bare) for app_error_handler_bare
    main.o(i.ble_stack_init) refers to softdevice_handler.o(i.softdevice_enable_get_default_config) for softdevice_enable_get_default_config
    main.o(i.ble_stack_init) refers to softdevice_handler.o(i.softdevice_enable) for softdevice_enable
    main.o(i.ble_stack_init) refers to softdevice_handler.o(i.softdevice_ble_evt_handler_set) for softdevice_ble_evt_handler_set
    main.o(i.ble_stack_init) refers to softdevice_handler.o(i.softdevice_sys_evt_handler_set) for softdevice_sys_evt_handler_set
    main.o(i.ble_stack_init) refers to main.o(.constdata) for .constdata
    main.o(i.ble_stack_init) refers to main.o(.bss) for .bss
    main.o(i.ble_stack_init) refers to main.o(i.ble_evt_dispatch) for ble_evt_dispatch
    main.o(i.ble_stack_init) refers to main.o(i.sys_evt_dispatch) for sys_evt_dispatch
    main.o(i.bsp_event_handler) refers to main.o(i.sleep_mode_enter) for sleep_mode_enter
    main.o(i.bsp_event_handler) refers to app_error.o(i.app_error_handler_bare) for app_error_handler_bare
    main.o(i.bsp_event_handler) refers to ble_advertising.o(i.ble_advertising_restart_without_whitelist) for ble_advertising_restart_without_whitelist
    main.o(i.bsp_event_handler) refers to main.o(.data) for .data
    main.o(i.conn_params_error_handler) refers to app_error.o(i.app_error_handler_bare) for app_error_handler_bare
    main.o(i.gap_params_init) refers to app_error.o(i.app_error_handler_bare) for app_error_handler_bare
    main.o(i.gatt_evt_handler) refers to ble_hrs.o(i.ble_hrs_on_gatt_evt) for ble_hrs_on_gatt_evt
    main.o(i.gatt_evt_handler) refers to main.o(.bss) for .bss
    main.o(i.gatt_init) refers to nrf_ble_gatt.o(i.nrf_ble_gatt_init) for nrf_ble_gatt_init
    main.o(i.gatt_init) refers to app_error.o(i.app_error_handler_bare) for app_error_handler_bare
    main.o(i.gatt_init) refers to main.o(i.gatt_evt_handler) for gatt_evt_handler
    main.o(i.gatt_init) refers to main.o(.bss) for .bss
    main.o(i.heart_rate_meas_timeout_handler) refers to sensorsim.o(i.sensorsim_measure) for sensorsim_measure
    main.o(i.heart_rate_meas_timeout_handler) refers to ble_hrs.o(i.ble_hrs_heart_rate_measurement_send) for ble_hrs_heart_rate_measurement_send
    main.o(i.heart_rate_meas_timeout_handler) refers to app_error.o(i.app_error_handler_bare) for app_error_handler_bare
    main.o(i.heart_rate_meas_timeout_handler) refers to uidiv.o(.text) for __aeabi_uidivmod
[...]
    m_whitelist_addrs                        0x200038e7   Data          56  ble_advertising.o(.bss)
    m_whitelist_irks                         0x2000391f   Data         128  ble_advertising.o(.bss)
    .bss                                     0x200039a0   Section       32  ble_advertising.o(.bss)
    m_p_whitelist_addrs                      0x200039a0   Data          32  ble_advertising.o(.bss)
    .bss                                     0x200039c0   Section       32  ble_advertising.o(.bss)
    m_p_whitelist_irks                       0x200039c0   Data          32  ble_advertising.o(.bss)
    .bss                                     0x200039e0   Section       32  ble_conn_params.o(.bss)
    m_conn_params_timer_id_data              0x200039e0   Data          32  ble_conn_params.o(.bss)
    .bss                                     0x20003a00   Section       28  ble_conn_params.o(.bss)
    m_conn_params_config                     0x20003a00   Data          28  ble_conn_params.o(.bss)
    .bss                                     0x20003a1c   Section       52  ble_conn_state.o(.bss)
    m_bcs                                    0x20003a1c   Data          52  ble_conn_state.o(.bss)
    .bss                                     0x20003a50   Section      112  id_manager.o(.bss)
    m_connections                            0x20003a50   Data          96  id_manager.o(.bss)
    m_wlisted_peers                          0x20003ab0   Data          16  id_manager.o(.bss)
    .bss                                     0x20003ac0   Section      816  peer_database.o(.bss)
    buffer_memory                            0x20003ac0   Data         640  peer_database.o(.bss)
    m_write_buffer                           0x20003d40   Data          16  peer_database.o(.bss)
    m_write_buffer_records                   0x20003d50   Data         160  peer_database.o(.bss)
    .bss                                     0x20003df0   Section       64  peer_id.o(.bss)
    m_pi                                     0x20003df0   Data          64  peer_id.o(.bss)
    .bss                                     0x20003e30   Section       12  peer_manager.o(.bss)
    m_evt_handlers                           0x20003e30   Data          12  peer_manager.o(.bss)
    .bss                                     0x20003e3c   Section       64  security_dispatcher.o(.bss)
    m_peer_pk                                0x20003e3c   Data          64  security_dispatcher.o(.bss)
    .bss                                     0x20003e7c   Section       20  nrf_drv_clock.o(.bss)
    m_clock_cb                               0x20003e7c   Data          20  nrf_drv_clock.o(.bss)
    .bss                                     0x20003e90   Section       72  nrf_drv_gpiote.o(.bss)
    m_cb                                     0x20003e90   Data          72  nrf_drv_gpiote.o(.bss)
    .bss                                     0x20003ed8   Section       28  nrf_drv_uart.o(.bss)
    m_cb                                     0x20003ed8   Data          28  nrf_drv_uart.o(.bss)
    .bss                                     0x20003ef4   Section      284  fds.o(.bss)
    desc                                     0x20003ef4   Data          12  fds.o(.bss)
    m_cb_table                               0x20003f00   Data          32  fds.o(.bss)
    m_op_queue                               0x20003f20   Data         120  fds.o(.bss)
    m_chunk_queue                            0x20003f98   Data          72  fds.o(.bss)
    m_pages                                  0x20003fe0   Data          32  fds.o(.bss)
    m_gc                                     0x20004000   Data          16  fds.o(.bss)
    .bss                                     0x20004010   Section      104  fstorage.o(.bss)
    m_queue                                  0x20004010   Data         104  fstorage.o(.bss)
    STACK                                    0x20004078   Section     2048  arm_startup_nrf51.o(STACK)

    Global Symbols

    Symbol Name                              Value     Ov Type        Size  Object(Section)

    BuildAttributes$$THM_ISAv3M$S$PE$A:L22$X:L11$S22$IEEE1$IW$USESV6$~STKCKD$USESV7$~SHL$OSPACE$EBA8$MICROLIB$REQ8$PRES8$EABIv2 0x00000000   Number         0  anon$$obj.o ABSOLUTE
    __ARM_use_no_argv                        0x00000000   Number         0  main.o ABSOLUTE
    __cpp_initialize__aeabi_                  - Undefined Weak Reference
    __cxa_finalize                            - Undefined Weak Reference
    _clock_init                               - Undefined Weak Reference
    _microlib_exit                            - Undefined Weak Reference
    __Vectors_Size                           0x000000c0   Number         0  arm_startup_nrf51.o ABSOLUTE
    __Vectors                                0x0001b000   Data           4  arm_startup_nrf51.o(RESET)
    __Vectors_End                            0x0001b0c0   Data           0  arm_startup_nrf51.o(RESET)
    __main                                   0x0001b0c1   Thumb Code     0  entry.o(.ARM.Collect$$$$00000000)
    _main_stk                                0x0001b0c1   Thumb Code     0  entry2.o(.ARM.Collect$$$$00000001)
    _main_scatterload                        0x0001b0c5   Thumb Code     0  entry5.o(.ARM.Collect$$$$00000004)
    __main_after_scatterload                 0x0001b0c9   Thumb Code     0  entry5.o(.ARM.Collect$$$$00000004)
    _main_clock                              0x0001b0c9   Thumb Code     0  entry7b.o(.ARM.Collect$$$$00000008)
    _main_cpp_init                           0x0001b0c9   Thumb Code     0  entry8b.o(.ARM.Collect$$$$0000000A)
    _main_init                               0x0001b0c9   Thumb Code     0  entry9a.o(.ARM.Collect$$$$0000000B)
    __rt_final_cpp                           0x0001b0d1   Thumb Code     0  entry10a.o(.ARM.Collect$$$$0000000D)
    __rt_final_exit                          0x0001b0d1   Thumb Code     0  entry11a.o(.ARM.Collect$$$$0000000F)
    Reset_Handler                            0x0001b0d5   Thumb Code    26  arm_startup_nrf51.o(.text)
    NMI_Handler                              0x0001b0ef   Thumb Code     2  arm_startup_nrf51.o(.text)
    HardFault_Handler                        0x0001b0f1   Thumb Code     2  arm_startup_nrf51.o(.text)
    SVC_Handler                              0x0001b0f3   Thumb Code     2  arm_startup_nrf51.o(.text)
    PendSV_Handler                           0x0001b0f5   Thumb Code     2  arm_startup_nrf51.o(.text)
    SysTick_Handler                          0x0001b0f7   Thumb Code     2  arm_startup_nrf51.o(.text)
    ADC_IRQHandler                           0x0001b0f9   Thumb Code     0  arm_startup_nrf51.o(.text)
    CCM_AAR_IRQHandler                       0x0001b0f9   Thumb Code     0  arm_startup_nrf51.o(.text)
    ECB_IRQHandler                           0x0001b0f9   Thumb Code     0  arm_startup_nrf51.o(.text)
    LPCOMP_IRQHandler                        0x0001b0f9   Thumb Code     0  arm_startup_nrf51.o(.text)
    QDEC_IRQHandler                          0x0001b0f9   Thumb Code     0  arm_startup_nrf51.o(.text)
    RADIO_IRQHandler                         0x0001b0f9   Thumb Code     0  arm_startup_nrf51.o(.text)
    RNG_IRQHandler                           0x0001b0f9   Thumb Code     0  arm_startup_nrf51.o(.text)
    RTC0_IRQHandler                          0x0001b0f9   Thumb Code     0  arm_startup_nrf51.o(.text)
    SPI0_TWI0_IRQHandler                     0x0001b0f9   Thumb Code     0  arm_startup_nrf51.o(.text)
    SPI1_TWI1_IRQHandler                     0x0001b0f9   Thumb Code     0  arm_startup_nrf51.o(.text)
    SWI1_IRQHandler                          0x0001b0f9   Thumb Code     0  arm_startup_nrf51.o(.text)
    SWI3_IRQHandler                          0x0001b0f9   Thumb Code     0  arm_startup_nrf51.o(.text)
    SWI4_IRQHandler                          0x0001b0f9   Thumb Code     0  arm_startup_nrf51.o(.text)
    SWI5_IRQHandler                          0x0001b0f9   Thumb Code     0  arm_startup_nrf51.o(.text)
    TEMP_IRQHandler                          0x0001b0f9   Thumb Code     0  arm_startup_nrf51.o(.text)
    TIMER0_IRQHandler                        0x0001b0f9   Thumb Code     0  arm_startup_nrf51.o(.text)
    TIMER1_IRQHandler                        0x0001b0f9   Thumb Code     0  arm_startup_nrf51.o(.text)
    TIMER2_IRQHandler                        0x0001b0f9   Thumb Code     0  arm_startup_nrf51.o(.text)
    WDT_IRQHandler                           0x0001b0f9   Thumb Code     0  arm_startup_nrf51.o(.text)
    __aeabi_uidiv                            0x0001b10d   Thumb Code     0  uidiv.o(.text)
    __aeabi_uidivmod                         0x0001b10d   Thumb Code    44  uidiv.o(.text)
    ___aeabi_memcpy8$move                    0x0001b139   Thumb Code     0  memmovea.o(.text)
    __aeabi_memcpy                           0x0001b139   Thumb Code    64  memmovea.o(.text)
    __aeabi_memcpy4                          0x0001b139   Thumb Code     0  memmovea.o(.text)
    __aeabi_memmove                          0x0001b139   Thumb Code     0  memmovea.o(.text)
    __aeabi_memmove4                         0x0001b139   Thumb Code     0  memmovea.o(.text)
    __aeabi_memmove8                         0x0001b139   Thumb Code     0  memmovea.o(.text)
    __aeabi_memset                           0x0001b179   Thumb Code    14  memseta.o(.text)
    __aeabi_memset4                          0x0001b179   Thumb Code     0  memseta.o(.text)
    __aeabi_memset8                          0x0001b179   Thumb Code     0  memseta.o(.text)
    __aeabi_memclr                           0x0001b187   Thumb Code     4  memseta.o(.text)
    __aeabi_memclr4                          0x0001b187   Thumb Code     0  memseta.o(.text)
    __aeabi_memclr8                          0x0001b187   Thumb Code     0  memseta.o(.text)
    _memset$wrapper                          0x0001b18b   Thumb Code    18  memseta.o(.text)
    strlen                                   0x0001b19d   Thumb Code    14  strlen.o(.text)
    memcmp                                   0x0001b1ab   Thumb Code    26  memcmp.o(.text)
    __scatterload                            0x0001b1c5   Thumb Code    28  init.o(.text)
    __scatterload_rt2                        0x0001b1c5   Thumb Code     0  init.o(.text)
    __decompress                             0x0001b1e9   Thumb Code     0  __dczerorl2.o(.text)
    __decompress1                            0x0001b1e9   Thumb Code    86  __dczerorl2.o(.text)
    GPIOTE_IRQHandler                        0x0001b241   Thumb Code   364  nrf_drv_gpiote.o(i.GPIOTE_IRQHandler)
    POWER_CLOCK_IRQHandler                   0x0001b3fd   Thumb Code    70  nrf_drv_clock.o(i.POWER_CLOCK_IRQHandler)
    RTC1_IRQHandler                          0x0001b451   Thumb Code    28  app_timer.o(i.RTC1_IRQHandler)
    SWI0_IRQHandler                          0x0001b471   Thumb Code     8  app_timer.o(i.SWI0_IRQHandler)
    SWI2_IRQHandler                          0x0001b479   Thumb Code    28  softdevice_handler.o(i.SWI2_IRQHandler)
    SystemInit                               0x0001b499   Thumb Code   130  system_nrf51.o(i.SystemInit)
    UART0_IRQHandler                         0x0001b539   Thumb Code    12  nrf_drv_uart.o(i.UART0_IRQHandler)
    __ARM_common_switch8                     0x0001b54d   Thumb Code    26  main.o(i.__ARM_common_switch8)
    __scatterload_copy                       0x0001b567   Thumb Code    14  handlers.o(i.__scatterload_copy)
    __scatterload_null                       0x0001b575   Thumb Code     2  handlers.o(i.__scatterload_null)
    __scatterload_zeroinit                   0x0001b577   Thumb Code    14  handlers.o(i.__scatterload_zeroinit)
    addr_compare                             0x0001b5a1   Thumb Code    40  id_manager.o(i.addr_compare)
    adv_data_encode                          0x0001b5c9   Thumb Code   398  ble_advdata.o(i.adv_data_encode)
    advertising_start                        0x0001b7fd   Thumb Code    18  main.o(i.advertising_start)
    ah                                       0x0001b80f   Thumb Code    78  id_manager.o(i.ah)
    app_error_fault_handler                  0x0001b85d   Thumb Code    18  app_error_weak.o(i.app_error_fault_handler)
    app_error_handler_bare                   0x0001b879   Thumb Code    20  app_error.o(i.app_error_handler_bare)
    app_timer_create                         0x0001b891   Thumb Code    40  app_timer.o(i.app_timer_create)
    app_timer_init                           0x0001b8bd   Thumb Code    98  app_timer.o(i.app_timer_init)
    app_timer_start                          0x0001b931   Thumb Code   128  app_timer.o(i.app_timer_start)
    app_timer_stop                           0x0001b9b9   Thumb Code    36  app_timer.o(i.app_timer_stop)
    app_util_critical_region_enter           0x0001b9e1   Thumb Code    48  app_util_platform.o(i.app_util_critical_region_enter)
    app_util_critical_region_exit            0x0001ba1d   Thumb Code    36  app_util_platform.o(i.app_util_critical_region_exit)
    ble_advdata_set                          0x0001bcbd   Thumb Code   104  ble_advdata.o(i.ble_advdata_set)
    ble_advertising_init                     0x0001bd25   Thumb Code   340  ble_advertising.o(i.ble_advertising_init)
    ble_advertising_on_ble_evt               0x0001be81   Thumb Code    82  ble_advertising.o(i.ble_advertising_on_ble_evt)
    ble_advertising_on_sys_evt               0x0001bed9   Thumb Code    42  ble_advertising.o(i.ble_advertising_on_sys_evt)
    ble_advertising_start                    0x0001bf09   Thumb Code   256  ble_advertising.o(i.ble_advertising_start)
    ble_bas_battery_level_update             0x0001c011   Thumb Code   112  ble_bas.o(i.ble_bas_battery_level_update)
    ble_bas_init                             0x0001c085   Thumb Code    66  ble_bas.o(i.ble_bas_init)
    ble_bas_on_ble_evt                       0x0001c0cd   Thumb Code    96  ble_bas.o(i.ble_bas_on_ble_evt)
    ble_conn_params_init                     0x0001c12d   Thumb Code    68  ble_conn_params.o(i.ble_conn_params_init)
    ble_conn_params_on_ble_evt               0x0001c181   Thumb Code   130  ble_conn_params.o(i.ble_conn_params_on_ble_evt)
    ble_conn_state_conn_handles              0x0001c211   Thumb Code    14  ble_conn_state.o(i.ble_conn_state_conn_handles)
    ble_conn_state_encrypted                 0x0001c225   Thumb Code    16  ble_conn_state.o(i.ble_conn_state_encrypted)
    ble_conn_state_mitm_protected            0x0001c239   Thumb Code    16  ble_conn_state.o(i.ble_conn_state_mitm_protected)
    ble_conn_state_on_ble_evt                0x0001c24d   Thumb Code   238  ble_conn_state.o(i.ble_conn_state_on_ble_evt)
    ble_conn_state_role                      0x0001c345   Thumb Code    46  ble_conn_state.o(i.ble_conn_state_role)
    ble_conn_state_user_flag_acquire         0x0001c379   Thumb Code    42  ble_conn_state.o(i.ble_conn_state_user_flag_acquire)
    ble_conn_state_user_flag_collection      0x0001c3a9   Thumb Code    20  ble_conn_state.o(i.ble_conn_state_user_flag_collection)
    ble_conn_state_user_flag_get             0x0001c3c1   Thumb Code    32  ble_conn_state.o(i.ble_conn_state_user_flag_get)
    ble_conn_state_user_flag_set             0x0001c3e5   Thumb Code    36  ble_conn_state.o(i.ble_conn_state_user_flag_set)
    ble_dis_init                             0x0001c46d   Thumb Code   308  ble_dis.o(i.ble_dis_init)
    ble_hrs_heart_rate_measurement_send      0x0001c5f5   Thumb Code    82  ble_hrs.o(i.ble_hrs_heart_rate_measurement_send)
    ble_hrs_init                             0x0001c64d   Thumb Code    92  ble_hrs.o(i.ble_hrs_init)
    ble_hrs_on_ble_evt                       0x0001c6ad   Thumb Code    82  ble_hrs.o(i.ble_hrs_on_ble_evt)
    ble_hrs_on_gatt_evt                      0x0001c6ff   Thumb Code    18  ble_hrs.o(i.ble_hrs_on_gatt_evt)
    ble_hrs_rr_interval_add                  0x0001c711   Thumb Code    46  ble_hrs.o(i.ble_hrs_rr_interval_add)
    ble_hrs_sensor_contact_detected_update   0x0001c73f   Thumb Code     6  ble_hrs.o(i.ble_hrs_sensor_contact_detected_update)
    ble_srv_ascii_to_utf8                    0x0001c745   Thumb Code    18  ble_srv_common.o(i.ble_srv_ascii_to_utf8)
    ble_srv_is_notification_enabled          0x0001c757   Thumb Code    14  ble_srv_common.o(i.ble_srv_is_notification_enabled)
    ble_srv_report_ref_encode                0x0001c765   Thumb Code    12  ble_srv_common.o(i.ble_srv_report_ref_encode)
    bsp_board_button_idx_to_pin              0x0001c869   Thumb Code     6  boards.o(i.bsp_board_button_idx_to_pin)
    bsp_board_led_invert                     0x0001c875   Thumb Code    24  boards.o(i.bsp_board_led_invert)
    bsp_board_led_off                        0x0001c895   Thumb Code    14  boards.o(i.bsp_board_led_off)
    bsp_board_led_on                         0x0001c8a9   Thumb Code    14  boards.o(i.bsp_board_led_on)
    bsp_board_led_state_get                  0x0001c8bd   Thumb Code    24  boards.o(i.bsp_board_led_state_get)
    bsp_board_leds_off                       0x0001c8dd   Thumb Code    18  boards.o(i.bsp_board_leds_off)
    bsp_board_leds_on                        0x0001c8ef   Thumb Code    18  boards.o(i.bsp_board_leds_on)
    bsp_board_pin_to_button_idx              0x0001c901   Thumb Code    30  boards.o(i.bsp_board_pin_to_button_idx)
    bsp_btn_ble_on_ble_evt                   0x0001c925   Thumb Code   114  bsp_btn_ble.o(i.bsp_btn_ble_on_ble_evt)
    bsp_btn_ble_sleep_mode_prepare           0x0001c99d   Thumb Code    34  bsp_btn_ble.o(i.bsp_btn_ble_sleep_mode_prepare)
    bsp_event_to_button_action_assign        0x0001ca55   Thumb Code    66  bsp.o(i.bsp_event_to_button_action_assign)
    bsp_indication_set                       0x0001ca9d   Thumb Code    22  bsp.o(i.bsp_indication_set)
    bsp_wakeup_button_enable                 0x0001cc39   Thumb Code    16  bsp.o(i.bsp_wakeup_button_enable)
    chunk_queue_next                         0x0001cd75   Thumb Code    20  fds.o(i.chunk_queue_next)
    fds_file_delete                          0x0001d2e5   Thumb Code    66  fds.o(i.fds_file_delete)
    fds_gc                                   0x0001d331   Thumb Code    62  fds.o(i.fds_gc)
    fds_init                                 0x0001d379   Thumb Code   130  fds.o(i.fds_init)
    fds_record_close                         0x0001d401   Thumb Code    60  fds.o(i.fds_record_close)
    fds_record_find                          0x0001d441   Thumb Code    14  fds.o(i.fds_record_find)
    fds_record_find_by_key                   0x0001d44f   Thumb Code    16  fds.o(i.fds_record_find_by_key)
    fds_record_find_in_file                  0x0001d45f   Thumb Code    16  fds.o(i.fds_record_find_in_file)
    fds_record_id_from_desc                  0x0001d46f   Thumb Code    20  fds.o(i.fds_record_id_from_desc)
    fds_record_open                          0x0001d485   Thumb Code    64  fds.o(i.fds_record_open)
    fds_record_update                        0x0001d4c9   Thumb Code    20  fds.o(i.fds_record_update)
    fds_record_write                         0x0001d4dd   Thumb Code    12  fds.o(i.fds_record_write)
    fds_record_write_reserved                0x0001d4e9   Thumb Code    18  fds.o(i.fds_record_write_reserved)
    fds_register                             0x0001d4fd   Thumb Code    28  fds.o(i.fds_register)
    fds_reserve                              0x0001d521   Thumb Code    48  fds.o(i.fds_reserve)
    fds_reserve_cancel                       0x0001d555   Thumb Code    62  fds.o(i.fds_reserve_cancel)
    fs_erase                                 0x0001d661   Thumb Code   118  fstorage.o(i.fs_erase)
    fs_init                                  0x0001d6e9   Thumb Code   154  fstorage.o(i.fs_init)
    fs_queued_op_count_get                   0x0001d795   Thumb Code    18  fstorage.o(i.fs_queued_op_count_get)
    fs_store                                 0x0001d7ad   Thumb Code   128  fstorage.o(i.fs_store)
    fs_sys_event_handler                     0x0001d831   Thumb Code    94  fstorage.o(i.fs_sys_event_handler)
    gatt_evt_handler                         0x0001d8f9   Thumb Code    10  main.o(i.gatt_evt_handler)
    gatt_init                                0x0001d909   Thumb Code    20  main.o(i.gatt_init)
    gcm_ble_evt_handler                      0x0001daf9   Thumb Code   232  gatt_cache_manager.o(i.gcm_ble_evt_handler)
    gcm_gscm_evt_handler                     0x0001dbe9   Thumb Code    96  gatt_cache_manager.o(i.gcm_gscm_evt_handler)
    gcm_im_evt_handler                       0x0001dc51   Thumb Code    40  gatt_cache_manager.o(i.gcm_im_evt_handler)
    gcm_init                                 0x0001dc7d   Thumb Code    66  gatt_cache_manager.o(i.gcm_init)
    gcm_local_database_has_changed           0x0001dcc5   Thumb Code    66  gatt_cache_manager.o(i.gcm_local_database_has_changed)
    gcm_smd_evt_handler                      0x0001dd11   Thumb Code    16  gatt_cache_manager.o(i.gcm_smd_evt_handler)
    get_connection_by_conn_handle            0x0001dd21   Thumb Code    48  id_manager.o(i.get_connection_by_conn_handle)
    get_free_connection                      0x0001dd59   Thumb Code    40  id_manager.o(i.get_free_connection)
    gscm_db_change_notification_done         0x0001dd89   Thumb Code    22  gatts_cache_manager.o(i.gscm_db_change_notification_done)
    gscm_init                                0x0001dda5   Thumb Code    16  gatts_cache_manager.o(i.gscm_init)
    gscm_local_database_has_changed          0x0001ddb9   Thumb Code    18  gatts_cache_manager.o(i.gscm_local_database_has_changed)
    gscm_local_db_cache_apply                0x0001ddd5   Thumb Code   104  gatts_cache_manager.o(i.gscm_local_db_cache_apply)
    gscm_local_db_cache_update               0x0001de41   Thumb Code   124  gatts_cache_manager.o(i.gscm_local_db_cache_update)
    gscm_pdb_evt_handler                     0x0001dec5   Thumb Code    72  gatts_cache_manager.o(i.gscm_pdb_evt_handler)
    gscm_service_changed_ind_needed          0x0001df15   Thumb Code    28  gatts_cache_manager.o(i.gscm_service_changed_ind_needed)
    gscm_service_changed_ind_send            0x0001df31   Thumb Code    32  gatts_cache_manager.o(i.gscm_service_changed_ind_send)
    im_address_resolve                       0x0001e10f   Thumb Code    64  id_manager.o(i.im_address_resolve)
    im_ble_addr_get                          0x0001e151   Thumb Code    38  id_manager.o(i.im_ble_addr_get)
    im_ble_evt_handler                       0x0001e17d   Thumb Code   162  id_manager.o(i.im_ble_evt_handler)
    im_conn_handle_get                       0x0001e225   Thumb Code    34  id_manager.o(i.im_conn_handle_get)
    im_init                                  0x0001e251   Thumb Code    60  id_manager.o(i.im_init)
    im_is_duplicate_bonding_data             0x0001e299   Thumb Code    56  id_manager.o(i.im_is_duplicate_bonding_data)
    im_master_id_is_valid                    0x0001e2d1   Thumb Code    28  id_manager.o(i.im_master_id_is_valid)
    im_master_ids_compare                    0x0001e2ed   Thumb Code    44  id_manager.o(i.im_master_ids_compare)
    im_new_peer_id                           0x0001e319   Thumb Code     8  id_manager.o(i.im_new_peer_id)
    im_pdb_evt_handler                       0x0001e321   Thumb Code   110  id_manager.o(i.im_pdb_evt_handler)
    im_peer_free                             0x0001e391   Thumb Code    38  id_manager.o(i.im_peer_free)
    im_peer_id_get_by_conn_handle            0x0001e3bd   Thumb Code    24  id_manager.o(i.im_peer_id_get_by_conn_handle)
    im_peer_id_get_by_master_id              0x0001e3dd   Thumb Code    62  id_manager.o(i.im_peer_id_get_by_master_id)
    in_pin_handler                           0x0001e421   Thumb Code    48  main.o(i.in_pin_handler)
    intern_softdevice_events_execute         0x0001e521   Thumb Code   122  softdevice_handler.o(i.intern_softdevice_events_execute)
    is_valid_irk                             0x0001e605   Thumb Code    22  id_manager.o(i.is_valid_irk)
    main                                     0x0001ebc1   Thumb Code   254  main.o(i.main)
    new_connection                           0x0001ede9   Thumb Code    80  id_manager.o(i.new_connection)
    next_id_get                              0x0001ee45   Thumb Code    48  peer_id.o(i.next_id_get)
    nrf_ble_gatt_init                        0x0001ee89   Thumb Code     4  nrf_ble_gatt.o(i.nrf_ble_gatt_init)
    nrf_ble_gatt_on_ble_evt                  0x0001ee8d   Thumb Code     2  nrf_ble_gatt.o(i.nrf_ble_gatt_on_ble_evt)
    nrf_drv_clock_init                       0x0001eed1   Thumb Code    60  nrf_drv_clock.o(i.nrf_drv_clock_init)
    nrf_drv_clock_on_sd_enable               0x0001ef19   Thumb Code    46  nrf_drv_clock.o(i.nrf_drv_clock_on_sd_enable)
    nrf_drv_clock_on_soc_event               0x0001ef4d   Thumb Code    12  nrf_drv_clock.o(i.nrf_drv_clock_on_soc_event)
    nrf_drv_common_irq_enable                0x0001ef59   Thumb Code    78  nrf_drv_common.o(i.nrf_drv_common_irq_enable)
    nrf_drv_gpiote_in_event_enable           0x0001efb9   Thumb Code   136  nrf_drv_gpiote.o(i.nrf_drv_gpiote_in_event_enable)
    nrf_drv_gpiote_in_init                   0x0001f051   Thumb Code   154  nrf_drv_gpiote.o(i.nrf_drv_gpiote_in_init)
    nrf_drv_gpiote_init                      0x0001f0f9   Thumb Code    84  nrf_drv_gpiote.o(i.nrf_drv_gpiote_init)
    nrf_drv_gpiote_is_init                   0x0001f155   Thumb Code    12  nrf_drv_gpiote.o(i.nrf_drv_gpiote_is_init)
    pdb_init                                 0x0001f671   Thumb Code    62  peer_database.o(i.pdb_init)
    pdb_next_deleted_peer_id_get             0x0001f6bd   Thumb Code     8  peer_database.o(i.pdb_next_deleted_peer_id_get)
    pdb_next_peer_id_get                     0x0001f6c5   Thumb Code     8  peer_database.o(i.pdb_next_peer_id_get)
    pdb_pds_evt_handler                      0x0001f6cd   Thumb Code   300  peer_database.o(i.pdb_pds_evt_handler)
    pdb_peer_allocate                        0x0001f801   Thumb Code     8  peer_database.o(i.pdb_peer_allocate)
    pdb_peer_data_ptr_get                    0x0001f809   Thumb Code    10  peer_database.o(i.pdb_peer_data_ptr_get)
    pdb_peer_free                            0x0001f813   Thumb Code    74  peer_database.o(i.pdb_peer_free)
    pdb_raw_store                            0x0001f85d   Thumb Code    12  peer_database.o(i.pdb_raw_store)
    pdb_write_buf_get                        0x0001f869   Thumb Code   256  peer_database.o(i.pdb_write_buf_get)
    pdb_write_buf_release                    0x0001f971   Thumb Code    42  peer_database.o(i.pdb_write_buf_release)
    pdb_write_buf_store                      0x0001f99d   Thumb Code   190  peer_database.o(i.pdb_write_buf_store)
    pdb_write_buf_store_prepare              0x0001fa65   Thumb Code    98  peer_database.o(i.pdb_write_buf_store_prepare)
    pds_init                                 0x0001fad9   Thumb Code   100  peer_data_storage.o(i.pds_init)
    pds_next_deleted_peer_id_get             0x0001fb49   Thumb Code     8  peer_data_storage.o(i.pds_next_deleted_peer_id_get)
    pds_next_peer_id_get                     0x0001fb51   Thumb Code     8  peer_data_storage.o(i.pds_next_peer_id_get)
    pds_peer_data_iterate                    0x0001fb59   Thumb Code    80  peer_data_storage.o(i.pds_peer_data_iterate)
    pds_peer_data_iterate_prepare            0x0001fbad   Thumb Code    10  peer_data_storage.o(i.pds_peer_data_iterate_prepare)
    pds_peer_data_read                       0x0001fbbd   Thumb Code   112  peer_data_storage.o(i.pds_peer_data_read)
    pds_peer_data_store                      0x0001fc2d   Thumb Code   174  peer_data_storage.o(i.pds_peer_data_store)
    pds_peer_id_allocate                     0x0001fcdd   Thumb Code    10  peer_data_storage.o(i.pds_peer_id_allocate)
    pds_peer_id_free                         0x0001fced   Thumb Code    22  peer_data_storage.o(i.pds_peer_id_free)
    pds_peer_id_is_allocated                 0x0001fd03   Thumb Code     8  peer_data_storage.o(i.pds_peer_id_is_allocated)
    pds_space_reserve                        0x0001fd0b   Thumb Code    48  peer_data_storage.o(i.pds_space_reserve)
    pds_space_reserve_cancel                 0x0001fd3b   Thumb Code    16  peer_data_storage.o(i.pds_space_reserve_cancel)
    peer_id_allocate                         0x0001fe39   Thumb Code    10  peer_id.o(i.peer_id_allocate)
    peer_id_delete                           0x0001fe49   Thumb Code    30  peer_id.o(i.peer_id_delete)
    peer_id_free                             0x0001fe71   Thumb Code    22  peer_id.o(i.peer_id_free)
    peer_id_get_next_deleted                 0x0001fe8d   Thumb Code    10  peer_id.o(i.peer_id_get_next_deleted)
    peer_id_get_next_used                    0x0001fe9d   Thumb Code    42  peer_id.o(i.peer_id_get_next_used)
    peer_id_init                             0x0001fed1   Thumb Code    34  peer_id.o(i.peer_id_init)
    peer_id_is_allocated                     0x0001fef9   Thumb Code    20  peer_id.o(i.peer_id_is_allocated)
    peer_id_is_deleted                       0x0001ff11   Thumb Code    20  peer_id.o(i.peer_id_is_deleted)
    pm_buffer_block_acquire                  0x00020009   Thumb Code    94  pm_buffer.o(i.pm_buffer_block_acquire)
    pm_buffer_init                           0x00020067   Thumb Code    66  pm_buffer.o(i.pm_buffer_init)
    pm_buffer_ptr_get                        0x000200a9   Thumb Code    46  pm_buffer.o(i.pm_buffer_ptr_get)
    pm_buffer_release                        0x000200d7   Thumb Code    42  pm_buffer.o(i.pm_buffer_release)
    pm_conn_sec_config_reply                 0x00020101   Thumb Code     8  peer_manager.o(i.pm_conn_sec_config_reply)
    pm_gcm_evt_handler                       0x0002015d   Thumb Code   128  peer_manager.o(i.pm_gcm_evt_handler)
    pm_im_evt_handler                        0x000201dd   Thumb Code    74  peer_manager.o(i.pm_im_evt_handler)
    pm_init                                  0x0002022d   Thumb Code   108  peer_manager.o(i.pm_init)
    pm_local_database_has_changed            0x0002029d   Thumb Code    16  peer_manager.o(i.pm_local_database_has_changed)
    pm_mutex_init                            0x000202b1   Thumb Code    16  pm_mutex.o(i.pm_mutex_init)
    pm_mutex_lock                            0x000202c1   Thumb Code    28  pm_mutex.o(i.pm_mutex_lock)
    pm_mutex_lock_first_available            0x000202dd   Thumb Code    52  pm_mutex.o(i.pm_mutex_lock_first_available)
    pm_mutex_lock_status_get                 0x00020311   Thumb Code    24  pm_mutex.o(i.pm_mutex_lock_status_get)
    pm_mutex_unlock                          0x00020329   Thumb Code    54  pm_mutex.o(i.pm_mutex_unlock)
    pm_on_ble_evt                            0x00020361   Thumb Code    32  peer_manager.o(i.pm_on_ble_evt)
    pm_pdb_evt_handler                       0x00020385   Thumb Code   306  peer_manager.o(i.pm_pdb_evt_handler)
    pm_peer_delete                           0x000204c1   Thumb Code    20  peer_manager.o(i.pm_peer_delete)
    pm_peers_delete                          0x000204d9   Thumb Code    52  peer_manager.o(i.pm_peers_delete)
    pm_register                              0x00020515   Thumb Code    38  peer_manager.o(i.pm_register)
    pm_sec_params_set                        0x00020545   Thumb Code    20  peer_manager.o(i.pm_sec_params_set)
    pm_sm_evt_handler                        0x0002055d   Thumb Code   324  peer_manager.o(i.pm_sm_evt_handler)
    sdk_mapped_flags_bulk_update_by_key      0x00020c75   Thumb Code    70  sdk_mapped_flags.o(i.sdk_mapped_flags_bulk_update_by_key)
    sdk_mapped_flags_first_key_index_get     0x00020cbd   Thumb Code    34  sdk_mapped_flags.o(i.sdk_mapped_flags_first_key_index_get)
    sdk_mapped_flags_get_by_key              0x00020cf5   Thumb Code    38  sdk_mapped_flags.o(i.sdk_mapped_flags_get_by_key)
    sdk_mapped_flags_key_list_get            0x00020d1b   Thumb Code    70  sdk_mapped_flags.o(i.sdk_mapped_flags_key_list_get)
    sdk_mapped_flags_update_by_key           0x00020d61   Thumb Code    14  sdk_mapped_flags.o(i.sdk_mapped_flags_update_by_key)
    sensorsim_decrement                      0x00020fc5   Thumb Code    28  sensorsim.o(i.sensorsim_decrement)
    sensorsim_increment                      0x00020fe1   Thumb Code    28  sensorsim.o(i.sensorsim_increment)
    sensorsim_init                           0x00020ffd   Thumb Code    24  sensorsim.o(i.sensorsim_init)
    sensorsim_measure                        0x00021015   Thumb Code    26  sensorsim.o(i.sensorsim_measure)
    sm_ble_evt_handler                       0x000213b9   Thumb Code    16  security_manager.o(i.sm_ble_evt_handler)
    sm_conn_sec_config_reply                 0x000213cd   Thumb Code    24  security_manager.o(i.sm_conn_sec_config_reply)
    sm_init                                  0x000213e9   Thumb Code    76  security_manager.o(i.sm_init)
    sm_pdb_evt_handler                       0x00021439   Thumb Code    48  security_manager.o(i.sm_pdb_evt_handler)
    sm_sec_params_set                        0x0002146d   Thumb Code    44  security_manager.o(i.sm_sec_params_set)
    sm_smd_evt_handler                       0x0002149d   Thumb Code   118  security_manager.o(i.sm_smd_evt_handler)
    smd_ble_evt_handler                      0x00021519   Thumb Code   214  security_dispatcher.o(i.smd_ble_evt_handler)
    smd_init                                 0x000215fd   Thumb Code    56  security_dispatcher.o(i.smd_init)
    smd_link_secure                          0x00021639   Thumb Code    44  security_dispatcher.o(i.smd_link_secure)
    smd_params_reply                         0x00021669   Thumb Code   260  security_dispatcher.o(i.smd_params_reply)
    smd_pdb_evt_handler                      0x00021801   Thumb Code    46  security_dispatcher.o(i.smd_pdb_evt_handler)
    softdevice_ble_evt_handler_set           0x00021835   Thumb Code    16  softdevice_handler.o(i.softdevice_ble_evt_handler_set)
    softdevice_enable                        0x00021849   Thumb Code    14  softdevice_handler.o(i.softdevice_enable)
    softdevice_enable_get_default_config     0x0002185d   Thumb Code    40  softdevice_handler.o(i.softdevice_enable_get_default_config)
    softdevice_fault_handler                 0x00021885   Thumb Code     8  softdevice_handler.o(i.softdevice_fault_handler)
    softdevice_handler_init                  0x0002188d   Thumb Code    74  softdevice_handler.o(i.softdevice_handler_init)
    softdevice_handler_is_enabled            0x000218e5   Thumb Code     6  softdevice_handler.o(i.softdevice_handler_is_enabled)
    softdevice_sys_evt_handler_set           0x000218f1   Thumb Code    16  softdevice_handler.o(i.softdevice_sys_evt_handler_set)
    Region$$Table$$Base                      0x00022298   Number         0  anon$$obj.o(Region$$Table)
    Region$$Table$$Limit                     0x000222b8   Number         0  anon$$obj.o(Region$$Table)
    Image$$RW_IRAM1$$Base                    0x200033b0   Number         0  anon$$obj.o ABSOLUTE
    nrf_nvic_state                           0x2000350c   Data           8  app_util_platform.o(.data)
    SystemCoreClock                          0x20003544   Data           4  system_nrf51.o(.data)
    fs_data$$Base                            0x20003548   Number         0  fds.o(fs_data)
    fs_data$$Limit                           0x20003558   Number         0  fds.o(fs_data)
    __initial_sp                             0x20004878   Data           0  arm_startup_nrf51.o(STACK)



==============================================================================

Memory Map of the image

  Image Entry point : 0x0001b0c1

  Load Region LR_IROM1 (Base: 0x0001b000, Size: 0x00007460, Max: 0x00025000, ABSOLUTE, COMPRESSED[0x000072f0])

    Execution Region ER_IROM1 (Exec base: 0x0001b000, Load base: 0x0001b000, Size: 0x000072b8, Max: 0x00025000, ABSOLUTE)

    Exec Addr    Load Addr    Size         Type   Attr      Idx    E Section Name        Object

    0x0001b000   0x0001b000   0x000000c0   Data   RO         4510    RESET               arm_startup_nrf51.o
    0x0001b0c0   0x0001b0c0   0x00000000   Code   RO         4552  * .ARM.Collect$$$$00000000  mc_p.l(entry.o)
    0x0001b0c0   0x0001b0c0   0x00000004   Code   RO         4573    .ARM.Collect$$$$00000001  mc_p.l(entry2.o)
    0x0001b0c4   0x0001b0c4   0x00000004   Code   RO         4576    .ARM.Collect$$$$00000004  mc_p.l(entry5.o)
    0x0001b0c8   0x0001b0c8   0x00000000   Code   RO         4578    .ARM.Collect$$$$00000008  mc_p.l(entry7b.o)
    0x0001b0c8   0x0001b0c8   0x00000000   Code   RO         4580    .ARM.Collect$$$$0000000A  mc_p.l(entry8b.o)
    0x0001b0c8   0x0001b0c8   0x00000008   Code   RO         4581    .ARM.Collect$$$$0000000B  mc_p.l(entry9a.o)
    0x0001b0d0   0x0001b0d0   0x00000000   Code   RO         4583    .ARM.Collect$$$$0000000D  mc_p.l(entry10a.o)
    0x0001b0d0   0x0001b0d0   0x00000000   Code   RO         4585    .ARM.Collect$$$$0000000F  mc_p.l(entry11a.o)
    0x0001b0d0   0x0001b0d0   0x00000004   Code   RO         4574    .ARM.Collect$$$$00002712  mc_p.l(entry2.o)
    0x0001b0d4   0x0001b0d4   0x00000038   Code   RO         4511    .text               arm_startup_nrf51.o
    0x0001b10c   0x0001b10c   0x0000002c   Code   RO         4555    .text               mc_p.l(uidiv.o)
    0x0001b138   0x0001b138   0x00000040   Code   RO         4559    .text               mc_p.l(memmovea.o)
    0x0001b178   0x0001b178   0x00000024   Code   RO         4561    .text               mc_p.l(memseta.o)
    0x0001b19c   0x0001b19c   0x0000000e   Code   RO         4563    .text               mc_p.l(strlen.o)
    0x0001b1aa   0x0001b1aa   0x0000001a   Code   RO         4565    .text               mc_p.l(memcmp.o)
    0x0001b1c4   0x0001b1c4   0x00000024   Code   RO         4587    .text               mc_p.l(init.o)
    0x0001b1e8   0x0001b1e8   0x00000056   Code   RO         4597    .text               mc_p.l(__dczerorl2.o)
    0x0001b23e   0x0001b23e   0x00000002   PAD
    0x0001b240   0x0001b240   0x00000178   Code   RO         2936    i.GPIOTE_IRQHandler  nrf_drv_gpiote.o
    0x0001b3b8   0x0001b3b8   0x00000044   Code   RO         3445    i.NVIC_SetPriority  app_timer.o
    0x0001b3fc   0x0001b3fc   0x00000054   Code   RO         2733    i.POWER_CLOCK_IRQHandler  nrf_drv_clock.o
    0x0001b450   0x0001b450   0x00000020   Code   RO         3446    i.RTC1_IRQHandler   app_timer.o
    0x0001b470   0x0001b470   0x00000008   Code   RO         3447    i.SWI0_IRQHandler   app_timer.o
    0x0001b478   0x0001b478   0x00000020   Code   RO         4377    i.SWI2_IRQHandler   softdevice_handler.o
    0x0001b498   0x0001b498   0x000000a0   Code   RO         4518    i.SystemInit        system_nrf51.o
    0x0001b538   0x0001b538   0x00000014   Code   RO         3151    i.UART0_IRQHandler  nrf_drv_uart.o
    0x0001b54c   0x0001b54c   0x0000001a   Code   RO          166    i.__ARM_common_switch8  main.o
    0x0001b566   0x0001b566   0x0000000e   Code   RO         4591    i.__scatterload_copy  mc_p.l(handlers.o)
    0x0001b574   0x0001b574   0x00000002   Code   RO         4592    i.__scatterload_null  mc_p.l(handlers.o)
    0x0001b576   0x0001b576   0x0000000e   Code   RO         4593    i.__scatterload_zeroinit  mc_p.l(handlers.o)
    0x0001b584   0x0001b584   0x0000001c   Code   RO         4378    i.__sd_nvic_app_accessible_irq  softdevice_handler.o
    0x0001b5a0   0x0001b5a0   0x00000028   Code   RO         1326    i.addr_compare      id_manager.o
    0x0001b5c8   0x0001b5c8   0x0000018e   Code   RO          735    i.adv_data_encode   ble_advdata.o
    0x0001b756   0x0001b756   0x00000002   PAD
    0x0001b758   0x0001b758   0x00000068   Code   RO          811    i.adv_mode_next_avail_get  ble_advertising.o
    0x0001b7c0   0x0001b7c0   0x0000003c   Code   RO          655    i.advertising_buttons_configure  bsp_btn_ble.o
    0x0001b7fc   0x0001b7fc   0x00000012   Code   RO            3    i.advertising_start  main.o
    0x0001b80e   0x0001b80e   0x0000004e   Code   RO         1328    i.ah                id_manager.o
    0x0001b85c   0x0001b85c   0x0000001c   Code   RO         3422    i.app_error_fault_handler  app_error_weak.o
    0x0001b878   0x0001b878   0x00000018   Code   RO         3384    i.app_error_handler_bare  app_error.o
    0x0001b890   0x0001b890   0x0000002c   Code   RO         3450    i.app_timer_create  app_timer.o
    0x0001b8bc   0x0001b8bc   0x00000074   Code   RO         3451    i.app_timer_init    app_timer.o
    0x0001b930   0x0001b930   0x00000088   Code   RO         3452    i.app_timer_start   app_timer.o
    0x0001b9b8   0x0001b9b8   0x00000028   Code   RO         3453    i.app_timer_stop    app_timer.o
    0x0001b9e0   0x0001b9e0   0x0000003c   Code   RO         3590    i.app_util_critical_region_enter  app_util_platform.o
    0x0001ba1c   0x0001ba1c   0x0000002c   Code   RO         3591    i.app_util_critical_region_exit  app_util_platform.o
    0x0001ba48   0x0001ba48   0x0000005c   Code   RO            4    i.application_timers_start  main.o
    0x0001baa4   0x0001baa4   0x000000a0   Code   RO         2343    i.auth_status_success_process  security_dispatcher.o
    0x0001bb44   0x0001bb44   0x00000138   Code   RO         2576    i.battery_level_char_add  ble_bas.o
    0x0001bc7c   0x0001bc7c   0x00000040   Code   RO            6    i.battery_level_meas_timeout_handler  main.o
    0x0001bcbc   0x0001bcbc   0x00000068   Code   RO          736    i.ble_advdata_set   ble_advdata.o
    0x0001bd24   0x0001bd24   0x0000015c   Code   RO          812    i.ble_advertising_init  ble_advertising.o
    0x0001be80   0x0001be80   0x00000058   Code   RO          813    i.ble_advertising_on_ble_evt  ble_advertising.o
    0x0001bed8   0x0001bed8   0x00000030   Code   RO          814    i.ble_advertising_on_sys_evt  ble_advertising.o
    0x0001bf08   0x0001bf08   0x00000108   Code   RO          817    i.ble_advertising_start  ble_advertising.o
    0x0001c010   0x0001c010   0x00000074   Code   RO         2577    i.ble_bas_battery_level_update  ble_bas.o
    0x0001c084   0x0001c084   0x00000048   Code   RO         2578    i.ble_bas_init      ble_bas.o
    0x0001c0cc   0x0001c0cc   0x00000060   Code   RO         2579    i.ble_bas_on_ble_evt  ble_bas.o
    0x0001c12c   0x0001c12c   0x00000054   Code   RO          896    i.ble_conn_params_init  ble_conn_params.o
    0x0001c180   0x0001c180   0x00000090   Code   RO          897    i.ble_conn_params_on_ble_evt  ble_conn_params.o
    0x0001c210   0x0001c210   0x00000014   Code   RO          962    i.ble_conn_state_conn_handles  ble_conn_state.o
    0x0001c224   0x0001c224   0x00000014   Code   RO          963    i.ble_conn_state_encrypted  ble_conn_state.o
    0x0001c238   0x0001c238   0x00000014   Code   RO          965    i.ble_conn_state_mitm_protected  ble_conn_state.o
    0x0001c24c   0x0001c24c   0x000000f8   Code   RO          969    i.ble_conn_state_on_ble_evt  ble_conn_state.o
    0x0001c344   0x0001c344   0x00000034   Code   RO          971    i.ble_conn_state_role  ble_conn_state.o
    0x0001c378   0x0001c378   0x00000030   Code   RO          973    i.ble_conn_state_user_flag_acquire  ble_conn_state.o
    0x0001c3a8   0x0001c3a8   0x00000018   Code   RO          974    i.ble_conn_state_user_flag_collection  ble_conn_state.o
    0x0001c3c0   0x0001c3c0   0x00000024   Code   RO          975    i.ble_conn_state_user_flag_get  ble_conn_state.o
    0x0001c3e4   0x0001c3e4   0x00000028   Code   RO          976    i.ble_conn_state_user_flag_set  ble_conn_state.o
    0x0001c40c   0x0001c40c   0x0000005e   Code   RO          737    i.ble_device_addr_encode  ble_advdata.o
    0x0001c46a   0x0001c46a   0x00000002   PAD
    0x0001c46c   0x0001c46c   0x00000140   Code   RO         2613    i.ble_dis_init      ble_dis.o
    0x0001c5ac   0x0001c5ac   0x00000048   Code   RO            7    i.ble_evt_dispatch  main.o
    0x0001c5f4   0x0001c5f4   0x00000058   Code   RO         2651    i.ble_hrs_heart_rate_measurement_send  ble_hrs.o
    0x0001c64c   0x0001c64c   0x00000060   Code   RO         2652    i.ble_hrs_init      ble_hrs.o
    0x0001c6ac   0x0001c6ac   0x00000052   Code   RO         2653    i.ble_hrs_on_ble_evt  ble_hrs.o
    0x0001c6fe   0x0001c6fe   0x00000012   Code   RO         2654    i.ble_hrs_on_gatt_evt  ble_hrs.o
    0x0001c710   0x0001c710   0x0000002e   Code   RO         2655    i.ble_hrs_rr_interval_add  ble_hrs.o
    0x0001c73e   0x0001c73e   0x00000006   Code   RO         2657    i.ble_hrs_sensor_contact_detected_update  ble_hrs.o
    0x0001c744   0x0001c744   0x00000012   Code   RO         1089    i.ble_srv_ascii_to_utf8  ble_srv_common.o
    0x0001c756   0x0001c756   0x0000000e   Code   RO         1091    i.ble_srv_is_notification_enabled  ble_srv_common.o
    0x0001c764   0x0001c764   0x0000000c   Code   RO         1092    i.ble_srv_report_ref_encode  ble_srv_common.o
    0x0001c770   0x0001c770   0x00000070   Code   RO            8    i.ble_stack_init    main.o
    0x0001c7e0   0x0001c7e0   0x00000088   Code   RO         2659    i.body_sensor_location_char_add  ble_hrs.o
    0x0001c868   0x0001c868   0x0000000c   Code   RO          432    i.bsp_board_button_idx_to_pin  boards.o
    0x0001c874   0x0001c874   0x00000020   Code   RO          436    i.bsp_board_led_invert  boards.o
    0x0001c894   0x0001c894   0x00000014   Code   RO          437    i.bsp_board_led_off  boards.o
    0x0001c8a8   0x0001c8a8   0x00000014   Code   RO          438    i.bsp_board_led_on  boards.o
    0x0001c8bc   0x0001c8bc   0x00000020   Code   RO          439    i.bsp_board_led_state_get  boards.o
    0x0001c8dc   0x0001c8dc   0x00000012   Code   RO          441    i.bsp_board_leds_off  boards.o
    0x0001c8ee   0x0001c8ee   0x00000012   Code   RO          442    i.bsp_board_leds_on  boards.o
    0x0001c900   0x0001c900   0x00000024   Code   RO          443    i.bsp_board_pin_to_button_idx  boards.o
    0x0001c924   0x0001c924   0x00000078   Code   RO          657    i.bsp_btn_ble_on_ble_evt  bsp_btn_ble.o
    0x0001c99c   0x0001c99c   0x00000022   Code   RO          658    i.bsp_btn_ble_sleep_mode_prepare  bsp_btn_ble.o
    0x0001c9be   0x0001c9be   0x00000002   PAD
    0x0001c9c0   0x0001c9c0   0x00000094   Code   RO          545    i.bsp_button_event_handler  bsp.o
    0x0001ca54   0x0001ca54   0x00000048   Code   RO          549    i.bsp_event_to_button_action_assign  bsp.o
    0x0001ca9c   0x0001ca9c   0x0000001c   Code   RO          550    i.bsp_indication_set  bsp.o
    0x0001cab8   0x0001cab8   0x00000180   Code   RO          552    i.bsp_led_indication  bsp.o
    0x0001cc38   0x0001cc38   0x00000010   Code   RO          554    i.bsp_wakeup_button_enable  bsp.o
    0x0001cc48   0x0001cc48   0x0000001c   Code   RO         2937    i.channel_free      nrf_drv_gpiote.o
    0x0001cc64   0x0001cc64   0x00000048   Code   RO         2938    i.channel_port_alloc  nrf_drv_gpiote.o
    0x0001ccac   0x0001ccac   0x00000010   Code   RO         2939    i.channel_port_get  nrf_drv_gpiote.o
    0x0001ccbc   0x0001ccbc   0x00000098   Code   RO         2614    i.char_add          ble_dis.o
    0x0001cd54   0x0001cd54   0x00000020   Code   RO         3962    i.check_config      fstorage.o
    0x0001cd74   0x0001cd74   0x00000018   Code   RO         3660    i.chunk_queue_next  fds.o
    0x0001cd8c   0x0001cd8c   0x0000003c   Code   RO         1907    i.claim             peer_id.o
    0x0001cdc8   0x0001cdc8   0x00000028   Code   RO         2734    i.clock_clk_started_notify  nrf_drv_clock.o
    0x0001cdf0   0x0001cdf0   0x000000a8   Code   RO         3455    i.compare_reg_update  app_timer.o
    0x0001ce98   0x0001ce98   0x00000088   Code   RO          738    i.conn_int_encode   ble_advdata.o
    0x0001cf20   0x0001cf20   0x00000008   Code   RO           10    i.conn_params_error_handler  main.o
    0x0001cf28   0x0001cf28   0x00000068   Code   RO          899    i.conn_params_negotiation  ble_conn_params.o
    0x0001cf90   0x0001cf90   0x0000008c   Code   RO         3661    i.delete_execute    fds.o
    0x0001d01c   0x0001d01c   0x00000040   Code   RO         3456    i.elapsed_ticks_acquire  app_timer.o
    0x0001d05c   0x0001d05c   0x00000030   Code   RO         2344    i.encryption_failure  security_dispatcher.o
    0x0001d08c   0x0001d08c   0x0000006a   Code   RO         3662    i.event_prepare     fds.o
    0x0001d0f6   0x0001d0f6   0x00000002   PAD
    0x0001d0f8   0x0001d0f8   0x00000020   Code   RO         3663    i.event_send        fds.o
    0x0001d118   0x0001d118   0x00000032   Code   RO         2454    i.events_send_from_err_code  security_manager.o
    0x0001d14a   0x0001d14a   0x00000002   PAD
    0x0001d14c   0x0001d14c   0x0000000c   Code   RO         1144    i.evt_send          gatt_cache_manager.o
    0x0001d158   0x0001d158   0x0000001c   Code   RO         1329    i.evt_send          id_manager.o
    0x0001d174   0x0001d174   0x00000028   Code   RO         1993    i.evt_send          peer_manager.o
    0x0001d19c   0x0001d19c   0x0000001c   Code   RO         2345    i.evt_send          security_dispatcher.o
    0x0001d1b8   0x0001d1b8   0x0000000c   Code   RO         2455    i.evt_send          security_manager.o
    0x0001d1c4   0x0001d1c4   0x00000002   Code   RO           11    i.fds_evt_handler   main.o
    0x0001d1c6   0x0001d1c6   0x00000002   PAD
    0x0001d1c8   0x0001d1c8   0x0000011c   Code   RO         1593    i.fds_evt_handler   peer_data_storage.o
    0x0001d2e4   0x0001d2e4   0x0000004c   Code   RO         3665    i.fds_file_delete   fds.o
    0x0001d330   0x0001d330   0x00000048   Code   RO         3666    i.fds_gc            fds.o
    0x0001d378   0x0001d378   0x00000088   Code   RO         3667    i.fds_init          fds.o
    0x0001d400   0x0001d400   0x00000040   Code   RO         3668    i.fds_record_close  fds.o
    0x0001d440   0x0001d440   0x0000000e   Code   RO         3670    i.fds_record_find   fds.o
    0x0001d44e   0x0001d44e   0x00000010   Code   RO         3671    i.fds_record_find_by_key  fds.o
    0x0001d45e   0x0001d45e   0x00000010   Code   RO         3672    i.fds_record_find_in_file  fds.o
    0x0001d46e   0x0001d46e   0x00000014   Code   RO         3673    i.fds_record_id_from_desc  fds.o
    0x0001d482   0x0001d482   0x00000002   PAD
    0x0001d484   0x0001d484   0x00000044   Code   RO         3675    i.fds_record_open   fds.o
    0x0001d4c8   0x0001d4c8   0x00000014   Code   RO         3676    i.fds_record_update  fds.o
    0x0001d4dc   0x0001d4dc   0x0000000c   Code   RO         3677    i.fds_record_write  fds.o
    0x0001d4e8   0x0001d4e8   0x00000012   Code   RO         3678    i.fds_record_write_reserved  fds.o
    0x0001d4fa   0x0001d4fa   0x00000002   PAD
    0x0001d4fc   0x0001d4fc   0x00000024   Code   RO         3679    i.fds_register      fds.o
    0x0001d520   0x0001d520   0x00000034   Code   RO         3680    i.fds_reserve       fds.o
    0x0001d554   0x0001d554   0x00000048   Code   RO         3681    i.fds_reserve_cancel  fds.o
    0x0001d59c   0x0001d59c   0x0000000a   Code   RO         1594    i.file_id_to_peer_id  peer_data_storage.o
    0x0001d5a6   0x0001d5a6   0x00000002   PAD
    0x0001d5a8   0x0001d5a8   0x00000018   Code   RO         1595    i.file_id_within_pm_range  peer_data_storage.o
    0x0001d5c0   0x0001d5c0   0x00000010   Code   RO         3683    i.flag_clear        fds.o
    0x0001d5d0   0x0001d5d0   0x00000012   Code   RO         2346    i.flag_id_init      security_dispatcher.o
    0x0001d5e2   0x0001d5e2   0x00000012   Code   RO         2456    i.flag_id_init      security_manager.o
    0x0001d5f4   0x0001d5f4   0x00000010   Code   RO         3684    i.flag_set          fds.o
    0x0001d604   0x0001d604   0x0000005c   Code   RO         2457    i.flags_set_from_err_code  security_manager.o
    0x0001d660   0x0001d660   0x0000007c   Code   RO         3963    i.fs_erase          fstorage.o
    0x0001d6dc   0x0001d6dc   0x0000000a   Code   RO         3685    i.fs_event_handler  fds.o
    0x0001d6e6   0x0001d6e6   0x00000002   PAD
    0x0001d6e8   0x0001d6e8   0x000000ac   Code   RO         3965    i.fs_init           fstorage.o
    0x0001d794   0x0001d794   0x00000018   Code   RO         3968    i.fs_queued_op_count_get  fstorage.o
    0x0001d7ac   0x0001d7ac   0x00000084   Code   RO         3969    i.fs_store          fstorage.o
    0x0001d830   0x0001d830   0x00000068   Code   RO         3970    i.fs_sys_event_handler  fstorage.o
    0x0001d898   0x0001d898   0x00000060   Code   RO           12    i.gap_params_init   main.o
    0x0001d8f8   0x0001d8f8   0x00000010   Code   RO           13    i.gatt_evt_handler  main.o
    0x0001d908   0x0001d908   0x0000001c   Code   RO           14    i.gatt_init         main.o
    0x0001d924   0x0001d924   0x00000068   Code   RO         3686    i.gc_execute        fds.o
    0x0001d98c   0x0001d98c   0x0000004c   Code   RO         3687    i.gc_next_page      fds.o
    0x0001d9d8   0x0001d9d8   0x0000004c   Code   RO         3688    i.gc_page_erase     fds.o
    0x0001da24   0x0001da24   0x00000034   Code   RO         3689    i.gc_record_copy    fds.o
    0x0001da58   0x0001da58   0x00000020   Code   RO         3690    i.gc_record_find_next  fds.o
    0x0001da78   0x0001da78   0x00000080   Code   RO         3691    i.gc_state_advance  fds.o
    0x0001daf8   0x0001daf8   0x000000f0   Code   RO         1145    i.gcm_ble_evt_handler  gatt_cache_manager.o
    0x0001dbe8   0x0001dbe8   0x00000068   Code   RO         1146    i.gcm_gscm_evt_handler  gatt_cache_manager.o
    0x0001dc50   0x0001dc50   0x0000002c   Code   RO         1147    i.gcm_im_evt_handler  gatt_cache_manager.o
    0x0001dc7c   0x0001dc7c   0x00000048   Code   RO         1148    i.gcm_init          gatt_cache_manager.o
    0x0001dcc4   0x0001dcc4   0x0000004c   Code   RO         1149    i.gcm_local_database_has_changed  gatt_cache_manager.o
    0x0001dd10   0x0001dd10   0x00000010   Code   RO         1152    i.gcm_smd_evt_handler  gatt_cache_manager.o
    0x0001dd20   0x0001dd20   0x00000038   Code   RO         1330    i.get_connection_by_conn_handle  id_manager.o
    0x0001dd58   0x0001dd58   0x00000030   Code   RO         1331    i.get_free_connection  id_manager.o
    0x0001dd88   0x0001dd88   0x0000001c   Code   RO         1248    i.gscm_db_change_notification_done  gatts_cache_manager.o
    0x0001dda4   0x0001dda4   0x00000014   Code   RO         1249    i.gscm_init         gatts_cache_manager.o
    0x0001ddb8   0x0001ddb8   0x0000001c   Code   RO         1250    i.gscm_local_database_has_changed  gatts_cache_manager.o
    0x0001ddd4   0x0001ddd4   0x0000006c   Code   RO         1251    i.gscm_local_db_cache_apply  gatts_cache_manager.o
    0x0001de40   0x0001de40   0x00000084   Code   RO         1253    i.gscm_local_db_cache_update  gatts_cache_manager.o
    0x0001dec4   0x0001dec4   0x00000050   Code   RO         1254    i.gscm_pdb_evt_handler  gatts_cache_manager.o
    0x0001df14   0x0001df14   0x0000001c   Code   RO         1255    i.gscm_service_changed_ind_needed  gatts_cache_manager.o
    0x0001df30   0x0001df30   0x0000002c   Code   RO         1256    i.gscm_service_changed_ind_send  gatts_cache_manager.o
    0x0001df5c   0x0001df5c   0x0000001c   Code   RO         3692    i.header_is_valid   fds.o
    0x0001df78   0x0001df78   0x0000005c   Code   RO           15    i.heart_rate_meas_timeout_handler  main.o
    0x0001dfd4   0x0001dfd4   0x000000b0   Code   RO         2660    i.heart_rate_measurement_char_add  ble_hrs.o
    0x0001e084   0x0001e084   0x0000008a   Code   RO         2661    i.hrm_encode        ble_hrs.o
    0x0001e10e   0x0001e10e   0x00000040   Code   RO         1332    i.im_address_resolve  id_manager.o
    0x0001e14e   0x0001e14e   0x00000002   PAD
    0x0001e150   0x0001e150   0x0000002c   Code   RO         1333    i.im_ble_addr_get   id_manager.o
    0x0001e17c   0x0001e17c   0x000000a8   Code   RO         1334    i.im_ble_evt_handler  id_manager.o
    0x0001e224   0x0001e224   0x0000002c   Code   RO         1335    i.im_conn_handle_get  id_manager.o
    0x0001e250   0x0001e250   0x00000048   Code   RO         1339    i.im_init           id_manager.o
    0x0001e298   0x0001e298   0x00000038   Code   RO         1340    i.im_is_duplicate_bonding_data  id_manager.o
    0x0001e2d0   0x0001e2d0   0x0000001c   Code   RO         1341    i.im_master_id_is_valid  id_manager.o
    0x0001e2ec   0x0001e2ec   0x0000002c   Code   RO         1342    i.im_master_ids_compare  id_manager.o
    0x0001e318   0x0001e318   0x00000008   Code   RO         1343    i.im_new_peer_id    id_manager.o
    0x0001e320   0x0001e320   0x0000006e   Code   RO         1344    i.im_pdb_evt_handler  id_manager.o
    0x0001e38e   0x0001e38e   0x00000002   PAD
    0x0001e390   0x0001e390   0x0000002c   Code   RO         1345    i.im_peer_free      id_manager.o
    0x0001e3bc   0x0001e3bc   0x00000020   Code   RO         1346    i.im_peer_id_get_by_conn_handle  id_manager.o
    0x0001e3dc   0x0001e3dc   0x00000044   Code   RO         1347    i.im_peer_id_get_by_master_id  id_manager.o
    0x0001e420   0x0001e420   0x00000040   Code   RO           16    i.in_pin_handler    main.o
    0x0001e460   0x0001e460   0x000000c0   Code   RO         3693    i.init_execute      fds.o
    0x0001e520   0x0001e520   0x00000080   Code   RO         4379    i.intern_softdevice_events_execute  softdevice_handler.o
    0x0001e5a0   0x0001e5a0   0x0000001c   Code   RO          900    i.is_conn_params_ok  ble_conn_params.o
    0x0001e5bc   0x0001e5bc   0x00000048   Code   RO         4519    i.is_manual_peripheral_setup_needed  system_nrf51.o
    0x0001e604   0x0001e604   0x00000016   Code   RO         1352    i.is_valid_irk      id_manager.o
    0x0001e61a   0x0001e61a   0x0000000c   Code   RO         3694    i.is_word_aligned   fds.o
    0x0001e626   0x0001e626   0x00000002   PAD
    0x0001e628   0x0001e628   0x0000009c   Code   RO         2458    i.link_secure       security_manager.o
    0x0001e6c4   0x0001e6c4   0x00000088   Code   RO         2347    i.link_secure_central  security_dispatcher.o
    0x0001e74c   0x0001e74c   0x000000c6   Code   RO         2348    i.link_secure_central_existing_peer  security_dispatcher.o
    0x0001e812   0x0001e812   0x00000002   PAD
    0x0001e814   0x0001e814   0x00000074   Code   RO         2349    i.link_secure_central_new_peer  security_dispatcher.o
    0x0001e888   0x0001e888   0x00000050   Code   RO         2350    i.link_secure_failure  security_dispatcher.o
    0x0001e8d8   0x0001e8d8   0x0000005c   Code   RO         2459    i.link_secure_pending_process  security_manager.o
    0x0001e934   0x0001e934   0x000000ac   Code   RO         3457    i.list_deletions_handler  app_timer.o
    0x0001e9e0   0x0001e9e0   0x000000bc   Code   RO         3458    i.list_insertions_handler  app_timer.o
    0x0001ea9c   0x0001ea9c   0x00000078   Code   RO         1153    i.local_db_apply_in_evt  gatt_cache_manager.o
    0x0001eb14   0x0001eb14   0x00000078   Code   RO         1154    i.local_db_update_in_evt  gatt_cache_manager.o
    0x0001eb8c   0x0001eb8c   0x00000032   Code   RO         2294    i.lock_by_mask      pm_mutex.o
    0x0001ebbe   0x0001ebbe   0x00000002   PAD
    0x0001ebc0   0x0001ebc0   0x00000120   Code   RO           17    i.main              main.o
    0x0001ece0   0x0001ece0   0x00000068   Code   RO          739    i.manuf_specific_data_encode  ble_advdata.o
    0x0001ed48   0x0001ed48   0x0000009e   Code   RO          740    i.name_encode       ble_advdata.o
    0x0001ede6   0x0001ede6   0x00000002   PAD
    0x0001ede8   0x0001ede8   0x0000005c   Code   RO         1353    i.new_connection    id_manager.o
    0x0001ee44   0x0001ee44   0x00000034   Code   RO         1908    i.next_id_get       peer_id.o
    0x0001ee78   0x0001ee78   0x00000010   Code   RO         2940    i.nrf_bitmask_bit_is_set  nrf_drv_gpiote.o
    0x0001ee88   0x0001ee88   0x00000004   Code   RO         1523    i.nrf_ble_gatt_init  nrf_ble_gatt.o
    0x0001ee8c   0x0001ee8c   0x00000002   Code   RO         1524    i.nrf_ble_gatt_on_ble_evt  nrf_ble_gatt.o
    0x0001ee8e   0x0001ee8e   0x00000010   Code   RO         2738    i.nrf_clock_event_check  nrf_drv_clock.o
    0x0001ee9e   0x0001ee9e   0x00000002   PAD
    0x0001eea0   0x0001eea0   0x00000030   Code   RO         3459    i.nrf_delay_us      app_timer.o
    0x0001eed0   0x0001eed0   0x00000048   Code   RO         2745    i.nrf_drv_clock_init  nrf_drv_clock.o
    0x0001ef18   0x0001ef18   0x00000034   Code   RO         2752    i.nrf_drv_clock_on_sd_enable  nrf_drv_clock.o
    0x0001ef4c   0x0001ef4c   0x0000000c   Code   RO         2753    i.nrf_drv_clock_on_soc_event  nrf_drv_clock.o
    0x0001ef58   0x0001ef58   0x00000060   Code   RO         2895    i.nrf_drv_common_irq_enable  nrf_drv_common.o
    0x0001efb8   0x0001efb8   0x00000098   Code   RO         2943    i.nrf_drv_gpiote_in_event_enable  nrf_drv_gpiote.o
    0x0001f050   0x0001f050   0x000000a8   Code   RO         2944    i.nrf_drv_gpiote_in_init  nrf_drv_gpiote.o
    0x0001f0f8   0x0001f0f8   0x0000005c   Code   RO         2947    i.nrf_drv_gpiote_init  nrf_drv_gpiote.o
    0x0001f154   0x0001f154   0x00000010   Code   RO         2948    i.nrf_drv_gpiote_is_init  nrf_drv_gpiote.o
    0x0001f164   0x0001f164   0x00000028   Code   RO         2960    i.nrf_gpio_cfg      nrf_drv_gpiote.o
    0x0001f18c   0x0001f18c   0x00000014   Code   RO           18    i.nrf_gpio_cfg_output  main.o
    0x0001f1a0   0x0001f1a0   0x00000022   Code   RO          557    i.nrf_gpio_cfg_sense_set  bsp.o
    0x0001f1c2   0x0001f1c2   0x00000022   Code   RO         2962    i.nrf_gpio_cfg_sense_set  nrf_drv_gpiote.o
    0x0001f1e4   0x0001f1e4   0x00000018   Code   RO          446    i.nrf_gpio_pin_write  boards.o
    0x0001f1fc   0x0001f1fc   0x00000028   Code   RO         2963    i.nrf_gpio_ports_read  nrf_drv_gpiote.o
    0x0001f224   0x0001f224   0x00000010   Code   RO         2964    i.nrf_gpiote_event_clear  nrf_drv_gpiote.o
    0x0001f234   0x0001f234   0x00000014   Code   RO         2965    i.nrf_gpiote_event_is_set  nrf_drv_gpiote.o
    0x0001f248   0x0001f248   0x0000000a   Code   RO         3169    i.nrf_uart_event_check  nrf_drv_uart.o
    0x0001f252   0x0001f252   0x00000010   Code   RO         3170    i.nrf_uart_int_enable_check  nrf_drv_uart.o
    0x0001f262   0x0001f262   0x00000020   Code   RO           19    i.on_adv_evt        main.o
    0x0001f282   0x0001f282   0x00000002   PAD
    0x0001f284   0x0001f284   0x000000a0   Code   RO           20    i.on_ble_evt        main.o
    0x0001f324   0x0001f324   0x00000020   Code   RO           21    i.on_conn_params_evt  main.o
    0x0001f344   0x0001f344   0x00000054   Code   RO         3971    i.on_operation_success  fstorage.o
    0x0001f398   0x0001f398   0x00000078   Code   RO         3695    i.op_enqueue        fds.o
    0x0001f410   0x0001f410   0x00000012   Code   RO         3696    i.page_offsets_update  fds.o
    0x0001f422   0x0001f422   0x00000002   PAD
    0x0001f424   0x0001f424   0x00000058   Code   RO         3697    i.page_scan         fds.o
    0x0001f47c   0x0001f47c   0x0000001c   Code   RO         3698    i.page_tag_write_data  fds.o
    0x0001f498   0x0001f498   0x00000024   Code   RO         3699    i.page_tag_write_swap  fds.o
    0x0001f4bc   0x0001f4bc   0x000000f0   Code   RO         3700    i.pages_init        fds.o
    0x0001f5ac   0x0001f5ac   0x0000006c   Code   RO         2351    i.pairing_failure   security_dispatcher.o
    0x0001f618   0x0001f618   0x0000003c   Code   RO         2460    i.params_reply_pending_process  security_manager.o
    0x0001f654   0x0001f654   0x0000001c   Code   RO         1748    i.pdb_evt_send      peer_database.o
    0x0001f670   0x0001f670   0x0000004c   Code   RO         1749    i.pdb_init          peer_database.o
    0x0001f6bc   0x0001f6bc   0x00000008   Code   RO         1751    i.pdb_next_deleted_peer_id_get  peer_database.o
    0x0001f6c4   0x0001f6c4   0x00000008   Code   RO         1752    i.pdb_next_peer_id_get  peer_database.o
    0x0001f6cc   0x0001f6cc   0x00000134   Code   RO         1753    i.pdb_pds_evt_handler  peer_database.o
    0x0001f800   0x0001f800   0x00000008   Code   RO         1754    i.pdb_peer_allocate  peer_database.o
    0x0001f808   0x0001f808   0x0000000a   Code   RO         1756    i.pdb_peer_data_ptr_get  peer_database.o
    0x0001f812   0x0001f812   0x0000004a   Code   RO         1757    i.pdb_peer_free     peer_database.o
    0x0001f85c   0x0001f85c   0x0000000c   Code   RO         1758    i.pdb_raw_store     peer_database.o
    0x0001f868   0x0001f868   0x00000108   Code   RO         1759    i.pdb_write_buf_get  peer_database.o
    0x0001f970   0x0001f970   0x0000002a   Code   RO         1760    i.pdb_write_buf_release  peer_database.o
    0x0001f99a   0x0001f99a   0x00000002   PAD
    0x0001f99c   0x0001f99c   0x000000c8   Code   RO         1761    i.pdb_write_buf_store  peer_database.o
    0x0001fa64   0x0001fa64   0x00000068   Code   RO         1762    i.pdb_write_buf_store_prepare  peer_database.o
    0x0001facc   0x0001facc   0x0000000c   Code   RO         1596    i.pds_evt_send      peer_data_storage.o
    0x0001fad8   0x0001fad8   0x00000070   Code   RO         1597    i.pds_init          peer_data_storage.o
    0x0001fb48   0x0001fb48   0x00000008   Code   RO         1598    i.pds_next_deleted_peer_id_get  peer_data_storage.o
    0x0001fb50   0x0001fb50   0x00000008   Code   RO         1599    i.pds_next_peer_id_get  peer_data_storage.o
    0x0001fb58   0x0001fb58   0x00000054   Code   RO         1602    i.pds_peer_data_iterate  peer_data_storage.o
    0x0001fbac   0x0001fbac   0x00000010   Code   RO         1603    i.pds_peer_data_iterate_prepare  peer_data_storage.o
    0x0001fbbc   0x0001fbbc   0x00000070   Code   RO         1604    i.pds_peer_data_read  peer_data_storage.o
    0x0001fc2c   0x0001fc2c   0x000000ae   Code   RO         1605    i.pds_peer_data_store  peer_data_storage.o
    0x0001fcda   0x0001fcda   0x00000002   PAD
    0x0001fcdc   0x0001fcdc   0x00000010   Code   RO         1606    i.pds_peer_id_allocate  peer_data_storage.o
    0x0001fcec   0x0001fcec   0x00000016   Code   RO         1607    i.pds_peer_id_free  peer_data_storage.o
    0x0001fd02   0x0001fd02   0x00000008   Code   RO         1608    i.pds_peer_id_is_allocated  peer_data_storage.o
    0x0001fd0a   0x0001fd0a   0x00000030   Code   RO         1609    i.pds_space_reserve  peer_data_storage.o
    0x0001fd3a   0x0001fd3a   0x00000010   Code   RO         1610    i.pds_space_reserve_cancel  peer_data_storage.o
    0x0001fd4a   0x0001fd4a   0x0000000a   Code   RO         1763    i.peer_data_const_point_to_buffer  peer_database.o
    0x0001fd54   0x0001fd54   0x00000080   Code   RO         1611    i.peer_data_delete  peer_data_storage.o
    0x0001fdd4   0x0001fdd4   0x00000030   Code   RO         1612    i.peer_data_find    peer_data_storage.o
    0x0001fe04   0x0001fe04   0x00000020   Code   RO         1613    i.peer_data_id_is_valid  peer_data_storage.o
    0x0001fe24   0x0001fe24   0x00000014   Code   RO         1764    i.peer_data_point_to_buffer  peer_database.o
    0x0001fe38   0x0001fe38   0x00000010   Code   RO         1909    i.peer_id_allocate  peer_id.o
    0x0001fe48   0x0001fe48   0x00000028   Code   RO         1910    i.peer_id_delete    peer_id.o
    0x0001fe70   0x0001fe70   0x0000001c   Code   RO         1911    i.peer_id_free      peer_id.o
    0x0001fe8c   0x0001fe8c   0x00000010   Code   RO         1912    i.peer_id_get_next_deleted  peer_id.o
    0x0001fe9c   0x0001fe9c   0x00000034   Code   RO         1913    i.peer_id_get_next_used  peer_id.o
    0x0001fed0   0x0001fed0   0x00000028   Code   RO         1914    i.peer_id_init      peer_id.o
    0x0001fef8   0x0001fef8   0x00000018   Code   RO         1915    i.peer_id_is_allocated  peer_id.o
    0x0001ff10   0x0001ff10   0x00000018   Code   RO         1916    i.peer_id_is_deleted  peer_id.o
    0x0001ff28   0x0001ff28   0x0000001c   Code   RO         1354    i.peer_id_set       id_manager.o
    0x0001ff44   0x0001ff44   0x0000000a   Code   RO         1614    i.peer_id_to_file_id  peer_data_storage.o
    0x0001ff4e   0x0001ff4e   0x00000002   PAD
    0x0001ff50   0x0001ff50   0x00000088   Code   RO           22    i.peer_manager_init  main.o
    0x0001ffd8   0x0001ffd8   0x00000018   Code   RO         2966    i.pin_in_use_by_port  nrf_drv_gpiote.o
    0x0001fff0   0x0001fff0   0x00000018   Code   RO         2967    i.pin_in_use_by_te  nrf_drv_gpiote.o
    0x00020008   0x00020008   0x0000005e   Code   RO         2256    i.pm_buffer_block_acquire  pm_buffer.o
    0x00020066   0x00020066   0x00000042   Code   RO         2257    i.pm_buffer_init    pm_buffer.o
    0x000200a8   0x000200a8   0x0000002e   Code   RO         2258    i.pm_buffer_ptr_get  pm_buffer.o
    0x000200d6   0x000200d6   0x0000002a   Code   RO         2259    i.pm_buffer_release  pm_buffer.o
    0x00020100   0x00020100   0x00000008   Code   RO         1995    i.pm_conn_sec_config_reply  peer_manager.o
    0x00020108   0x00020108   0x00000054   Code   RO           23    i.pm_evt_handler    main.o
    0x0002015c   0x0002015c   0x00000080   Code   RO         1999    i.pm_gcm_evt_handler  peer_manager.o
    0x000201dc   0x000201dc   0x00000050   Code   RO         2002    i.pm_im_evt_handler  peer_manager.o
    0x0002022c   0x0002022c   0x00000070   Code   RO         2003    i.pm_init           peer_manager.o
    0x0002029c   0x0002029c   0x00000014   Code   RO         2005    i.pm_local_database_has_changed  peer_manager.o
    0x000202b0   0x000202b0   0x00000010   Code   RO         2295    i.pm_mutex_init     pm_mutex.o
    0x000202c0   0x000202c0   0x0000001c   Code   RO         2296    i.pm_mutex_lock     pm_mutex.o
    0x000202dc   0x000202dc   0x00000034   Code   RO         2297    i.pm_mutex_lock_first_available  pm_mutex.o
    0x00020310   0x00020310   0x00000018   Code   RO         2298    i.pm_mutex_lock_status_get  pm_mutex.o
    0x00020328   0x00020328   0x00000036   Code   RO         2299    i.pm_mutex_unlock   pm_mutex.o
    0x0002035e   0x0002035e   0x00000002   PAD
    0x00020360   0x00020360   0x00000024   Code   RO         2007    i.pm_on_ble_evt     peer_manager.o
    0x00020384   0x00020384   0x0000013c   Code   RO         2008    i.pm_pdb_evt_handler  peer_manager.o
    0x000204c0   0x000204c0   0x00000018   Code   RO         2019    i.pm_peer_delete    peer_manager.o
    0x000204d8   0x000204d8   0x0000003c   Code   RO         2024    i.pm_peers_delete   peer_manager.o
    0x00020514   0x00020514   0x00000030   Code   RO         2027    i.pm_register       peer_manager.o
    0x00020544   0x00020544   0x00000018   Code   RO         2029    i.pm_sec_params_set  peer_manager.o
    0x0002055c   0x0002055c   0x0000014c   Code   RO         2030    i.pm_sm_evt_handler  peer_manager.o
    0x000206a8   0x000206a8   0x00000036   Code   RO         2615    i.pnp_id_encode     ble_dis.o
    0x000206de   0x000206de   0x00000002   PAD
    0x000206e0   0x000206e0   0x0000002c   Code   RO         3972    i.queue_advance     fstorage.o
    0x0002070c   0x0002070c   0x00000038   Code   RO         3973    i.queue_get_next_free  fstorage.o
    0x00020744   0x00020744   0x000000b8   Code   RO         3701    i.queue_process     fds.o
    0x000207fc   0x000207fc   0x0000006c   Code   RO         3974    i.queue_process     fstorage.o
    0x00020868   0x00020868   0x0000001c   Code   RO         3702    i.queue_start       fds.o
    0x00020884   0x00020884   0x0000001c   Code   RO         3975    i.queue_start       fstorage.o
    0x000208a0   0x000208a0   0x00000084   Code   RO         3703    i.record_find       fds.o
    0x00020924   0x00020924   0x000000a0   Code   RO         3704    i.record_find_by_desc  fds.o
    0x000209c4   0x000209c4   0x00000054   Code   RO         3705    i.record_find_next  fds.o
    0x00020a18   0x00020a18   0x00000038   Code   RO         3706    i.record_header_flag_dirty  fds.o
    0x00020a50   0x00020a50   0x0000000a   Code   RO         1615    i.record_key_to_peer_data_id  peer_data_storage.o
    0x00020a5a   0x00020a5a   0x00000002   PAD
    0x00020a5c   0x00020a5c   0x00000018   Code   RO         1616    i.record_key_within_pm_range  peer_data_storage.o
    0x00020a74   0x00020a74   0x0000005c   Code   RO         3707    i.record_write_chunk  fds.o
    0x00020ad0   0x00020ad0   0x00000012   Code   RO         1918    i.release           peer_id.o
    0x00020ae2   0x00020ae2   0x00000002   PAD
    0x00020ae4   0x00020ae4   0x0000008c   Code   RO           24    i.rr_interval_timeout_handler  main.o
    0x00020b70   0x00020b70   0x00000044   Code   RO         3460    i.rtc1_stop         app_timer.o
    0x00020bb4   0x00020bb4   0x00000026   Code   RO         3171    i.rx_byte           nrf_drv_uart.o
    0x00020bda   0x00020bda   0x00000014   Code   RO         3172    i.rx_done_event     nrf_drv_uart.o
    0x00020bee   0x00020bee   0x00000002   PAD
    0x00020bf0   0x00020bf0   0x00000084   Code   RO         4381    i.sd_nvic_EnableIRQ  softdevice_handler.o
    0x00020c74   0x00020c74   0x00000046   Code   RO         4109    i.sdk_mapped_flags_bulk_update_by_key  sdk_mapped_flags.o
    0x00020cba   0x00020cba   0x00000002   PAD
    0x00020cbc   0x00020cbc   0x00000028   Code   RO         4110    i.sdk_mapped_flags_first_key_index_get  sdk_mapped_flags.o
    0x00020ce4   0x00020ce4   0x00000010   Code   RO         4111    i.sdk_mapped_flags_get_by_index  sdk_mapped_flags.o
    0x00020cf4   0x00020cf4   0x00000026   Code   RO         4112    i.sdk_mapped_flags_get_by_key  sdk_mapped_flags.o
    0x00020d1a   0x00020d1a   0x00000046   Code   RO         4113    i.sdk_mapped_flags_key_list_get  sdk_mapped_flags.o
    0x00020d60   0x00020d60   0x0000000e   Code   RO         4115    i.sdk_mapped_flags_update_by_key  sdk_mapped_flags.o
    0x00020d6e   0x00020d6e   0x00000002   PAD
    0x00020d70   0x00020d70   0x000000b4   Code   RO         2352    i.sec_info_request_process  security_dispatcher.o
    0x00020e24   0x00020e24   0x00000076   Code   RO         2461    i.sec_params_verify  security_manager.o
    0x00020e9a   0x00020e9a   0x00000002   PAD
    0x00020e9c   0x00020e9c   0x0000004c   Code   RO         2353    i.sec_proc_start    security_dispatcher.o
    0x00020ee8   0x00020ee8   0x0000001c   Code   RO         2354    i.sec_start_send    security_dispatcher.o
    0x00020f04   0x00020f04   0x00000048   Code   RO         3976    i.send_event        fstorage.o
    0x00020f4c   0x00020f4c   0x0000001c   Code   RO           25    i.sensor_contact_detected_timeout_handler  main.o
    0x00020f68   0x00020f68   0x0000005c   Code   RO           26    i.sensor_simulator_init  main.o
    0x00020fc4   0x00020fc4   0x0000001c   Code   RO         4162    i.sensorsim_decrement  sensorsim.o
    0x00020fe0   0x00020fe0   0x0000001c   Code   RO         4163    i.sensorsim_increment  sensorsim.o
    0x00020ffc   0x00020ffc   0x00000018   Code   RO         4164    i.sensorsim_init    sensorsim.o
    0x00021014   0x00021014   0x0000001a   Code   RO         4165    i.sensorsim_measure  sensorsim.o
    0x0002102e   0x0002102e   0x00000002   PAD
    0x00021030   0x00021030   0x00000058   Code   RO         1155    i.service_changed_pending_flags_check  gatt_cache_manager.o
    0x00021088   0x00021088   0x00000044   Code   RO         1257    i.service_changed_pending_set  gatts_cache_manager.o
    0x000210cc   0x000210cc   0x00000098   Code   RO         1156    i.service_changed_send_in_evt  gatt_cache_manager.o
    0x00021164   0x00021164   0x0000008e   Code   RO          741    i.service_data_encode  ble_advdata.o
    0x000211f2   0x000211f2   0x00000002   PAD
    0x000211f4   0x000211f4   0x000000f0   Code   RO           27    i.services_init     main.o
    0x000212e4   0x000212e4   0x00000058   Code   RO          819    i.set_adv_mode_fast  ble_advertising.o
    0x0002133c   0x0002133c   0x00000054   Code   RO          820    i.set_adv_mode_slow  ble_advertising.o
    0x00021390   0x00021390   0x00000028   Code   RO           28    i.sleep_mode_enter  main.o
    0x000213b8   0x000213b8   0x00000014   Code   RO         2462    i.sm_ble_evt_handler  security_manager.o
    0x000213cc   0x000213cc   0x0000001c   Code   RO         2463    i.sm_conn_sec_config_reply  security_manager.o
    0x000213e8   0x000213e8   0x00000050   Code   RO         2464    i.sm_init           security_manager.o
    0x00021438   0x00021438   0x00000034   Code   RO         2467    i.sm_pdb_evt_handler  security_manager.o
    0x0002146c   0x0002146c   0x00000030   Code   RO         2469    i.sm_sec_params_set  security_manager.o
    0x0002149c   0x0002149c   0x0000007c   Code   RO         2470    i.sm_smd_evt_handler  security_manager.o
    0x00021518   0x00021518   0x000000e4   Code   RO         2355    i.smd_ble_evt_handler  security_dispatcher.o
    0x000215fc   0x000215fc   0x0000003c   Code   RO         2356    i.smd_init          security_dispatcher.o
    0x00021638   0x00021638   0x00000030   Code   RO         2357    i.smd_link_secure   security_dispatcher.o
    0x00021668   0x00021668   0x00000110   Code   RO         2358    i.smd_params_reply  security_dispatcher.o
    0x00021778   0x00021778   0x00000088   Code   RO         2471    i.smd_params_reply_perform  security_manager.o
    0x00021800   0x00021800   0x00000034   Code   RO         2359    i.smd_pdb_evt_handler  security_dispatcher.o
    0x00021834   0x00021834   0x00000014   Code   RO         4382    i.softdevice_ble_evt_handler_set  softdevice_handler.o
    0x00021848   0x00021848   0x00000014   Code   RO         4383    i.softdevice_enable  softdevice_handler.o
    0x0002185c   0x0002185c   0x00000028   Code   RO         4384    i.softdevice_enable_get_default_config  softdevice_handler.o
    0x00021884   0x00021884   0x00000008   Code   RO         4385    i.softdevice_fault_handler  softdevice_handler.o
    0x0002188c   0x0002188c   0x00000058   Code   RO         4386    i.softdevice_handler_init  softdevice_handler.o
    0x000218e4   0x000218e4   0x0000000c   Code   RO         4387    i.softdevice_handler_is_enabled  softdevice_handler.o
    0x000218f0   0x000218f0   0x00000014   Code   RO         4392    i.softdevice_sys_evt_handler_set  softdevice_handler.o
    0x00021904   0x00021904   0x00000010   Code   RO           29    i.sys_evt_dispatch  main.o
    0x00021914   0x00021914   0x0000004e   Code   RO         2616    i.sys_id_encode     ble_dis.o
    0x00021962   0x00021962   0x00000002   PAD
    0x00021964   0x00021964   0x00000084   Code   RO         3461    i.timer_list_handler  app_timer.o
    0x000219e8   0x000219e8   0x00000010   Code   RO         3462    i.timer_list_handler_sched  app_timer.o
    0x000219f8   0x000219f8   0x00000040   Code   RO         3463    i.timer_list_insert  app_timer.o
    0x00021a38   0x00021a38   0x00000048   Code   RO         3464    i.timer_stop_op_schedule  app_timer.o
    0x00021a80   0x00021a80   0x00000080   Code   RO         3465    i.timer_timeouts_check  app_timer.o
    0x00021b00   0x00021b00   0x00000080   Code   RO           30    i.timers_init       main.o
    0x00021b80   0x00021b80   0x0000001e   Code   RO         3174    i.tx_byte           nrf_drv_uart.o
    0x00021b9e   0x00021b9e   0x00000018   Code   RO         3175    i.tx_done_event     nrf_drv_uart.o
    0x00021bb6   0x00021bb6   0x00000128   Code   RO         3176    i.uart_irq_handler  nrf_drv_uart.o
    0x00021cde   0x00021cde   0x0000000a   Code   RO          742    i.uint16_encode     ble_advdata.o
    0x00021ce8   0x00021ce8   0x00000064   Code   RO          901    i.update_timeout_handler  ble_conn_params.o
    0x00021d4c   0x00021d4c   0x00000018   Code   RO          978    i.user_flag_is_acquired  ble_conn_state.o
    0x00021d64   0x00021d64   0x0000002c   Code   RO         3466    i.user_op_alloc     app_timer.o
    0x00021d90   0x00021d90   0x00000030   Code   RO          743    i.uuid_list_encode  ble_advdata.o
    0x00021dc0   0x00021dc0   0x000000ae   Code   RO          744    i.uuid_list_sized_encode  ble_advdata.o
    0x00021e6e   0x00021e6e   0x00000002   PAD
    0x00021e70   0x00021e70   0x00000018   Code   RO          821    i.whitelist_has_entries  ble_advertising.o
    0x00021e88   0x00021e88   0x00000024   Code   RO         1765    i.write_buf_length_words_set  peer_database.o
    0x00021eac   0x00021eac   0x00000024   Code   RO         1766    i.write_buffer_record_find  peer_database.o
    0x00021ed0   0x00021ed0   0x00000028   Code   RO         1767    i.write_buffer_record_find_next  peer_database.o
    0x00021ef8   0x00021ef8   0x00000022   Code   RO         1768    i.write_buffer_record_invalidate  peer_database.o
    0x00021f1a   0x00021f1a   0x00000002   PAD
    0x00021f1c   0x00021f1c   0x00000028   Code   RO         1769    i.write_buffer_record_release  peer_database.o
    0x00021f44   0x00021f44   0x00000118   Code   RO         3708    i.write_enqueue     fds.o
    0x0002205c   0x0002205c   0x000000f4   Code   RO         3709    i.write_execute     fds.o
    0x00022150   0x00022150   0x00000014   Code   RO         3710    i.write_space_free  fds.o
    0x00022164   0x00022164   0x0000004c   Code   RO         3711    i.write_space_reserve  fds.o
    0x000221b0   0x000221b0   0x00000018   Data   RO           36    .constdata          main.o
    0x000221c8   0x000221c8   0x00000008   Data   RO          447    .constdata          boards.o
    0x000221d0   0x000221d0   0x0000002c   Data   RO          562    .constdata          bsp.o
    0x000221fc   0x000221fc   0x00000004   Data   RO          904    .constdata          ble_conn_params.o
    0x00022200   0x00022200   0x00000004   Data   RO         1258    .constdata          gatts_cache_manager.o
    0x00022204   0x00022204   0x00000010   Data   RO         1259    .constdata          gatts_cache_manager.o
    0x00022214   0x00022214   0x00000004   Data   RO         1260    .constdata          gatts_cache_manager.o
    0x00022218   0x00022218   0x00000008   Data   RO         1357    .constdata          id_manager.o
    0x00022220   0x00022220   0x00000004   Data   RO         1617    .constdata          peer_data_storage.o
    0x00022224   0x00022224   0x00000014   Data   RO         1771    .constdata          peer_database.o
    0x00022238   0x00022238   0x00000044   Data   RO         2361    .constdata          security_dispatcher.o
    0x0002227c   0x0002227c   0x00000004   Data   RO         2472    .constdata          security_manager.o
    0x00022280   0x00022280   0x00000004   Data   RO         2969    .constdata          nrf_drv_gpiote.o
    0x00022284   0x00022284   0x00000014   Data   RO         3713    .constdata          fds.o
    0x00022298   0x00022298   0x00000020   Data   RO         4589    Region$$Table       anon$$obj.o


    Execution Region RW_IRAM1 (Exec base: 0x200033b0, Load base: 0x000222b8, Size: 0x000014c8, Max: 0x00004c50, ABSOLUTE, COMPRESSED[0x00000038])

    Exec Addr    Load Addr    Size         Type   Attr      Idx    E Section Name        Object

    0x200033b0   COMPRESSED   0x0000002c   Data   RW           37    .data               main.o
    0x200033dc   COMPRESSED   0x00000014   Data   RW          563    .data               bsp.o
    0x200033f0   COMPRESSED   0x00000008   Data   RW          659    .data               bsp_btn_ble.o
    0x200033f8   COMPRESSED   0x00000030   Data   RW          825    .data               ble_advertising.o
    0x20003428   COMPRESSED   0x00000014   Data   RW          905    .data               ble_conn_params.o
    0x2000343c   COMPRESSED   0x0000000c   Data   RW         1157    .data               gatt_cache_manager.o
    0x20003448   COMPRESSED   0x0000000c   Data   RW         1261    .data               gatts_cache_manager.o
    0x20003454   COMPRESSED   0x0000000a   Data   RW         1358    .data               id_manager.o
    0x2000345e   COMPRESSED   0x00000002   PAD
    0x20003460   COMPRESSED   0x0000000c   Data   RW         1618    .data               peer_data_storage.o
    0x2000346c   COMPRESSED   0x00000008   Data   RW         1772    .data               peer_database.o
    0x20003474   COMPRESSED   0x00000010   Data   RW         2035    .data               peer_manager.o
    0x20003484   COMPRESSED   0x00000004   Data   RW         2362    .data               security_dispatcher.o
    0x20003488   COMPRESSED   0x00000015   Data   RW         2473    .data               security_manager.o
    0x2000349d   COMPRESSED   0x00000001   PAD
    0x2000349e   COMPRESSED   0x0000004a   Data   RW         2617    .data               ble_dis.o
    0x200034e8   COMPRESSED   0x00000020   Data   RW         3467    .data               app_timer.o
    0x20003508   COMPRESSED   0x0000000c   Data   RW         3594    .data               app_util_platform.o
    0x20003514   COMPRESSED   0x00000018   Data   RW         3714    .data               fds.o
    0x2000352c   COMPRESSED   0x00000002   Data   RW         3978    .data               fstorage.o
    0x2000352e   COMPRESSED   0x00000002   PAD
    0x20003530   COMPRESSED   0x00000014   Data   RW         4393    .data               softdevice_handler.o
    0x20003544   COMPRESSED   0x00000004   Data   RW         4520    .data               system_nrf51.o
    0x20003548   COMPRESSED   0x00000010   Data   RW         3715    fs_data             fds.o
    0x20003558        -       0x00000020   Zero   RW           31    .bss                main.o
    0x20003578        -       0x00000020   Zero   RW           32    .bss                main.o
    0x20003598        -       0x00000020   Zero   RW           33    .bss                main.o
    0x200035b8        -       0x00000020   Zero   RW           34    .bss                main.o
    0x200035d8        -       0x000001f0   Zero   RW           35    .bss                main.o
    0x200037c8        -       0x00000020   Zero   RW          558    .bss                bsp.o
    0x200037e8        -       0x00000020   Zero   RW          559    .bss                bsp.o
    0x20003808        -       0x0000000c   Zero   RW          560    .bss                bsp.o
    0x20003814        -       0x00000020   Zero   RW          561    .bss                bsp.o
    0x20003834        -       0x0000016b   Zero   RW          822    .bss                ble_advertising.o
    0x2000399f   COMPRESSED   0x00000001   PAD
    0x200039a0        -       0x00000020   Zero   RW          823    .bss                ble_advertising.o
    0x200039c0        -       0x00000020   Zero   RW          824    .bss                ble_advertising.o
    0x200039e0        -       0x00000020   Zero   RW          902    .bss                ble_conn_params.o
    0x20003a00        -       0x0000001c   Zero   RW          903    .bss                ble_conn_params.o
    0x20003a1c        -       0x00000034   Zero   RW          979    .bss                ble_conn_state.o
    0x20003a50        -       0x00000070   Zero   RW         1356    .bss                id_manager.o
    0x20003ac0        -       0x00000330   Zero   RW         1770    .bss                peer_database.o
    0x20003df0        -       0x00000040   Zero   RW         1919    .bss                peer_id.o
    0x20003e30        -       0x0000000c   Zero   RW         2033    .bss                peer_manager.o
    0x20003e3c        -       0x00000040   Zero   RW         2360    .bss                security_dispatcher.o
    0x20003e7c        -       0x00000014   Zero   RW         2755    .bss                nrf_drv_clock.o
    0x20003e90        -       0x00000048   Zero   RW         2968    .bss                nrf_drv_gpiote.o
    0x20003ed8        -       0x0000001c   Zero   RW         3177    .bss                nrf_drv_uart.o
    0x20003ef4        -       0x0000011c   Zero   RW         3712    .bss                fds.o
    0x20004010        -       0x00000068   Zero   RW         3977    .bss                fstorage.o
    0x20004078        -       0x00000800   Zero   RW         4508    STACK               arm_startup_nrf51.o


==============================================================================

Image component sizes


      Code (inc. data)   RO Data    RW Data    ZI Data      Debug   Object Name

        24          4          0          0          0       2201   app_error.o
        28         10          0          0          0       7094   app_error_weak.o
      1608        158          0         32          0      43107   app_timer.o
       104         20          0         12          0       6386   app_util_platform.o
        56         18        192          0       2048        708   arm_startup_nrf51.o
      1368          6          0          0          0      30616   ble_advdata.o
      1048         68          0         48        427       9917   ble_advertising.o
       596         20          0          0          0       4847   ble_bas.o
       460         60          4         20         60       5512   ble_conn_params.o
       532         52          0          0         52       9465   ble_conn_state.o
       604         16          0         74          0       5487   ble_dis.o
       786         20          0          0          0       9487   ble_hrs.o
        44          0          0          0          0       2822   ble_srv_common.o
       212         46          8          0          0      10125   boards.o
       682         60         44         20        108      10872   bsp.o
       214          6          0          8          0       3954   bsp_btn_ble.o
      3622        378         20         40        284      44730   fds.o
       980         82          0          2        104      12579   fstorage.o
      1044         80          0         12          0      15652   gatt_cache_manager.o
       536         66         24         12          0       9115   gatts_cache_manager.o
      1174         92          8         10        112      20077   id_manager.o
      2126        260         24         44        624     149125   main.o
         6          0          0          0          0       1950   nrf_ble_gatt.o
       276         38          0          0         20      11872   nrf_drv_clock.o
        96         18          0          0          0       7312   nrf_drv_common.o
      1134         96          4          0         72      27109   nrf_drv_gpiote.o
       454          8          0          0         28      16037   nrf_drv_uart.o
      1206         64          4         12          0      18408   peer_data_storage.o
      1358         72         20          8        816      23187   peer_database.o
       370         60          0          0         64       8747   peer_id.o
      1228        112          0         16         12      13004   peer_manager.o
       248          0          0          0          0       4291   pm_buffer.o
       224          0          0          0          0       5157   pm_mutex.o
       248          6          0          0          0       6084   sdk_mapped_flags.o
      1836        104         68          4         64      20100   security_dispatcher.o
      1086         82          4         21          0      16316   security_manager.o
       106          0          0          0          0       3215   sensorsim.o
       528         70          0         20          0      22076   softdevice_handler.o
       232         36          0          4          0       2343   system_nrf51.o

    ----------------------------------------------------------------------
     28554       2288        456        424       4896     621086   Object Totals
         0          0         32          0          0          0   (incl. Generated)
        70          0          0          5          1          0   (incl. Padding)

    ----------------------------------------------------------------------

      Code (inc. data)   RO Data    RW Data    ZI Data      Debug   Library Member Name

        86          0          0          0          0          0   __dczerorl2.o
         0          0          0          0          0          0   entry.o
         0          0          0          0          0          0   entry10a.o
         0          0          0          0          0          0   entry11a.o
         8          4          0          0          0          0   entry2.o
         4          0          0          0          0          0   entry5.o
         0          0          0          0          0          0   entry7b.o
         0          0          0          0          0          0   entry8b.o
         8          4          0          0          0          0   entry9a.o
        30          0          0          0          0          0   handlers.o
        36          8          0          0          0         68   init.o
        26          0          0          0          0         72   memcmp.o
        64          0          0          0          0         68   memmovea.o
        36          0          0          0          0        100   memseta.o
        14          0          0          0          0         60   strlen.o
        44          0          0          0          0         72   uidiv.o

    ----------------------------------------------------------------------
       358         16          0          0          0        440   Library Totals
         2          0          0          0          0          0   (incl. Padding)

    ----------------------------------------------------------------------

      Code (inc. data)   RO Data    RW Data    ZI Data      Debug   Library Name

       356         16          0          0          0        440   mc_p.l

    ----------------------------------------------------------------------
       358         16          0          0          0        440   Library Totals

    ----------------------------------------------------------------------

==============================================================================


      Code (inc. data)   RO Data    RW Data    ZI Data      Debug   

     28912       2304        456        424       4896     604766   Grand Totals
     28912       2304        456         56       4896     604766   ELF Image Totals (compressed)
     28912       2304        456         56          0          0   ROM Totals

==============================================================================

    Total RO  Size (Code + RO Data)                29368 (  28.68kB)
    Total RW  Size (RW Data + ZI Data)              5320 (   5.20kB)
    Total ROM Size (Code + RO Data + RW Data)      29424 (  28.73kB)

==============================================================================

