<html>
<body>
<pre>
<h1>µVision Build Log</h1>
<h2>Tool Versions:</h2>
IDE-Version: µVision V5.24.2.0
Copyright (C) 2017 ARM Ltd and ARM Germany GmbH. All rights reserved.
License Information: afs dsf, sdxc, LIC=----
 
Tool Versions:
Toolchain:       MDK-Lite  Version: 5.24.1
Toolchain Path:  C:\Keil_v5\ARM\ARMCC\Bin
C Compiler:      Armcc.exe V5.06 update 5 (build 528)
Assembler:       Armasm.exe V5.06 update 5 (build 528)
Linker/Locator:  ArmLink.exe V5.06 update 5 (build 528)
Library Manager: ArmAr.exe V5.06 update 5 (build 528)
Hex Converter:   FromElf.exe V5.06 update 5 (build 528)
CPU DLL:         SARMCM3.DLL V5.24.1
Dialog DLL:      DARMCM1.DLL V1.18.0.0
Target DLL:      Segger\JL2CM3.dll V2.99.26.0
Dialog DLL:      TARMCM1.DLL V1.13.0.0
 
<h2>Project:</h2>
C:\MinGW\msys\1.0\home\Pablo\nRF5_SDK_12.3.0_d7731ad\examples\ble_peripheral\ble_app_hrs\pca10028\s130\arm5_no_packs\ble_app_hrs_pca10028_s130.uvprojx
Project File Date:  11/23/2017

<h2>Output:</h2>
*** Using Compiler 'V5.06 update 5 (build 528)', folder: 'C:\Keil_v5\ARM\ARMCC\Bin'
Rebuild target 'nrf51422_xxac'
compiling boards.c...
compiling bsp_nfc.c...
compiling bsp_btn_ble.c...
compiling bsp.c...
compiling ble_advdata.c...
compiling ble_advertising.c...
compiling main.c...
..\..\..\main.c(1042): warning:  #111-D: statement is unreachable
      err_code = NRF_LOG_INIT(NULL);
..\..\..\main.c: 1 warning, 0 errors
compiling ble_conn_params.c...
compiling ble_conn_state.c...
compiling ble_srv_common.c...
compiling gatts_cache_manager.c...
compiling id_manager.c...
compiling gatt_cache_manager.c...
compiling nrf_ble_gatt.c...
compiling peer_data.c...
compiling pm_buffer.c...
compiling peer_id.c...
compiling peer_data_storage.c...
compiling peer_database.c...
compiling peer_manager.c...
compiling pm_mutex.c...
compiling ble_bas.c...
compiling ble_dis.c...
compiling ble_hrs.c...
compiling security_manager.c...
compiling security_dispatcher.c...
compiling nrf_drv_common.c...
compiling nrf_drv_clock.c...
compiling app_error.c...
compiling app_error_weak.c...
compiling app_button.c...
compiling nrf_drv_gpiote.c...
compiling nrf_drv_uart.c...
compiling app_timer.c...
compiling app_util_platform.c...
compiling crc16.c...
compiling sdk_errors.c...
compiling fstorage.c...
compiling hardfault_implementation.c...
compiling sensorsim.c...
compiling nrf_assert.c...
compiling RTT_Syscalls_KEIL.c...
compiling SEGGER_RTT_printf.c...
assembling arm_startup_nrf51.s...
compiling fds.c...
compiling sdk_mapped_flags.c...
compiling nrf_log_backend_serial.c...
compiling nrf_log_frontend.c...
compiling SEGGER_RTT.c...
compiling system_nrf51.c...
compiling softdevice_handler.c...
linking...
Program Size: Code=8296 RO-data=316 RW-data=108 ZI-data=2652  
FromELF: creating hex file...
".\_build\nrf51422_xxac.axf" - 0 Error(s), 1 Warning(s).

<h2>Software Packages used:</h2>

Package Vendor: ARM
                http://www.keil.com/pack/ARM.CMSIS.4.5.0.pack
                ARM.CMSIS.4.5.0
                CMSIS (Cortex Microcontroller Software Interface Standard)
   * Component: CORE Version: 4.3.0

Package Vendor: NordicSemiconductor
                http://developer.nordicsemi.com/nRF5_SDK/pieces/nRF_DeviceFamilyPack/NordicSemiconductor.nRF_DeviceFamilyPack.8.11.1.pack
                NordicSemiconductor.nRF_DeviceFamilyPack.8.11.1
                Nordic Semiconductor nRF ARM devices Device Family Pack.
   * Component: Startup Version: 8.11.1

<h2>Collection of Component include folders:</h2>
  .\RTE\_nrf51422_xxac
  C:\Keil_v5\ARM\PACK\ARM\CMSIS\4.5.0\CMSIS\Include
  C:\Keil_v5\ARM\PACK\NordicSemiconductor\nRF_DeviceFamilyPack\8.11.1\Device\Include

<h2>Collection of Component Files used:</h2>

   * Component: NordicSemiconductor::Device:Startup:8.11.1
      Source file:   Device\Source\arm\arm_startup_nrf51.s
      Source file:   Device\Source\system_nrf51.c
      Include file:  Device\Include\system_nrf51.h

   * Component: ARM::CMSIS:CORE:4.3.0
Build Time Elapsed:  00:00:07
</pre>
</body>
</html>
