Component: ARM Compiler 5.06 update 5 (build 528) Tool: armlink [4d35e2]

==============================================================================

Section Cross References

    main.o(i.advertising_init) refers to rt_memclr.o(.text) for __aeabi_memclr4
    main.o(i.advertising_init) refers to ble_advertising.o(i.ble_advertising_init) for ble_advertising_init
    main.o(i.advertising_init) refers to app_error.o(i.app_error_handler_bare) for app_error_handler_bare
    main.o(i.advertising_init) refers to main.o(.data) for m_adv_uuids
    main.o(i.advertising_init) refers to main.o(i.on_adv_evt) for on_adv_evt
    main.o(i.advertising_start) refers to ble_advertising.o(i.ble_advertising_start) for ble_advertising_start
    main.o(i.advertising_start) refers to app_error.o(i.app_error_handler_bare) for app_error_handler_bare
    main.o(i.application_timers_start) refers to app_timer.o(i.app_timer_start) for app_timer_start
    main.o(i.application_timers_start) refers to app_error.o(i.app_error_handler_bare) for app_error_handler_bare
    main.o(i.application_timers_start) refers to main.o(.constdata) for m_battery_timer_id
    main.o(i.assert_nrf_callback) refers to app_error.o(i.app_error_handler) for app_error_handler
    main.o(i.battery_level_meas_timeout_handler) refers to main.o(i.battery_level_update) for battery_level_update
    main.o(i.battery_level_update) refers to sensorsim.o(i.sensorsim_measure) for sensorsim_measure
    main.o(i.battery_level_update) refers to ble_bas.o(i.ble_bas_battery_level_update) for ble_bas_battery_level_update
    main.o(i.battery_level_update) refers to app_error.o(i.app_error_handler_bare) for app_error_handler_bare
    main.o(i.battery_level_update) refers to main.o(.bss) for m_battery_sim_cfg
    main.o(i.battery_level_update) refers to main.o(.data) for m_battery_sim_state
    main.o(i.ble_evt_dispatch) refers to ble_conn_state.o(i.ble_conn_state_on_ble_evt) for ble_conn_state_on_ble_evt
    main.o(i.ble_evt_dispatch) refers to peer_manager.o(i.pm_on_ble_evt) for pm_on_ble_evt
    main.o(i.ble_evt_dispatch) refers to ble_hrs.o(i.ble_hrs_on_ble_evt) for ble_hrs_on_ble_evt
    main.o(i.ble_evt_dispatch) refers to ble_bas.o(i.ble_bas_on_ble_evt) for ble_bas_on_ble_evt
    main.o(i.ble_evt_dispatch) refers to ble_conn_params.o(i.ble_conn_params_on_ble_evt) for ble_conn_params_on_ble_evt
    main.o(i.ble_evt_dispatch) refers to bsp_btn_ble.o(i.bsp_btn_ble_on_ble_evt) for bsp_btn_ble_on_ble_evt
    main.o(i.ble_evt_dispatch) refers to main.o(i.on_ble_evt) for on_ble_evt
    main.o(i.ble_evt_dispatch) refers to ble_advertising.o(i.ble_advertising_on_ble_evt) for ble_advertising_on_ble_evt
    main.o(i.ble_evt_dispatch) refers to nrf_ble_gatt.o(i.nrf_ble_gatt_on_ble_evt) for nrf_ble_gatt_on_ble_evt
    main.o(i.ble_evt_dispatch) refers to main.o(.bss) for m_hrs
    main.o(i.ble_stack_init) refers to softdevice_handler.o(i.softdevice_handler_init) for softdevice_handler_init
    main.o(i.ble_stack_init) refers to app_error.o(i.app_error_handler_bare) for app_error_handler_bare
    main.o(i.ble_stack_init) refers to softdevice_handler.o(i.softdevice_enable_get_default_config) for softdevice_enable_get_default_config
    main.o(i.ble_stack_init) refers to softdevice_handler.o(i.softdevice_enable) for softdevice_enable
    main.o(i.ble_stack_init) refers to softdevice_handler.o(i.softdevice_ble_evt_handler_set) for softdevice_ble_evt_handler_set
    main.o(i.ble_stack_init) refers to softdevice_handler.o(i.softdevice_sys_evt_handler_set) for softdevice_sys_evt_handler_set
    main.o(i.ble_stack_init) refers to main.o(.constdata) for .constdata
    main.o(i.ble_stack_init) refers to main.o(.bss) for BLE_EVT_BUFFER
    main.o(i.ble_stack_init) refers to main.o(i.ble_evt_dispatch) for ble_evt_dispatch
    main.o(i.ble_stack_init) refers to main.o(i.sys_evt_dispatch) for sys_evt_dispatch
    main.o(i.bsp_event_handler) refers to main.o(i.sleep_mode_enter) for sleep_mode_enter
    main.o(i.bsp_event_handler) refers to app_error.o(i.app_error_handler_bare) for app_error_handler_bare
    main.o(i.bsp_event_handler) refers to ble_advertising.o(i.ble_advertising_restart_without_whitelist) for ble_advertising_restart_without_whitelist
    main.o(i.bsp_event_handler) refers to main.o(.data) for m_conn_handle
    main.o(i.conn_params_error_handler) refers to app_error.o(i.app_error_handler_bare) for app_error_handler_bare
    main.o(i.conn_params_init) refers to rt_memclr.o(.text) for __aeabi_memclr4
    main.o(i.conn_params_init) refers to ble_conn_params.o(i.ble_conn_params_init) for ble_conn_params_init
    main.o(i.conn_params_init) refers to app_error.o(i.app_error_handler_bare) for app_error_handler_bare
    main.o(i.conn_params_init) refers to main.o(.bss) for m_hrs
    main.o(i.conn_params_init) refers to main.o(i.on_conn_params_evt) for on_conn_params_evt
    main.o(i.conn_params_init) refers to main.o(i.conn_params_error_handler) for conn_params_error_handler
[...]
    ../clib/angel/kernel.s                   0x00000000   Number         0  __rtentry.o ABSOLUTE
    ../clib/angel/kernel.s                   0x00000000   Number         0  rtexit.o ABSOLUTE
    ../clib/angel/kernel.s                   0x00000000   Number         0  __rtentry4.o ABSOLUTE
    ../clib/angel/kernel.s                   0x00000000   Number         0  __rtentry2.o ABSOLUTE
    ../clib/angel/rt.s                       0x00000000   Number         0  rt_div0.o ABSOLUTE
    ../clib/angel/rt.s                       0x00000000   Number         0  rt_raise.o ABSOLUTE
    ../clib/angel/rt.s                       0x00000000   Number         0  aeabi_idiv0_sigfpe.o ABSOLUTE
    ../clib/angel/rt.s                       0x00000000   Number         0  aeabi_idiv0.o ABSOLUTE
    ../clib/angel/scatterp.s                 0x00000000   Number         0  __scatter.o ABSOLUTE
    ../clib/angel/startup.s                  0x00000000   Number         0  __main.o ABSOLUTE
    ../clib/angel/sys.s                      0x00000000   Number         0  indicate_semi.o ABSOLUTE
    ../clib/angel/sys.s                      0x00000000   Number         0  use_no_semi.o ABSOLUTE
    ../clib/angel/sys.s                      0x00000000   Number         0  sys_stackheap_outer.o ABSOLUTE
    ../clib/angel/sys.s                      0x00000000   Number         0  libspace.o ABSOLUTE
    ../clib/angel/sys.s                      0x00000000   Number         0  tempstk.o ABSOLUTE
    ../clib/angel/sysapp.c                   0x00000000   Number         0  sys_exit.o ABSOLUTE
    ../clib/angel/sysapp.c                   0x00000000   Number         0  sys_command.o ABSOLUTE
    ../clib/angel/sysapp.c                   0x00000000   Number         0  sys_wrch.o ABSOLUTE
    ../clib/armsys.c                         0x00000000   Number         0  argv_veneer.o ABSOLUTE
    ../clib/armsys.c                         0x00000000   Number         0  no_argv.o ABSOLUTE
    ../clib/armsys.c                         0x00000000   Number         0  _get_argv_nomalloc.o ABSOLUTE
    ../clib/division.s                       0x00000000   Number         0  aeabi_sdiv_div0.o ABSOLUTE
    ../clib/division.s                       0x00000000   Number         0  aeabi_sdiv.o ABSOLUTE
    ../clib/heapalloc.c                      0x00000000   Number         0  hrguard.o ABSOLUTE
    ../clib/heapaux.c                        0x00000000   Number         0  heapauxi.o ABSOLUTE
    ../clib/libinit.s                        0x00000000   Number         0  libshutdown2.o ABSOLUTE
    ../clib/libinit.s                        0x00000000   Number         0  libinit.o ABSOLUTE
    ../clib/libinit.s                        0x00000000   Number         0  libshutdown.o ABSOLUTE
    ../clib/libinit.s                        0x00000000   Number         0  libinit2.o ABSOLUTE
    ../clib/memcpset.c                       0x00000000   Number         0  rt_memcpy.o ABSOLUTE
    ../clib/memcpset.c                       0x00000000   Number         0  rt_memcpy.o ABSOLUTE
    ../clib/memcpset.c                       0x00000000   Number         0  rt_memclr.o ABSOLUTE
    ../clib/memcpset.c                       0x00000000   Number         0  rt_memmove.o ABSOLUTE
    ../clib/signal.c                         0x00000000   Number         0  defsig_fpe_formal.o ABSOLUTE
    ../clib/signal.c                         0x00000000   Number         0  defsig_rtmem_outer.o ABSOLUTE
    ../clib/signal.c                         0x00000000   Number         0  defsig_general.o ABSOLUTE
    ../clib/signal.c                         0x00000000   Number         0  __raise.o ABSOLUTE
    ../clib/signal.c                         0x00000000   Number         0  defsig_other.o ABSOLUTE
    ../clib/signal.c                         0x00000000   Number         0  defsig_rtmem_formal.o ABSOLUTE
    ../clib/signal.c                         0x00000000   Number         0  defsig_rtmem_inner.o ABSOLUTE
    ../clib/signal.c                         0x00000000   Number         0  defsig_pvfn_inner.o ABSOLUTE
    ../clib/signal.c                         0x00000000   Number         0  defsig_cppl_inner.o ABSOLUTE
    ../clib/signal.c                         0x00000000   Number         0  defsig_exit.o ABSOLUTE
    ../clib/signal.c                         0x00000000   Number         0  defsig_segv_inner.o ABSOLUTE
    ../clib/signal.c                         0x00000000   Number         0  defsig_stak_inner.o ABSOLUTE
    ../clib/signal.c                         0x00000000   Number         0  defsig_fpe_outer.o ABSOLUTE
    ../clib/signal.c                         0x00000000   Number         0  defsig_abrt_inner.o ABSOLUTE
    ../clib/signal.c                         0x00000000   Number         0  defsig_fpe_inner.o ABSOLUTE
    ../clib/signal.c                         0x00000000   Number         0  defsig_rtred_inner.o ABSOLUTE
    ../clib/signal.s                         0x00000000   Number         0  defsig.o ABSOLUTE
    ../clib/stdlib.c                         0x00000000   Number         0  exit.o ABSOLUTE
    ../clib/string.c                         0x00000000   Number         0  memcmp.o ABSOLUTE
    ../clib/string.c                         0x00000000   Number         0  strcpy.o ABSOLUTE
    ../clib/string.c                         0x00000000   Number         0  strlen.o ABSOLUTE
    ../fplib/cfplib/fpinit.c                 0x00000000   Number         0  fpinit.o ABSOLUTE
    ..\..\..\..\..\..\components\ble\ble_advertising\ble_advertising.c 0x00000000   Number         0  ble_advertising.o ABSOLUTE
    ..\..\..\..\..\..\components\ble\ble_services\ble_bas\ble_bas.c 0x00000000   Number         0  ble_bas.o ABSOLUTE
    ..\..\..\..\..\..\components\ble\ble_services\ble_dis\ble_dis.c 0x00000000   Number         0  ble_dis.o ABSOLUTE
    ..\..\..\..\..\..\components\ble\ble_services\ble_hrs\ble_hrs.c 0x00000000   Number         0  ble_hrs.o ABSOLUTE
    ..\..\..\..\..\..\components\ble\common\ble_advdata.c 0x00000000   Number         0  ble_advdata.o ABSOLUTE
    ..\..\..\..\..\..\components\ble\common\ble_conn_params.c 0x00000000   Number         0  ble_conn_params.o ABSOLUTE
    ..\..\..\..\..\..\components\ble\common\ble_conn_state.c 0x00000000   Number         0  ble_conn_state.o ABSOLUTE
    ..\..\..\..\..\..\components\ble\common\ble_srv_common.c 0x00000000   Number         0  ble_srv_common.o ABSOLUTE
    ..\..\..\..\..\..\components\ble\nrf_ble_gatt\nrf_ble_gatt.c 0x00000000   Number         0  nrf_ble_gatt.o ABSOLUTE
    ..\..\..\..\..\..\components\ble\peer_manager\gatt_cache_manager.c 0x00000000   Number         0  gatt_cache_manager.o ABSOLUTE
    ..\..\..\..\..\..\components\ble\peer_manager\gatts_cache_manager.c 0x00000000   Number         0  gatts_cache_manager.o ABSOLUTE
    ..\..\..\..\..\..\components\ble\peer_manager\id_manager.c 0x00000000   Number         0  id_manager.o ABSOLUTE
    ..\..\..\..\..\..\components\ble\peer_manager\peer_data.c 0x00000000   Number         0  peer_data.o ABSOLUTE
    ..\..\..\..\..\..\components\ble\peer_manager\peer_data_storage.c 0x00000000   Number         0  peer_data_storage.o ABSOLUTE
    ..\..\..\..\..\..\components\ble\peer_manager\peer_database.c 0x00000000   Number         0  peer_database.o ABSOLUTE
    ..\..\..\..\..\..\components\ble\peer_manager\peer_id.c 0x00000000   Number         0  peer_id.o ABSOLUTE
    ..\..\..\..\..\..\components\ble\peer_manager\peer_manager.c 0x00000000   Number         0  peer_manager.o ABSOLUTE
    ..\..\..\..\..\..\components\ble\peer_manager\pm_buffer.c 0x00000000   Number         0  pm_buffer.o ABSOLUTE
    ..\..\..\..\..\..\components\ble\peer_manager\pm_mutex.c 0x00000000   Number         0  pm_mutex.o ABSOLUTE
    ..\..\..\..\..\..\components\ble\peer_manager\security_dispatcher.c 0x00000000   Number         0  security_dispatcher.o ABSOLUTE
    ..\..\..\..\..\..\components\ble\peer_manager\security_manager.c 0x00000000   Number         0  security_manager.o ABSOLUTE
    ..\..\..\..\..\..\components\boards\boards.c 0x00000000   Number         0  boards.o ABSOLUTE
    ..\..\..\..\..\..\components\drivers_nrf\clock\nrf_drv_clock.c 0x00000000   Number         0  nrf_drv_clock.o ABSOLUTE
    ..\..\..\..\..\..\components\drivers_nrf\common\nrf_drv_common.c 0x00000000   Number         0  nrf_drv_common.o ABSOLUTE
    ..\..\..\..\..\..\components\drivers_nrf\gpiote\nrf_drv_gpiote.c 0x00000000   Number         0  nrf_drv_gpiote.o ABSOLUTE
    ..\..\..\..\..\..\components\drivers_nrf\uart\nrf_drv_uart.c 0x00000000   Number         0  nrf_drv_uart.o ABSOLUTE
    ..\..\..\..\..\..\components\libraries\bsp\bsp.c 0x00000000   Number         0  bsp.o ABSOLUTE
    ..\..\..\..\..\..\components\libraries\bsp\bsp_btn_ble.c 0x00000000   Number         0  bsp_btn_ble.o ABSOLUTE
    ..\..\..\..\..\..\components\libraries\bsp\bsp_nfc.c 0x00000000   Number         0  bsp_nfc.o ABSOLUTE
    ..\..\..\..\..\..\components\libraries\button\app_button.c 0x00000000   Number         0  app_button.o ABSOLUTE
    ..\..\..\..\..\..\components\libraries\crc16\crc16.c 0x00000000   Number         0  crc16.o ABSOLUTE
    ..\..\..\..\..\..\components\libraries\fds\fds.c 0x00000000   Number         0  fds.o ABSOLUTE
    ..\..\..\..\..\..\components\libraries\fstorage\fstorage.c 0x00000000   Number         0  fstorage.o ABSOLUTE
    ..\..\..\..\..\..\components\libraries\hardfault\hardfault_implementation.c 0x00000000   Number         0  hardfault_implementation.o ABSOLUTE
    ..\..\..\..\..\..\components\libraries\log\src\nrf_log_backend_serial.c 0x00000000   Number         0  nrf_log_backend_serial.o ABSOLUTE
    ..\..\..\..\..\..\components\libraries\log\src\nrf_log_frontend.c 0x00000000   Number         0  nrf_log_frontend.o ABSOLUTE
    ..\..\..\..\..\..\components\libraries\sensorsim\sensorsim.c 0x00000000   Number         0  sensorsim.o ABSOLUTE
    ..\..\..\..\..\..\components\libraries\timer\app_timer.c 0x00000000   Number         0  app_timer.o ABSOLUTE
    ..\..\..\..\..\..\components\libraries\util\app_error.c 0x00000000   Number         0  app_error.o ABSOLUTE
    ..\..\..\..\..\..\components\libraries\util\app_error_weak.c 0x00000000   Number         0  app_error_weak.o ABSOLUTE
    ..\..\..\..\..\..\components\libraries\util\app_util_platform.c 0x00000000   Number         0  app_util_platform.o ABSOLUTE
    ..\..\..\..\..\..\components\libraries\util\nrf_assert.c 0x00000000   Number         0  nrf_assert.o ABSOLUTE
    ..\..\..\..\..\..\components\libraries\util\sdk_errors.c 0x00000000   Number         0  sdk_errors.o ABSOLUTE
    ..\..\..\..\..\..\components\libraries\util\sdk_mapped_flags.c 0x00000000   Number         0  sdk_mapped_flags.o ABSOLUTE
    ..\..\..\..\..\..\components\softdevice\common\softdevice_handler\softdevice_handler.c 0x00000000   Number         0  softdevice_handler.o ABSOLUTE
    ..\..\..\..\..\..\external\segger_rtt\RTT_Syscalls_KEIL.c 0x00000000   Number         0  rtt_syscalls_keil.o ABSOLUTE
    ..\..\..\..\..\..\external\segger_rtt\SEGGER_RTT.c 0x00000000   Number         0  segger_rtt.o ABSOLUTE
    ..\..\..\..\..\..\external\segger_rtt\SEGGER_RTT_printf.c 0x00000000   Number         0  segger_rtt_printf.o ABSOLUTE
    ..\..\..\main.c                          0x00000000   Number         0  main.o ABSOLUTE
    ..\\..\\..\\..\\..\\..\\components\\ble\\ble_advertising\\ble_advertising.c 0x00000000   Number         0  ble_advertising.o ABSOLUTE
    ..\\..\\..\\..\\..\\..\\components\\ble\\ble_services\\ble_bas\\ble_bas.c 0x00000000   Number         0  ble_bas.o ABSOLUTE
    ..\\..\\..\\..\\..\\..\\components\\ble\\ble_services\\ble_dis\\ble_dis.c 0x00000000   Number         0  ble_dis.o ABSOLUTE
    ..\\..\\..\\..\\..\\..\\components\\ble\\ble_services\\ble_hrs\\ble_hrs.c 0x00000000   Number         0  ble_hrs.o ABSOLUTE
    ..\\..\\..\\..\\..\\..\\components\\ble\\common\\ble_advdata.c 0x00000000   Number         0  ble_advdata.o ABSOLUTE
    ..\\..\\..\\..\\..\\..\\components\\ble\\common\\ble_conn_params.c 0x00000000   Number         0  ble_conn_params.o ABSOLUTE
    ..\\..\\..\\..\\..\\..\\components\\ble\\common\\ble_conn_state.c 0x00000000   Number         0  ble_conn_state.o ABSOLUTE
    ..\\..\\..\\..\\..\\..\\components\\ble\\common\\ble_srv_common.c 0x00000000   Number         0  ble_srv_common.o ABSOLUTE
    ..\\..\\..\\..\\..\\..\\components\\ble\\nrf_ble_gatt\\nrf_ble_gatt.c 0x00000000   Number         0  nrf_ble_gatt.o ABSOLUTE
    ..\\..\\..\\..\\..\\..\\components\\ble\\peer_manager\\gatt_cache_manager.c 0x00000000   Number         0  gatt_cache_manager.o ABSOLUTE
    ..\\..\\..\\..\\..\\..\\components\\ble\\peer_manager\\gatts_cache_manager.c 0x00000000   Number         0  gatts_cache_manager.o ABSOLUTE
    ..\\..\\..\\..\\..\\..\\components\\ble\\peer_manager\\id_manager.c 0x00000000   Number         0  id_manager.o ABSOLUTE
    ..\\..\\..\\..\\..\\..\\components\\ble\\peer_manager\\peer_data.c 0x00000000   Number         0  peer_data.o ABSOLUTE
    ..\\..\\..\\..\\..\\..\\components\\ble\\peer_manager\\peer_data_storage.c 0x00000000   Number         0  peer_data_storage.o ABSOLUTE
    ..\\..\\..\\..\\..\\..\\components\\ble\\peer_manager\\peer_database.c 0x00000000   Number         0  peer_database.o ABSOLUTE
    ..\\..\\..\\..\\..\\..\\components\\ble\\peer_manager\\peer_id.c 0x00000000   Number         0  peer_id.o ABSOLUTE
    ..\\..\\..\\..\\..\\..\\components\\ble\\peer_manager\\peer_manager.c 0x00000000   Number         0  peer_manager.o ABSOLUTE
    ..\\..\\..\\..\\..\\..\\components\\ble\\peer_manager\\pm_buffer.c 0x00000000   Number         0  pm_buffer.o ABSOLUTE
    ..\\..\\..\\..\\..\\..\\components\\ble\\peer_manager\\pm_mutex.c 0x00000000   Number         0  pm_mutex.o ABSOLUTE
    ..\\..\\..\\..\\..\\..\\components\\ble\\peer_manager\\security_dispatcher.c 0x00000000   Number         0  security_dispatcher.o ABSOLUTE
    ..\\..\\..\\..\\..\\..\\components\\ble\\peer_manager\\security_manager.c 0x00000000   Number         0  security_manager.o ABSOLUTE
    ..\\..\\..\\..\\..\\..\\components\\boards\\boards.c 0x00000000   Number         0  boards.o ABSOLUTE
    ..\\..\\..\\..\\..\\..\\components\\drivers_nrf\\clock\\nrf_drv_clock.c 0x00000000   Number         0  nrf_drv_clock.o ABSOLUTE
    ..\\..\\..\\..\\..\\..\\components\\drivers_nrf\\common\\nrf_drv_common.c 0x00000000   Number         0  nrf_drv_common.o ABSOLUTE
    ..\\..\\..\\..\\..\\..\\components\\drivers_nrf\\gpiote\\nrf_drv_gpiote.c 0x00000000   Number         0  nrf_drv_gpiote.o ABSOLUTE
    ..\\..\\..\\..\\..\\..\\components\\drivers_nrf\\uart\\nrf_drv_uart.c 0x00000000   Number         0  nrf_drv_uart.o ABSOLUTE
    ..\\..\\..\\..\\..\\..\\components\\libraries\\bsp\\bsp.c 0x00000000   Number         0  bsp.o ABSOLUTE
    ..\\..\\..\\..\\..\\..\\components\\libraries\\bsp\\bsp_btn_ble.c 0x00000000   Number         0  bsp_btn_ble.o ABSOLUTE
    ..\\..\\..\\..\\..\\..\\components\\libraries\\bsp\\bsp_nfc.c 0x00000000   Number         0  bsp_nfc.o ABSOLUTE
    ..\\..\\..\\..\\..\\..\\components\\libraries\\button\\app_button.c 0x00000000   Number         0  app_button.o ABSOLUTE
    ..\\..\\..\\..\\..\\..\\components\\libraries\\crc16\\crc16.c 0x00000000   Number         0  crc16.o ABSOLUTE
    ..\\..\\..\\..\\..\\..\\components\\libraries\\fds\\fds.c 0x00000000   Number         0  fds.o ABSOLUTE
    ..\\..\\..\\..\\..\\..\\components\\libraries\\fstorage\\fstorage.c 0x00000000   Number         0  fstorage.o ABSOLUTE
    ..\\..\\..\\..\\..\\..\\components\\libraries\\hardfault\\hardfault_implementation.c 0x00000000   Number         0  hardfault_implementation.o ABSOLUTE
    ..\\..\\..\\..\\..\\..\\components\\libraries\\log\\src\\nrf_log_backend_serial.c 0x00000000   Number         0  nrf_log_backend_serial.o ABSOLUTE
    ..\\..\\..\\..\\..\\..\\components\\libraries\\log\\src\\nrf_log_frontend.c 0x00000000   Number         0  nrf_log_frontend.o ABSOLUTE
    ..\\..\\..\\..\\..\\..\\components\\libraries\\timer\\app_timer.c 0x00000000   Number         0  app_timer.o ABSOLUTE
    ..\\..\\..\\..\\..\\..\\components\\libraries\\util\\app_error.c 0x00000000   Number         0  app_error.o ABSOLUTE
    ..\\..\\..\\..\\..\\..\\components\\libraries\\util\\app_error_weak.c 0x00000000   Number         0  app_error_weak.o ABSOLUTE
    ..\\..\\..\\..\\..\\..\\components\\libraries\\util\\app_util_platform.c 0x00000000   Number         0  app_util_platform.o ABSOLUTE
    ..\\..\\..\\..\\..\\..\\components\\libraries\\util\\nrf_assert.c 0x00000000   Number         0  nrf_assert.o ABSOLUTE
    ..\\..\\..\\..\\..\\..\\components\\libraries\\util\\sdk_mapped_flags.c 0x00000000   Number         0  sdk_mapped_flags.o ABSOLUTE
    ..\\..\\..\\..\\..\\..\\components\\softdevice\\common\\softdevice_handler\\softdevice_handler.c 0x00000000   Number         0  softdevice_handler.o ABSOLUTE
    ..\\..\\..\\..\\..\\..\\external\\segger_rtt\\SEGGER_RTT.c 0x00000000   Number         0  segger_rtt.o ABSOLUTE
    ..\\..\\..\\main.c                       0x00000000   Number         0  main.o ABSOLUTE
    RTE\Device\nRF51822_xxAA\arm_startup_nrf51.s 0x00000000   Number         0  arm_startup_nrf51.o ABSOLUTE
    RTE\Device\nRF51822_xxAA\system_nrf51.c  0x00000000   Number         0  system_nrf51.o ABSOLUTE
    RTE\\Device\\nRF51822_xxAA\\system_nrf51.c 0x00000000   Number         0  system_nrf51.o ABSOLUTE
    dc.s                                     0x00000000   Number         0  dc.o ABSOLUTE
    !!!main                                  0x000000c0   Section        8  __main.o(!!!main)
    !!!scatter                               0x000000c8   Section       60  __scatter.o(!!!scatter)
    !!handler_copy                           0x00000104   Section       26  __scatter_copy.o(!!handler_copy)
    !!handler_zi                             0x00000120   Section       28  __scatter_zi.o(!!handler_zi)
    .ARM.Collect$$libinit$$00000000          0x0000013c   Section        2  libinit.o(.ARM.Collect$$libinit$$00000000)
    .ARM.Collect$$libinit$$00000002          0x0000013e   Section        0  libinit2.o(.ARM.Collect$$libinit$$00000002)
    .ARM.Collect$$libinit$$00000004          0x0000013e   Section        0  libinit2.o(.ARM.Collect$$libinit$$00000004)
    .ARM.Collect$$libinit$$0000000A          0x0000013e   Section        0  libinit2.o(.ARM.Collect$$libinit$$0000000A)
    .ARM.Collect$$libinit$$0000000C          0x0000013e   Section        0  libinit2.o(.ARM.Collect$$libinit$$0000000C)
    .ARM.Collect$$libinit$$0000000E          0x0000013e   Section        0  libinit2.o(.ARM.Collect$$libinit$$0000000E)
    .ARM.Collect$$libinit$$00000011          0x0000013e   Section        0  libinit2.o(.ARM.Collect$$libinit$$00000011)
    .ARM.Collect$$libinit$$00000013          0x0000013e   Section        0  libinit2.o(.ARM.Collect$$libinit$$00000013)
    .ARM.Collect$$libinit$$00000015          0x0000013e   Section        0  libinit2.o(.ARM.Collect$$libinit$$00000015)
    .ARM.Collect$$libinit$$00000017          0x0000013e   Section        0  libinit2.o(.ARM.Collect$$libinit$$00000017)
    .ARM.Collect$$libinit$$00000019          0x0000013e   Section        0  libinit2.o(.ARM.Collect$$libinit$$00000019)
    .ARM.Collect$$libinit$$0000001B          0x0000013e   Section        0  libinit2.o(.ARM.Collect$$libinit$$0000001B)
    .ARM.Collect$$libinit$$0000001D          0x0000013e   Section        0  libinit2.o(.ARM.Collect$$libinit$$0000001D)
    .ARM.Collect$$libinit$$0000001F          0x0000013e   Section        0  libinit2.o(.ARM.Collect$$libinit$$0000001F)
    .ARM.Collect$$libinit$$00000021          0x0000013e   Section        0  libinit2.o(.ARM.Collect$$libinit$$00000021)
    .ARM.Collect$$libinit$$00000023          0x0000013e   Section        0  libinit2.o(.ARM.Collect$$libinit$$00000023)
    .ARM.Collect$$libinit$$00000025          0x0000013e   Section        0  libinit2.o(.ARM.Collect$$libinit$$00000025)
    .ARM.Collect$$libinit$$0000002C          0x0000013e   Section        0  libinit2.o(.ARM.Collect$$libinit$$0000002C)
    .ARM.Collect$$libinit$$0000002E          0x0000013e   Section        0  libinit2.o(.ARM.Collect$$libinit$$0000002E)
    .ARM.Collect$$libinit$$00000030          0x0000013e   Section        0  libinit2.o(.ARM.Collect$$libinit$$00000030)
    .ARM.Collect$$libinit$$00000032          0x0000013e   Section        0  libinit2.o(.ARM.Collect$$libinit$$00000032)
    .ARM.Collect$$libinit$$00000033          0x0000013e   Section        2  libinit2.o(.ARM.Collect$$libinit$$00000033)
    .ARM.Collect$$libshutdown$$00000000      0x00000140   Section        2  libshutdown.o(.ARM.Collect$$libshutdown$$00000000)
    .ARM.Collect$$libshutdown$$00000002      0x00000142   Section        0  libshutdown2.o(.ARM.Collect$$libshutdown$$00000002)
    .ARM.Collect$$libshutdown$$00000004      0x00000142   Section        0  libshutdown2.o(.ARM.Collect$$libshutdown$$00000004)
    .ARM.Collect$$libshutdown$$00000007      0x00000142   Section        0  libshutdown2.o(.ARM.Collect$$libshutdown$$00000007)
    .ARM.Collect$$libshutdown$$0000000A      0x00000142   Section        0  libshutdown2.o(.ARM.Collect$$libshutdown$$0000000A)
    .ARM.Collect$$libshutdown$$0000000C      0x00000142   Section        0  libshutdown2.o(.ARM.Collect$$libshutdown$$0000000C)
    .ARM.Collect$$libshutdown$$0000000F      0x00000142   Section        0  libshutdown2.o(.ARM.Collect$$libshutdown$$0000000F)
    .ARM.Collect$$libshutdown$$00000010      0x00000142   Section        2  libshutdown2.o(.ARM.Collect$$libshutdown$$00000010)
    .ARM.Collect$$rtentry$$00000000          0x00000144   Section        0  __rtentry.o(.ARM.Collect$$rtentry$$00000000)
    .ARM.Collect$$rtentry$$00000002          0x00000144   Section        0  __rtentry2.o(.ARM.Collect$$rtentry$$00000002)
    .ARM.Collect$$rtentry$$00000004          0x00000144   Section        6  __rtentry4.o(.ARM.Collect$$rtentry$$00000004)
    .ARM.Collect$$rtentry$$00000009          0x0000014a   Section        0  __rtentry2.o(.ARM.Collect$$rtentry$$00000009)
    .ARM.Collect$$rtentry$$0000000A          0x0000014a   Section        4  __rtentry2.o(.ARM.Collect$$rtentry$$0000000A)
    .ARM.Collect$$rtentry$$0000000C          0x0000014e   Section        0  __rtentry2.o(.ARM.Collect$$rtentry$$0000000C)
    .ARM.Collect$$rtentry$$0000000D          0x0000014e   Section        8  __rtentry2.o(.ARM.Collect$$rtentry$$0000000D)
    .ARM.Collect$$rtexit$$00000000           0x00000156   Section        2  rtexit.o(.ARM.Collect$$rtexit$$00000000)
    .ARM.Collect$$rtexit$$00000002           0x00000158   Section        0  rtexit2.o(.ARM.Collect$$rtexit$$00000002)
    .ARM.Collect$$rtexit$$00000003           0x00000158   Section        4  rtexit2.o(.ARM.Collect$$rtexit$$00000003)
    .ARM.Collect$$rtexit$$00000004           0x0000015c   Section        6  rtexit2.o(.ARM.Collect$$rtexit$$00000004)
    .text                                    0x00000164   Section       80  arm_startup_nrf51.o(.text)
    .text                                    0x000001b4   Section        0  rt_memclr.o(.text)
    .text                                    0x000001f4   Section        0  heapauxi.o(.text)
    .text                                    0x000001fa   Section       62  sys_stackheap_outer.o(.text)
    .text                                    0x00000238   Section        0  exit.o(.text)
    .text                                    0x00000248   Section        8  libspace.o(.text)
    .text                                    0x00000250   Section        0  sys_exit.o(.text)
    .text                                    0x0000025c   Section        2  use_no_semi.o(.text)
    .text                                    0x0000025e   Section        0  indicate_semi.o(.text)
    i.GPIOTE_IRQHandler                      0x00000260   Section        0  nrf_drv_gpiote.o(i.GPIOTE_IRQHandler)
    i.NVIC_ClearPendingIRQ                   0x000004d8   Section        0  app_timer.o(i.NVIC_ClearPendingIRQ)
    NVIC_ClearPendingIRQ                     0x000004d9   Thumb Code    14  app_timer.o(i.NVIC_ClearPendingIRQ)
    i.NVIC_EnableIRQ                         0x000004ec   Section        0  app_timer.o(i.NVIC_EnableIRQ)
    NVIC_EnableIRQ                           0x000004ed   Thumb Code    14  app_timer.o(i.NVIC_EnableIRQ)
    i.NVIC_SetPendingIRQ                     0x00000500   Section        0  app_timer.o(i.NVIC_SetPendingIRQ)
    NVIC_SetPendingIRQ                       0x00000501   Thumb Code    14  app_timer.o(i.NVIC_SetPendingIRQ)
    i.POWER_CLOCK_IRQHandler                 0x00000514   Section        0  nrf_drv_clock.o(i.POWER_CLOCK_IRQHandler)
    i.RTC1_IRQHandler                        0x00000568   Section        0  app_timer.o(i.RTC1_IRQHandler)
    i.SWI0_IRQHandler                        0x00000590   Section        0  app_timer.o(i.SWI0_IRQHandler)
    i.SWI2_IRQHandler                        0x00000598   Section        0  softdevice_handler.o(i.SWI2_IRQHandler)
    i.SystemInit                             0x000005cc   Section        0  system_nrf51.o(i.SystemInit)
    i.UART0_IRQHandler                       0x00000630   Section        0  nrf_drv_uart.o(i.UART0_IRQHandler)
    i.__ARM_common_switch8                   0x00000644   Section        0  main.o(i.__ARM_common_switch8)
    i.address_is_valid                       0x00000660   Section        0  fds.o(i.address_is_valid)
    address_is_valid                         0x00000661   Thumb Code    42  fds.o(i.address_is_valid)
    i.app_error_fault_handler                0x00000690   Section        0  app_error_weak.o(i.app_error_fault_handler)
    i.app_error_handler_bare                 0x000006c8   Section        0  app_error.o(i.app_error_handler_bare)
    i.channel_handler_get                    0x000006e8   Section        0  nrf_drv_gpiote.o(i.channel_handler_get)
    channel_handler_get                      0x000006e9   Thumb Code    10  nrf_drv_gpiote.o(i.channel_handler_get)
    i.channel_port_get                       0x000006f8   Section        0  nrf_drv_gpiote.o(i.channel_port_get)
    channel_port_get                         0x000006f9   Thumb Code     8  nrf_drv_gpiote.o(i.channel_port_get)
    i.check_config                           0x00000704   Section        0  fstorage.o(i.check_config)
    check_config                             0x00000705   Thumb Code    26  fstorage.o(i.check_config)
    i.chunk_queue_get_and_advance            0x00000728   Section        0  fds.o(i.chunk_queue_get_and_advance)
    chunk_queue_get_and_advance              0x00000729   Thumb Code    42  fds.o(i.chunk_queue_get_and_advance)
    i.chunk_queue_skip                       0x00000758   Section        0  fds.o(i.chunk_queue_skip)
    chunk_queue_skip                         0x00000759   Thumb Code    38  fds.o(i.chunk_queue_skip)
    i.clock_clk_started_notify               0x00000784   Section        0  nrf_drv_clock.o(i.clock_clk_started_notify)
    clock_clk_started_notify                 0x00000785   Thumb Code    46  nrf_drv_clock.o(i.clock_clk_started_notify)
    i.compare_reg_update                     0x000007b8   Section        0  app_timer.o(i.compare_reg_update)
    compare_reg_update                       0x000007b9   Thumb Code   126  app_timer.o(i.compare_reg_update)
    i.delete_execute                         0x00000844   Section        0  fds.o(i.delete_execute)
    delete_execute                           0x00000845   Thumb Code    74  fds.o(i.delete_execute)
    i.elapsed_ticks_acquire                  0x00000894   Section        0  app_timer.o(i.elapsed_ticks_acquire)
    elapsed_ticks_acquire                    0x00000895   Thumb Code    82  app_timer.o(i.elapsed_ticks_acquire)
    i.erase_execute                          0x000008f8   Section        0  fstorage.o(i.erase_execute)
    erase_execute                            0x000008f9   Thumb Code    10  fstorage.o(i.erase_execute)
    i.event_prepare                          0x00000902   Section        0  fds.o(i.event_prepare)
    event_prepare                            0x00000903   Thumb Code   120  fds.o(i.event_prepare)
    i.event_send                             0x0000097c   Section        0  fds.o(i.event_send)
    event_send                               0x0000097d   Thumb Code    36  fds.o(i.event_send)
    i.expired_timers_handler                 0x000009a4   Section        0  app_timer.o(i.expired_timers_handler)
    expired_timers_handler                   0x000009a5   Thumb Code    86  app_timer.o(i.expired_timers_handler)
    i.file_find_and_delete                   0x00000a00   Section        0  fds.o(i.file_find_and_delete)
    file_find_and_delete                     0x00000a01   Thumb Code    48  fds.o(i.file_find_and_delete)
    i.flag_clear                             0x00000a34   Section        0  fds.o(i.flag_clear)
    flag_clear                               0x00000a35   Thumb Code    12  fds.o(i.flag_clear)
    i.flag_is_set                            0x00000a44   Section        0  fds.o(i.flag_is_set)
    flag_is_set                              0x00000a45   Thumb Code    20  fds.o(i.flag_is_set)
    i.flag_set                               0x00000a5c   Section        0  fds.o(i.flag_set)
    flag_set                                 0x00000a5d   Thumb Code    12  fds.o(i.flag_set)
    i.fs_erase                               0x00000a6c   Section        0  fstorage.o(i.fs_erase)
    i.fs_event_handler                       0x00000af8   Section        0  fds.o(i.fs_event_handler)
    fs_event_handler                         0x00000af9   Thumb Code    14  fds.o(i.fs_event_handler)
    i.fs_store                               0x00000b08   Section        0  fstorage.o(i.fs_store)
    i.gc_execute                             0x00000ba4   Section        0  fds.o(i.gc_execute)
    gc_execute                               0x00000ba5   Thumb Code   110  fds.o(i.gc_execute)
    i.gc_init                                0x00000c18   Section        0  fds.o(i.gc_init)
    gc_init                                  0x00000c19   Thumb Code    52  fds.o(i.gc_init)
    i.gc_next_page                           0x00000c54   Section        0  fds.o(i.gc_next_page)
    gc_next_page                             0x00000c55   Thumb Code    32  fds.o(i.gc_next_page)
    i.gc_page_erase                          0x00000c7c   Section        0  fds.o(i.gc_page_erase)
    gc_page_erase                            0x00000c7d   Thumb Code    56  fds.o(i.gc_page_erase)
    i.gc_page_next                           0x00000cc0   Section        0  fds.o(i.gc_page_next)
    gc_page_next                             0x00000cc1   Thumb Code    66  fds.o(i.gc_page_next)
    i.gc_record_copy                         0x00000d0c   Section        0  fds.o(i.gc_record_copy)
    gc_record_copy                           0x00000d0d   Thumb Code    50  fds.o(i.gc_record_copy)
    i.gc_record_find_next                    0x00000d4c   Section        0  fds.o(i.gc_record_find_next)
    gc_record_find_next                      0x00000d4d   Thumb Code    34  fds.o(i.gc_record_find_next)
    i.gc_state_advance                       0x00000d74   Section        0  fds.o(i.gc_state_advance)
    gc_state_advance                         0x00000d75   Thumb Code    82  fds.o(i.gc_state_advance)
    i.gc_swap_erase                          0x00000dcc   Section        0  fds.o(i.gc_swap_erase)
    gc_swap_erase                            0x00000dcd   Thumb Code    30  fds.o(i.gc_swap_erase)
    i.gc_swap_pages                          0x00000df8   Section        0  fds.o(i.gc_swap_pages)
    gc_swap_pages                            0x00000df9   Thumb Code    56  fds.o(i.gc_swap_pages)
    i.gc_swap_promote                        0x00000e3c   Section        0  fds.o(i.gc_swap_promote)
    gc_swap_promote                          0x00000e3d   Thumb Code    24  fds.o(i.gc_swap_promote)
    i.gc_tag_new_swap                        0x00000e5c   Section        0  fds.o(i.gc_tag_new_swap)
    gc_tag_new_swap                          0x00000e5d   Thumb Code    18  fds.o(i.gc_tag_new_swap)
    i.gc_update_swap_offset                  0x00000e74   Section        0  fds.o(i.gc_update_swap_offset)
    gc_update_swap_offset                    0x00000e75   Thumb Code    22  fds.o(i.gc_update_swap_offset)
    i.header_is_valid                        0x00000e94   Section        0  fds.o(i.header_is_valid)
    header_is_valid                          0x00000e95   Thumb Code    24  fds.o(i.header_is_valid)
    i.init_execute                           0x00000eb0   Section        0  fds.o(i.init_execute)
    init_execute                             0x00000eb1   Thumb Code   248  fds.o(i.init_execute)
    i.intern_softdevice_events_execute       0x00000fbc   Section        0  softdevice_handler.o(i.intern_softdevice_events_execute)
    i.is_disabled_in_debug_needed            0x00001088   Section        0  system_nrf51.o(i.is_disabled_in_debug_needed)
    is_disabled_in_debug_needed              0x00001089   Thumb Code    52  system_nrf51.o(i.is_disabled_in_debug_needed)
    i.is_manual_peripheral_setup_needed      0x000010c0   Section        0  system_nrf51.o(i.is_manual_peripheral_setup_needed)
    is_manual_peripheral_setup_needed        0x000010c1   Thumb Code   104  system_nrf51.o(i.is_manual_peripheral_setup_needed)
    i.is_peripheral_domain_setup_needed      0x0000112c   Section        0  system_nrf51.o(i.is_peripheral_domain_setup_needed)
    is_peripheral_domain_setup_needed        0x0000112d   Thumb Code    78  system_nrf51.o(i.is_peripheral_domain_setup_needed)
    i.is_word_aligned                        0x00001180   Section        0  fds.o(i.is_word_aligned)
    is_word_aligned                          0x00001181   Thumb Code    18  fds.o(i.is_word_aligned)
    i.item_dequeue                           0x00001192   Section        0  nrf_drv_clock.o(i.item_dequeue)
    item_dequeue                             0x00001193   Thumb Code    14  nrf_drv_clock.o(i.item_dequeue)
    i.list_deletions_handler                 0x000011a0   Section        0  app_timer.o(i.list_deletions_handler)
    list_deletions_handler                   0x000011a1   Thumb Code   114  app_timer.o(i.list_deletions_handler)
    i.list_insertions_handler                0x0000121c   Section        0  app_timer.o(i.list_insertions_handler)
    list_insertions_handler                  0x0000121d   Thumb Code   226  app_timer.o(i.list_insertions_handler)
    i.main                                   0x00001314   Section        0  main.o(i.main)
    i.nrf_bitmask_bit_is_set                 0x00001358   Section        0  nrf_drv_gpiote.o(i.nrf_bitmask_bit_is_set)
    nrf_bitmask_bit_is_set                   0x00001359   Thumb Code    22  nrf_drv_gpiote.o(i.nrf_bitmask_bit_is_set)
    i.nrf_clock_event_check                  0x0000136e   Section        0  nrf_drv_clock.o(i.nrf_clock_event_check)
    nrf_clock_event_check                    0x0000136f   Thumb Code    22  nrf_drv_clock.o(i.nrf_clock_event_check)
    i.nrf_clock_event_clear                  0x00001384   Section        0  nrf_drv_clock.o(i.nrf_clock_event_clear)
    nrf_clock_event_clear                    0x00001385   Thumb Code    12  nrf_drv_clock.o(i.nrf_clock_event_clear)
    i.nrf_clock_int_disable                  0x00001390   Section        0  nrf_drv_clock.o(i.nrf_clock_int_disable)
    nrf_clock_int_disable                    0x00001391   Thumb Code     6  nrf_drv_clock.o(i.nrf_clock_int_disable)
    i.nrf_delay_ms                           0x0000139c   Section        0  main.o(i.nrf_delay_ms)
    nrf_delay_ms                             0x0000139d   Thumb Code    62  main.o(i.nrf_delay_ms)
    i.nrf_delay_us                           0x000013e4   Section        0  app_timer.o(i.nrf_delay_us)
    nrf_delay_us                             0x000013e5   Thumb Code    54  app_timer.o(i.nrf_delay_us)
    i.nrf_drv_clock_on_soc_event             0x00001424   Section        0  nrf_drv_clock.o(i.nrf_drv_clock_on_soc_event)
    i.nrf_gpio_cfg_output                    0x00001432   Section        0  main.o(i.nrf_gpio_cfg_output)
    nrf_gpio_cfg_output                      0x00001433   Thumb Code    56  main.o(i.nrf_gpio_cfg_output)
    i.nrf_gpio_cfg_sense_set                 0x0000146a   Section        0  nrf_drv_gpiote.o(i.nrf_gpio_cfg_sense_set)
    nrf_gpio_cfg_sense_set                   0x0000146b   Thumb Code    64  nrf_drv_gpiote.o(i.nrf_gpio_cfg_sense_set)
    i.nrf_gpio_pin_clear                     0x000014aa   Section        0  main.o(i.nrf_gpio_pin_clear)
    nrf_gpio_pin_clear                       0x000014ab   Thumb Code    24  main.o(i.nrf_gpio_pin_clear)
    i.nrf_gpio_pin_set                       0x000014c2   Section        0  main.o(i.nrf_gpio_pin_set)
    nrf_gpio_pin_set                         0x000014c3   Thumb Code    24  main.o(i.nrf_gpio_pin_set)
    i.nrf_gpio_ports_read                    0x000014dc   Section        0  nrf_drv_gpiote.o(i.nrf_gpio_ports_read)
    nrf_gpio_ports_read                      0x000014dd   Thumb Code    42  nrf_drv_gpiote.o(i.nrf_gpio_ports_read)
    i.nrf_gpiote_event_addr_get              0x0000150c   Section        0  nrf_drv_gpiote.o(i.nrf_gpiote_event_addr_get)
    nrf_gpiote_event_addr_get                0x0000150d   Thumb Code     8  nrf_drv_gpiote.o(i.nrf_gpiote_event_addr_get)
    i.nrf_gpiote_event_clear                 0x00001518   Section        0  nrf_drv_gpiote.o(i.nrf_gpiote_event_clear)
    nrf_gpiote_event_clear                   0x00001519   Thumb Code    16  nrf_drv_gpiote.o(i.nrf_gpiote_event_clear)
    i.nrf_gpiote_event_is_set                0x00001528   Section        0  nrf_drv_gpiote.o(i.nrf_gpiote_event_is_set)
    nrf_gpiote_event_is_set                  0x00001529   Thumb Code    22  nrf_drv_gpiote.o(i.nrf_gpiote_event_is_set)
    i.nrf_uart_errorsrc_get_and_clear        0x0000153e   Section        0  nrf_drv_uart.o(i.nrf_uart_errorsrc_get_and_clear)
    nrf_uart_errorsrc_get_and_clear          0x0000153f   Thumb Code    20  nrf_drv_uart.o(i.nrf_uart_errorsrc_get_and_clear)
    i.nrf_uart_event_check                   0x00001552   Section        0  nrf_drv_uart.o(i.nrf_uart_event_check)
    nrf_uart_event_check                     0x00001553   Thumb Code    16  nrf_drv_uart.o(i.nrf_uart_event_check)
    i.nrf_uart_event_clear                   0x00001562   Section        0  nrf_drv_uart.o(i.nrf_uart_event_clear)
    nrf_uart_event_clear                     0x00001563   Thumb Code     6  nrf_drv_uart.o(i.nrf_uart_event_clear)
    i.nrf_uart_int_disable                   0x00001568   Section        0  nrf_drv_uart.o(i.nrf_uart_int_disable)
    nrf_uart_int_disable                     0x00001569   Thumb Code    10  nrf_drv_uart.o(i.nrf_uart_int_disable)
    i.nrf_uart_int_enable_check              0x00001572   Section        0  nrf_drv_uart.o(i.nrf_uart_int_enable_check)
    nrf_uart_int_enable_check                0x00001573   Thumb Code    24  nrf_drv_uart.o(i.nrf_uart_int_enable_check)
    i.nrf_uart_task_trigger                  0x0000158a   Section        0  nrf_drv_uart.o(i.nrf_uart_task_trigger)
    nrf_uart_task_trigger                    0x0000158b   Thumb Code     6  nrf_drv_uart.o(i.nrf_uart_task_trigger)
    i.page_from_record                       0x00001590   Section        0  fds.o(i.page_from_record)
    page_from_record                         0x00001591   Thumb Code    58  fds.o(i.page_from_record)
    i.page_offsets_update                    0x000015d0   Section        0  fds.o(i.page_offsets_update)
    page_offsets_update                      0x000015d1   Thumb Code    18  fds.o(i.page_offsets_update)
    i.page_tag_write_data                    0x000015e4   Section        0  fds.o(i.page_tag_write_data)
    page_tag_write_data                      0x000015e5   Thumb Code    22  fds.o(i.page_tag_write_data)
    i.page_tag_write_swap                    0x00001604   Section        0  fds.o(i.page_tag_write_swap)
    page_tag_write_swap                      0x00001605   Thumb Code    22  fds.o(i.page_tag_write_swap)
    i.queue_advance                          0x00001628   Section        0  fds.o(i.queue_advance)
    queue_advance                            0x00001629   Thumb Code    66  fds.o(i.queue_advance)
    i.queue_get_next_free                    0x00001670   Section        0  fstorage.o(i.queue_get_next_free)
    queue_get_next_free                      0x00001671   Thumb Code    94  fstorage.o(i.queue_get_next_free)
    i.queue_process                          0x000016d4   Section        0  fds.o(i.queue_process)
    queue_process                            0x000016d5   Thumb Code   158  fds.o(i.queue_process)
    i.queue_process                          0x0000177c   Section        0  fstorage.o(i.queue_process)
    queue_process                            0x0000177d   Thumb Code   104  fstorage.o(i.queue_process)
    i.queue_start                            0x000017ec   Section        0  fstorage.o(i.queue_start)
    queue_start                              0x000017ed   Thumb Code    44  fstorage.o(i.queue_start)
    i.record_find                            0x0000181c   Section        0  fds.o(i.record_find)
    record_find                              0x0000181d   Thumb Code   134  fds.o(i.record_find)
    i.record_find_and_delete                 0x000018ac   Section        0  fds.o(i.record_find_and_delete)
    record_find_and_delete                   0x000018ad   Thumb Code    60  fds.o(i.record_find_and_delete)
    i.record_find_by_desc                    0x000018e8   Section        0  fds.o(i.record_find_by_desc)
    record_find_by_desc                      0x000018e9   Thumb Code   122  fds.o(i.record_find_by_desc)
    i.record_find_next                       0x00001968   Section        0  fds.o(i.record_find_next)
    record_find_next                         0x00001969   Thumb Code    94  fds.o(i.record_find_next)
    i.record_header_flag_dirty               0x000019cc   Section        0  fds.o(i.record_header_flag_dirty)
    record_header_flag_dirty                 0x000019cd   Thumb Code    46  fds.o(i.record_header_flag_dirty)
    i.record_header_write_begin              0x00001a08   Section        0  fds.o(i.record_header_write_begin)
    record_header_write_begin                0x00001a09   Thumb Code    38  fds.o(i.record_header_write_begin)
    i.record_header_write_finalize           0x00001a34   Section        0  fds.o(i.record_header_write_finalize)
    record_header_write_finalize             0x00001a35   Thumb Code    52  fds.o(i.record_header_write_finalize)
    i.record_header_write_id                 0x00001a6c   Section        0  fds.o(i.record_header_write_id)
    record_header_write_id                   0x00001a6d   Thumb Code    54  fds.o(i.record_header_write_id)
    i.record_write_chunk                     0x00001aa8   Section        0  fds.o(i.record_write_chunk)
    record_write_chunk                       0x00001aa9   Thumb Code    78  fds.o(i.record_write_chunk)
    i.rtc1_compare0_set                      0x00001afc   Section        0  app_timer.o(i.rtc1_compare0_set)
    rtc1_compare0_set                        0x00001afd   Thumb Code     6  app_timer.o(i.rtc1_compare0_set)
    i.rtc1_counter_get                       0x00001b08   Section        0  app_timer.o(i.rtc1_counter_get)
    rtc1_counter_get                         0x00001b09   Thumb Code     6  app_timer.o(i.rtc1_counter_get)
    i.rtc1_start                             0x00001b14   Section        0  app_timer.o(i.rtc1_start)
    rtc1_start                               0x00001b15   Thumb Code    48  app_timer.o(i.rtc1_start)
    i.rtc1_stop                              0x00001b50   Section        0  app_timer.o(i.rtc1_stop)
    rtc1_stop                                0x00001b51   Thumb Code    66  app_timer.o(i.rtc1_stop)
    i.rx_byte                                0x00001ba8   Section        0  nrf_drv_uart.o(i.rx_byte)
    rx_byte                                  0x00001ba9   Thumb Code    72  nrf_drv_uart.o(i.rx_byte)
    i.rx_done_event                          0x00001bf0   Section        0  nrf_drv_uart.o(i.rx_done_event)
    rx_done_event                            0x00001bf1   Thumb Code    28  nrf_drv_uart.o(i.rx_done_event)
    i.send_event                             0x00001c0c   Section        0  fstorage.o(i.send_event)
    send_event                               0x00001c0d   Thumb Code    90  fstorage.o(i.send_event)
    i.store_execute                          0x00001c66   Section        0  fstorage.o(i.store_execute)
    store_execute                            0x00001c67   Thumb Code    50  fstorage.o(i.store_execute)
    i.ticks_diff_get                         0x00001c98   Section        0  app_timer.o(i.ticks_diff_get)
    ticks_diff_get                           0x00001c99   Thumb Code    10  app_timer.o(i.ticks_diff_get)
    i.timeout_handler_exec                   0x00001ca4   Section        0  app_timer.o(i.timeout_handler_exec)
    timeout_handler_exec                     0x00001ca5   Thumb Code    54  app_timer.o(i.timeout_handler_exec)
    i.timer_list_handler                     0x00001ce0   Section        0  app_timer.o(i.timer_list_handler)
    timer_list_handler                       0x00001ce1   Thumb Code    74  app_timer.o(i.timer_list_handler)
    i.timer_list_handler_sched               0x00001d38   Section        0  app_timer.o(i.timer_list_handler_sched)
    timer_list_handler_sched                 0x00001d39   Thumb Code    10  app_timer.o(i.timer_list_handler_sched)
    i.timer_list_insert                      0x00001d44   Section        0  app_timer.o(i.timer_list_insert)
    timer_list_insert                        0x00001d45   Thumb Code   104  app_timer.o(i.timer_list_insert)
    i.timer_list_remove                      0x00001db0   Section        0  app_timer.o(i.timer_list_remove)
    timer_list_remove                        0x00001db1   Thumb Code    96  app_timer.o(i.timer_list_remove)
    i.timer_timeouts_check                   0x00001e20   Section        0  app_timer.o(i.timer_timeouts_check)
    timer_timeouts_check                     0x00001e21   Thumb Code   128  app_timer.o(i.timer_timeouts_check)
    i.timer_timeouts_check_sched             0x00001eb4   Section        0  app_timer.o(i.timer_timeouts_check_sched)
    timer_timeouts_check_sched               0x00001eb5   Thumb Code    10  app_timer.o(i.timer_timeouts_check_sched)
    i.tx_byte                                0x00001ebe   Section        0  nrf_drv_uart.o(i.tx_byte)
    tx_byte                                  0x00001ebf   Thumb Code    42  nrf_drv_uart.o(i.tx_byte)
    i.tx_done_event                          0x00001ee8   Section        0  nrf_drv_uart.o(i.tx_done_event)
    tx_done_event                            0x00001ee9   Thumb Code    34  nrf_drv_uart.o(i.tx_done_event)
    i.uart_irq_handler                       0x00001f0a   Section        0  nrf_drv_uart.o(i.uart_irq_handler)
    uart_irq_handler                         0x00001f0b   Thumb Code   344  nrf_drv_uart.o(i.uart_irq_handler)
    i.write_execute                          0x00002064   Section        0  fds.o(i.write_execute)
    write_execute                            0x00002065   Thumb Code   180  fds.o(i.write_execute)
    .constdata                               0x00002128   Section       71  nrf_drv_gpiote.o(.constdata)
    __func__                                 0x0000212c   Data          20  nrf_drv_gpiote.o(.constdata)
    __func__                                 0x00002140   Data          24  nrf_drv_gpiote.o(.constdata)
    __func__                                 0x00002158   Data          23  nrf_drv_gpiote.o(.constdata)
    .constdata                               0x00002170   Section       20  fds.o(.constdata)
    m_fds_tl_dirty                           0x00002170   Data           4  fds.o(.constdata)
    page_tag_swap                            0x00002174   Data           8  fds.o(.constdata)
    page_tag_data                            0x0000217c   Data           8  fds.o(.constdata)
    .data                                    0x00200000   Section       34  app_timer.o(.data)
    m_op_queue                               0x00200000   Data           8  app_timer.o(.data)
    mp_timer_id_head                         0x00200008   Data           4  app_timer.o(.data)
    m_ticks_latest                           0x0020000c   Data           4  app_timer.o(.data)
    m_ticks_elapsed                          0x00200010   Data           8  app_timer.o(.data)
    m_ticks_elapsed_q_read_ind               0x00200018   Data           1  app_timer.o(.data)
    m_ticks_elapsed_q_write_ind              0x00200019   Data           1  app_timer.o(.data)
    m_evt_schedule_func                      0x0020001c   Data           4  app_timer.o(.data)
    m_rtc1_running                           0x00200020   Data           1  app_timer.o(.data)
    m_rtc1_reset                             0x00200021   Data           1  app_timer.o(.data)
    .data                                    0x00200024   Section       26  fds.o(.data)
    m_flags                                  0x00200024   Data           1  fds.o(.data)
    m_users                                  0x00200025   Data           1  fds.o(.data)
    m_latest_rec_id                          0x00200028   Data           4  fds.o(.data)
    m_swap_page                              0x0020002c   Data           8  fds.o(.data)
    tok                                      0x00200034   Data           8  fds.o(.data)
    page                                     0x0020003c   Data           2  fds.o(.data)
    .data                                    0x0020003e   Section        2  fstorage.o(.data)
    m_flags                                  0x0020003e   Data           1  fstorage.o(.data)
    m_retry_count                            0x0020003f   Data           1  fstorage.o(.data)
    .data                                    0x00200040   Section       24  softdevice_handler.o(.data)
    m_evt_schedule_func                      0x00200040   Data           4  softdevice_handler.o(.data)
    m_softdevice_enabled                     0x00200044   Data           1  softdevice_handler.o(.data)
    m_suspended                              0x00200045   Data           1  softdevice_handler.o(.data)
    mp_ble_evt_buffer                        0x00200048   Data           4  softdevice_handler.o(.data)
    m_ble_evt_buffer_size                    0x0020004c   Data           2  softdevice_handler.o(.data)
    m_ble_evt_handler                        0x00200050   Data           4  softdevice_handler.o(.data)
    m_sys_evt_handler                        0x00200054   Data           4  softdevice_handler.o(.data)
    .data                                    0x00200058   Section        4  system_nrf51.o(.data)
    __tagsym$$used                           0x00200058   Number         0  system_nrf51.o(.data)
    fs_data                                  0x0020005c   Section       16  fds.o(fs_data)
    __tagsym$$used                           0x0020005c   Number         0  fds.o(fs_data)
    fs_config                                0x0020005c   Data          16  fds.o(fs_data)
    .bss                                     0x0020006c   Section       20  nrf_drv_clock.o(.bss)
    m_clock_cb                               0x0020006c   Data          20  nrf_drv_clock.o(.bss)
    .bss                                     0x00200080   Section       72  nrf_drv_gpiote.o(.bss)
    m_cb                                     0x00200080   Data          72  nrf_drv_gpiote.o(.bss)
    .bss                                     0x002000c8   Section       28  nrf_drv_uart.o(.bss)
    m_cb                                     0x002000c8   Data          28  nrf_drv_uart.o(.bss)
    .bss                                     0x002000e4   Section      284  fds.o(.bss)
    m_cb_table                               0x002000e4   Data          32  fds.o(.bss)
    m_op_queue                               0x00200104   Data         120  fds.o(.bss)
    m_chunk_queue                            0x0020017c   Data          72  fds.o(.bss)
    m_pages                                  0x002001c4   Data          32  fds.o(.bss)
    m_gc                                     0x002001e4   Data          16  fds.o(.bss)
    desc                                     0x002001f4   Data          12  fds.o(.bss)
    .bss                                     0x00200200   Section      104  fstorage.o(.bss)
    m_queue                                  0x00200200   Data         104  fstorage.o(.bss)
    .bss                                     0x00200268   Section       96  libspace.o(.bss)
    HEAP                                     0x002002c8   Section        0  arm_startup_nrf51.o(HEAP)
    STACK                                    0x002002c8   Section     2048  arm_startup_nrf51.o(STACK)
    Heap_Mem                                 0x002002c8   Data           0  arm_startup_nrf51.o(HEAP)
    Stack_Mem                                0x002002c8   Data        2048  arm_startup_nrf51.o(STACK)
    __initial_sp                             0x00200ac8   Data           0  arm_startup_nrf51.o(STACK)

    Global Symbols

    Symbol Name                              Value     Ov Type        Size  Object(Section)

    BuildAttributes$$THM_ISAv3M$S$PE$A:L22$X:L11$S22$IEEE1$IW$USESV6$~STKCKD$USESV7$~SHL$OSPACE$ROPI$EBA8$UX$STANDARDLIB$REQ8$PRES8$EABIv2 0x00000000   Number         0  anon$$obj.o ABSOLUTE
    __ARM_use_no_argv                        0x00000000   Number         0  main.o ABSOLUTE
    __Vectors                                0x00000000   Data           4  arm_startup_nrf51.o(RESET)
    __ARM_exceptions_init                     - Undefined Weak Reference
    __alloca_initialize                       - Undefined Weak Reference
    __arm_preinit_                            - Undefined Weak Reference
    __cpp_initialize__aeabi_                  - Undefined Weak Reference
    __cxa_finalize                            - Undefined Weak Reference
    __rt_locale                               - Undefined Weak Reference
    __sigvec_lookup                           - Undefined Weak Reference
    _atexit_init                              - Undefined Weak Reference
    _call_atexit_fns                          - Undefined Weak Reference
    _clock_init                               - Undefined Weak Reference
    _fp_trap_init                             - Undefined Weak Reference
    _fp_trap_shutdown                         - Undefined Weak Reference
    _get_lc_collate                           - Undefined Weak Reference
    _get_lc_ctype                             - Undefined Weak Reference
    _get_lc_monetary                          - Undefined Weak Reference
    _get_lc_numeric                           - Undefined Weak Reference
    _get_lc_time                              - Undefined Weak Reference
    _getenv_init                              - Undefined Weak Reference
    _handle_redirection                       - Undefined Weak Reference
    _init_alloc                               - Undefined Weak Reference
    _init_user_alloc                          - Undefined Weak Reference
    _initio                                   - Undefined Weak Reference
    _rand_init                                - Undefined Weak Reference
    _signal_finish                            - Undefined Weak Reference
    _signal_init                              - Undefined Weak Reference
    _terminate_alloc                          - Undefined Weak Reference
    _terminate_user_alloc                     - Undefined Weak Reference
    _terminateio                              - Undefined Weak Reference
    __Vectors_End                            0x000000c0   Data           0  arm_startup_nrf51.o(RESET)
    __Vectors_Size                           0x000000c0   Number         0  arm_startup_nrf51.o ABSOLUTE
    __main                                   0x000000c1   Thumb Code     8  __main.o(!!!main)
    __scatterload                            0x000000c9   Thumb Code     0  __scatter.o(!!!scatter)
    __scatterload_rt2                        0x000000c9   Thumb Code    52  __scatter.o(!!!scatter)
    __scatterload_rt2_thumb_only             0x000000c9   Thumb Code     0  __scatter.o(!!!scatter)
    __scatterload_null                       0x000000d9   Thumb Code     0  __scatter.o(!!!scatter)
    __scatterload_copy                       0x00000105   Thumb Code    26  __scatter_copy.o(!!handler_copy)
    __scatterload_zeroinit                   0x00000121   Thumb Code    28  __scatter_zi.o(!!handler_zi)
    __rt_lib_init                            0x0000013d   Thumb Code     0  libinit.o(.ARM.Collect$$libinit$$00000000)
    __rt_lib_init_alloca_1                   0x0000013f   Thumb Code     0  libinit2.o(.ARM.Collect$$libinit$$0000002E)
    __rt_lib_init_argv_1                     0x0000013f   Thumb Code     0  libinit2.o(.ARM.Collect$$libinit$$0000002C)
    __rt_lib_init_atexit_1                   0x0000013f   Thumb Code     0  libinit2.o(.ARM.Collect$$libinit$$0000001B)
    __rt_lib_init_clock_1                    0x0000013f   Thumb Code     0  libinit2.o(.ARM.Collect$$libinit$$00000021)
    __rt_lib_init_cpp_1                      0x0000013f   Thumb Code     0  libinit2.o(.ARM.Collect$$libinit$$00000032)
    __rt_lib_init_exceptions_1               0x0000013f   Thumb Code     0  libinit2.o(.ARM.Collect$$libinit$$00000030)
    __rt_lib_init_fp_1                       0x0000013f   Thumb Code     0  libinit2.o(.ARM.Collect$$libinit$$00000002)
    __rt_lib_init_fp_trap_1                  0x0000013f   Thumb Code     0  libinit2.o(.ARM.Collect$$libinit$$0000001F)
    __rt_lib_init_getenv_1                   0x0000013f   Thumb Code     0  libinit2.o(.ARM.Collect$$libinit$$00000023)
    __rt_lib_init_heap_1                     0x0000013f   Thumb Code     0  libinit2.o(.ARM.Collect$$libinit$$0000000A)
    __rt_lib_init_lc_collate_1               0x0000013f   Thumb Code     0  libinit2.o(.ARM.Collect$$libinit$$00000011)
    __rt_lib_init_lc_ctype_1                 0x0000013f   Thumb Code     0  libinit2.o(.ARM.Collect$$libinit$$00000013)
    __rt_lib_init_lc_monetary_1              0x0000013f   Thumb Code     0  libinit2.o(.ARM.Collect$$libinit$$00000015)
    __rt_lib_init_lc_numeric_1               0x0000013f   Thumb Code     0  libinit2.o(.ARM.Collect$$libinit$$00000017)
    __rt_lib_init_lc_time_1                  0x0000013f   Thumb Code     0  libinit2.o(.ARM.Collect$$libinit$$00000019)
    __rt_lib_init_preinit_1                  0x0000013f   Thumb Code     0  libinit2.o(.ARM.Collect$$libinit$$00000004)
    __rt_lib_init_rand_1                     0x0000013f   Thumb Code     0  libinit2.o(.ARM.Collect$$libinit$$0000000E)
    __rt_lib_init_return                     0x0000013f   Thumb Code     0  libinit2.o(.ARM.Collect$$libinit$$00000033)
    __rt_lib_init_signal_1                   0x0000013f   Thumb Code     0  libinit2.o(.ARM.Collect$$libinit$$0000001D)
    __rt_lib_init_stdio_1                    0x0000013f   Thumb Code     0  libinit2.o(.ARM.Collect$$libinit$$00000025)
    __rt_lib_init_user_alloc_1               0x0000013f   Thumb Code     0  libinit2.o(.ARM.Collect$$libinit$$0000000C)
    __rt_lib_shutdown                        0x00000141   Thumb Code     0  libshutdown.o(.ARM.Collect$$libshutdown$$00000000)
    __rt_lib_shutdown_cpp_1                  0x00000143   Thumb Code     0  libshutdown2.o(.ARM.Collect$$libshutdown$$00000002)
    __rt_lib_shutdown_fp_trap_1              0x00000143   Thumb Code     0  libshutdown2.o(.ARM.Collect$$libshutdown$$00000007)
    __rt_lib_shutdown_heap_1                 0x00000143   Thumb Code     0  libshutdown2.o(.ARM.Collect$$libshutdown$$0000000F)
    __rt_lib_shutdown_return                 0x00000143   Thumb Code     0  libshutdown2.o(.ARM.Collect$$libshutdown$$00000010)
    __rt_lib_shutdown_signal_1               0x00000143   Thumb Code     0  libshutdown2.o(.ARM.Collect$$libshutdown$$0000000A)
    __rt_lib_shutdown_stdio_1                0x00000143   Thumb Code     0  libshutdown2.o(.ARM.Collect$$libshutdown$$00000004)
    __rt_lib_shutdown_user_alloc_1           0x00000143   Thumb Code     0  libshutdown2.o(.ARM.Collect$$libshutdown$$0000000C)
    __rt_entry                               0x00000145   Thumb Code     0  __rtentry.o(.ARM.Collect$$rtentry$$00000000)
    __rt_entry_presh_1                       0x00000145   Thumb Code     0  __rtentry2.o(.ARM.Collect$$rtentry$$00000002)
    __rt_entry_sh                            0x00000145   Thumb Code     0  __rtentry4.o(.ARM.Collect$$rtentry$$00000004)
    __rt_entry_li                            0x0000014b   Thumb Code     0  __rtentry2.o(.ARM.Collect$$rtentry$$0000000A)
    __rt_entry_postsh_1                      0x0000014b   Thumb Code     0  __rtentry2.o(.ARM.Collect$$rtentry$$00000009)
    __rt_entry_main                          0x0000014f   Thumb Code     0  __rtentry2.o(.ARM.Collect$$rtentry$$0000000D)
    __rt_entry_postli_1                      0x0000014f   Thumb Code     0  __rtentry2.o(.ARM.Collect$$rtentry$$0000000C)
    __rt_exit                                0x00000157   Thumb Code     0  rtexit.o(.ARM.Collect$$rtexit$$00000000)
    __rt_exit_ls                             0x00000159   Thumb Code     0  rtexit2.o(.ARM.Collect$$rtexit$$00000003)
    __rt_exit_prels_1                        0x00000159   Thumb Code     0  rtexit2.o(.ARM.Collect$$rtexit$$00000002)
    __rt_exit_exit                           0x0000015d   Thumb Code     0  rtexit2.o(.ARM.Collect$$rtexit$$00000004)
    Reset_Handler                            0x00000165   Thumb Code    26  arm_startup_nrf51.o(.text)
    NMI_Handler                              0x0000017f   Thumb Code     2  arm_startup_nrf51.o(.text)
    HardFault_Handler                        0x00000181   Thumb Code     2  arm_startup_nrf51.o(.text)
    SVC_Handler                              0x00000183   Thumb Code     2  arm_startup_nrf51.o(.text)
    PendSV_Handler                           0x00000185   Thumb Code     2  arm_startup_nrf51.o(.text)
    SysTick_Handler                          0x00000187   Thumb Code     2  arm_startup_nrf51.o(.text)
    ADC_IRQHandler                           0x00000189   Thumb Code     0  arm_startup_nrf51.o(.text)
    CCM_AAR_IRQHandler                       0x00000189   Thumb Code     0  arm_startup_nrf51.o(.text)
    ECB_IRQHandler                           0x00000189   Thumb Code     0  arm_startup_nrf51.o(.text)
    LPCOMP_IRQHandler                        0x00000189   Thumb Code     0  arm_startup_nrf51.o(.text)
    QDEC_IRQHandler                          0x00000189   Thumb Code     0  arm_startup_nrf51.o(.text)
    RADIO_IRQHandler                         0x00000189   Thumb Code     0  arm_startup_nrf51.o(.text)
    RNG_IRQHandler                           0x00000189   Thumb Code     0  arm_startup_nrf51.o(.text)
    RTC0_IRQHandler                          0x00000189   Thumb Code     0  arm_startup_nrf51.o(.text)
    SPI0_TWI0_IRQHandler                     0x00000189   Thumb Code     0  arm_startup_nrf51.o(.text)
    SPI1_TWI1_IRQHandler                     0x00000189   Thumb Code     0  arm_startup_nrf51.o(.text)
    SWI1_IRQHandler                          0x00000189   Thumb Code     0  arm_startup_nrf51.o(.text)
    SWI3_IRQHandler                          0x00000189   Thumb Code     0  arm_startup_nrf51.o(.text)
    SWI4_IRQHandler                          0x00000189   Thumb Code     0  arm_startup_nrf51.o(.text)
    SWI5_IRQHandler                          0x00000189   Thumb Code     0  arm_startup_nrf51.o(.text)
    TEMP_IRQHandler                          0x00000189   Thumb Code     0  arm_startup_nrf51.o(.text)
    TIMER0_IRQHandler                        0x00000189   Thumb Code     0  arm_startup_nrf51.o(.text)
    TIMER1_IRQHandler                        0x00000189   Thumb Code     0  arm_startup_nrf51.o(.text)
    TIMER2_IRQHandler                        0x00000189   Thumb Code     0  arm_startup_nrf51.o(.text)
    WDT_IRQHandler                           0x00000189   Thumb Code     0  arm_startup_nrf51.o(.text)
    __user_initial_stackheap                 0x0000018d   Thumb Code    10  arm_startup_nrf51.o(.text)
    _memset_w                                0x000001b5   Thumb Code    26  rt_memclr.o(.text)
    _memset                                  0x000001cf   Thumb Code    30  rt_memclr.o(.text)
    __aeabi_memclr                           0x000001ed   Thumb Code     4  rt_memclr.o(.text)
    __rt_memclr                              0x000001ed   Thumb Code     0  rt_memclr.o(.text)
    __aeabi_memclr4                          0x000001f1   Thumb Code     0  rt_memclr.o(.text)
    __aeabi_memclr8                          0x000001f1   Thumb Code     0  rt_memclr.o(.text)
    __rt_memclr_w                            0x000001f1   Thumb Code     4  rt_memclr.o(.text)
    __use_two_region_memory                  0x000001f5   Thumb Code     2  heapauxi.o(.text)
    __rt_heap_escrow$2region                 0x000001f7   Thumb Code     2  heapauxi.o(.text)
    __rt_heap_expand$2region                 0x000001f9   Thumb Code     2  heapauxi.o(.text)
    __user_setup_stackheap                   0x000001fb   Thumb Code    62  sys_stackheap_outer.o(.text)
    exit                                     0x00000239   Thumb Code    16  exit.o(.text)
    __user_libspace                          0x00000249   Thumb Code     8  libspace.o(.text)
    __user_perproc_libspace                  0x00000249   Thumb Code     0  libspace.o(.text)
    __user_perthread_libspace                0x00000249   Thumb Code     0  libspace.o(.text)
    _sys_exit                                0x00000251   Thumb Code     8  sys_exit.o(.text)
    __I$use$semihosting                      0x0000025d   Thumb Code     0  use_no_semi.o(.text)
    __use_no_semihosting_swi                 0x0000025d   Thumb Code     2  use_no_semi.o(.text)
    __semihosting_library_function           0x0000025f   Thumb Code     0  indicate_semi.o(.text)
    GPIOTE_IRQHandler                        0x00000261   Thumb Code   618  nrf_drv_gpiote.o(i.GPIOTE_IRQHandler)
    POWER_CLOCK_IRQHandler                   0x00000515   Thumb Code    78  nrf_drv_clock.o(i.POWER_CLOCK_IRQHandler)
    RTC1_IRQHandler                          0x00000569   Thumb Code    34  app_timer.o(i.RTC1_IRQHandler)
    SWI0_IRQHandler                          0x00000591   Thumb Code     8  app_timer.o(i.SWI0_IRQHandler)
    SWI2_IRQHandler                          0x00000599   Thumb Code    46  softdevice_handler.o(i.SWI2_IRQHandler)
    SystemInit                               0x000005cd   Thumb Code    76  system_nrf51.o(i.SystemInit)
    UART0_IRQHandler                         0x00000631   Thumb Code    12  nrf_drv_uart.o(i.UART0_IRQHandler)
    __ARM_common_switch8                     0x00000645   Thumb Code    28  main.o(i.__ARM_common_switch8)
    app_error_fault_handler                  0x00000691   Thumb Code    48  app_error_weak.o(i.app_error_fault_handler)
    app_error_handler_bare                   0x000006c9   Thumb Code    26  app_error.o(i.app_error_handler_bare)
    fs_erase                                 0x00000a6d   Thumb Code   136  fstorage.o(i.fs_erase)
    fs_store                                 0x00000b09   Thumb Code   150  fstorage.o(i.fs_store)
    intern_softdevice_events_execute         0x00000fbd   Thumb Code   180  softdevice_handler.o(i.intern_softdevice_events_execute)
    main                                     0x00001315   Thumb Code    68  main.o(i.main)
    nrf_drv_clock_on_soc_event               0x00001425   Thumb Code    14  nrf_drv_clock.o(i.nrf_drv_clock_on_soc_event)
    Region$$Table$$Base                      0x00002184   Number         0  anon$$obj.o(Region$$Table)
    Region$$Table$$Limit                     0x000021a4   Number         0  anon$$obj.o(Region$$Table)
    Image$$RW_IRAM1$$Base                    0x00200000   Number         0  anon$$obj.o ABSOLUTE
    SystemCoreClock                          0x00200058   Data           4  system_nrf51.o(.data)
    fs_data$$Base                            0x0020005c   Number         0  fds.o(fs_data)
    fs_data$$Limit                           0x0020006c   Number         0  fds.o(fs_data)
    __libspace_start                         0x00200268   Data          96  libspace.o(.bss)
    __temporary_stack_top$libspace           0x002002c8   Data           0  libspace.o(.bss)



==============================================================================

Memory Map of the image

  Image Entry point : 0x000000c1

  Load Region LR_IROM1 (Base: 0x00000000, Size: 0x00002210, Max: 0x00040000, ABSOLUTE)

    Execution Region ER_IROM1 (Exec base: 0x00000000, Load base: 0x00000000, Size: 0x000021a4, Max: 0x00040000, ABSOLUTE)

    Exec Addr    Load Addr    Size         Type   Attr      Idx    E Section Name        Object

    0x00000000   0x00000000   0x000000c0   Data   RO         5191    RESET               arm_startup_nrf51.o
    0x000000c0   0x000000c0   0x00000008   Code   RO         5265  * !!!main             c_p.l(__main.o)
    0x000000c8   0x000000c8   0x0000003c   Code   RO         5434    !!!scatter          c_p.l(__scatter.o)
    0x00000104   0x00000104   0x0000001a   Code   RO         5436    !!handler_copy      c_p.l(__scatter_copy.o)
    0x0000011e   0x0000011e   0x00000002   PAD
    0x00000120   0x00000120   0x0000001c   Code   RO         5438    !!handler_zi        c_p.l(__scatter_zi.o)
    0x0000013c   0x0000013c   0x00000002   Code   RO         5303    .ARM.Collect$$libinit$$00000000  c_p.l(libinit.o)
    0x0000013e   0x0000013e   0x00000000   Code   RO         5317    .ARM.Collect$$libinit$$00000002  c_p.l(libinit2.o)
    0x0000013e   0x0000013e   0x00000000   Code   RO         5319    .ARM.Collect$$libinit$$00000004  c_p.l(libinit2.o)
    0x0000013e   0x0000013e   0x00000000   Code   RO         5322    .ARM.Collect$$libinit$$0000000A  c_p.l(libinit2.o)
    0x0000013e   0x0000013e   0x00000000   Code   RO         5324    .ARM.Collect$$libinit$$0000000C  c_p.l(libinit2.o)
    0x0000013e   0x0000013e   0x00000000   Code   RO         5326    .ARM.Collect$$libinit$$0000000E  c_p.l(libinit2.o)
    0x0000013e   0x0000013e   0x00000000   Code   RO         5329    .ARM.Collect$$libinit$$00000011  c_p.l(libinit2.o)
    0x0000013e   0x0000013e   0x00000000   Code   RO         5331    .ARM.Collect$$libinit$$00000013  c_p.l(libinit2.o)
    0x0000013e   0x0000013e   0x00000000   Code   RO         5333    .ARM.Collect$$libinit$$00000015  c_p.l(libinit2.o)
    0x0000013e   0x0000013e   0x00000000   Code   RO         5335    .ARM.Collect$$libinit$$00000017  c_p.l(libinit2.o)
    0x0000013e   0x0000013e   0x00000000   Code   RO         5337    .ARM.Collect$$libinit$$00000019  c_p.l(libinit2.o)
    0x0000013e   0x0000013e   0x00000000   Code   RO         5339    .ARM.Collect$$libinit$$0000001B  c_p.l(libinit2.o)
    0x0000013e   0x0000013e   0x00000000   Code   RO         5341    .ARM.Collect$$libinit$$0000001D  c_p.l(libinit2.o)
    0x0000013e   0x0000013e   0x00000000   Code   RO         5343    .ARM.Collect$$libinit$$0000001F  c_p.l(libinit2.o)
    0x0000013e   0x0000013e   0x00000000   Code   RO         5345    .ARM.Collect$$libinit$$00000021  c_p.l(libinit2.o)
    0x0000013e   0x0000013e   0x00000000   Code   RO         5347    .ARM.Collect$$libinit$$00000023  c_p.l(libinit2.o)
    0x0000013e   0x0000013e   0x00000000   Code   RO         5349    .ARM.Collect$$libinit$$00000025  c_p.l(libinit2.o)
    0x0000013e   0x0000013e   0x00000000   Code   RO         5353    .ARM.Collect$$libinit$$0000002C  c_p.l(libinit2.o)
    0x0000013e   0x0000013e   0x00000000   Code   RO         5355    .ARM.Collect$$libinit$$0000002E  c_p.l(libinit2.o)
    0x0000013e   0x0000013e   0x00000000   Code   RO         5357    .ARM.Collect$$libinit$$00000030  c_p.l(libinit2.o)
    0x0000013e   0x0000013e   0x00000000   Code   RO         5359    .ARM.Collect$$libinit$$00000032  c_p.l(libinit2.o)
    0x0000013e   0x0000013e   0x00000002   Code   RO         5360    .ARM.Collect$$libinit$$00000033  c_p.l(libinit2.o)
    0x00000140   0x00000140   0x00000002   Code   RO         5391    .ARM.Collect$$libshutdown$$00000000  c_p.l(libshutdown.o)
    0x00000142   0x00000142   0x00000000   Code   RO         5417    .ARM.Collect$$libshutdown$$00000002  c_p.l(libshutdown2.o)
    0x00000142   0x00000142   0x00000000   Code   RO         5419    .ARM.Collect$$libshutdown$$00000004  c_p.l(libshutdown2.o)
    0x00000142   0x00000142   0x00000000   Code   RO         5422    .ARM.Collect$$libshutdown$$00000007  c_p.l(libshutdown2.o)
    0x00000142   0x00000142   0x00000000   Code   RO         5425    .ARM.Collect$$libshutdown$$0000000A  c_p.l(libshutdown2.o)
    0x00000142   0x00000142   0x00000000   Code   RO         5427    .ARM.Collect$$libshutdown$$0000000C  c_p.l(libshutdown2.o)
    0x00000142   0x00000142   0x00000000   Code   RO         5430    .ARM.Collect$$libshutdown$$0000000F  c_p.l(libshutdown2.o)
    0x00000142   0x00000142   0x00000002   Code   RO         5431    .ARM.Collect$$libshutdown$$00000010  c_p.l(libshutdown2.o)
    0x00000144   0x00000144   0x00000000   Code   RO         5267    .ARM.Collect$$rtentry$$00000000  c_p.l(__rtentry.o)
    0x00000144   0x00000144   0x00000000   Code   RO         5273    .ARM.Collect$$rtentry$$00000002  c_p.l(__rtentry2.o)
    0x00000144   0x00000144   0x00000006   Code   RO         5285    .ARM.Collect$$rtentry$$00000004  c_p.l(__rtentry4.o)
    0x0000014a   0x0000014a   0x00000000   Code   RO         5275    .ARM.Collect$$rtentry$$00000009  c_p.l(__rtentry2.o)
    0x0000014a   0x0000014a   0x00000004   Code   RO         5276    .ARM.Collect$$rtentry$$0000000A  c_p.l(__rtentry2.o)
    0x0000014e   0x0000014e   0x00000000   Code   RO         5278    .ARM.Collect$$rtentry$$0000000C  c_p.l(__rtentry2.o)
    0x0000014e   0x0000014e   0x00000008   Code   RO         5279    .ARM.Collect$$rtentry$$0000000D  c_p.l(__rtentry2.o)
    0x00000156   0x00000156   0x00000002   Code   RO         5308    .ARM.Collect$$rtexit$$00000000  c_p.l(rtexit.o)
    0x00000158   0x00000158   0x00000000   Code   RO         5364    .ARM.Collect$$rtexit$$00000002  c_p.l(rtexit2.o)
    0x00000158   0x00000158   0x00000004   Code   RO         5365    .ARM.Collect$$rtexit$$00000003  c_p.l(rtexit2.o)
    0x0000015c   0x0000015c   0x00000006   Code   RO         5366    .ARM.Collect$$rtexit$$00000004  c_p.l(rtexit2.o)
    0x00000162   0x00000162   0x00000002   PAD
    0x00000164   0x00000164   0x00000050   Code   RO         5192    .text               arm_startup_nrf51.o
    0x000001b4   0x000001b4   0x00000040   Code   RO         5257    .text               c_p.l(rt_memclr.o)
    0x000001f4   0x000001f4   0x00000006   Code   RO         5263    .text               c_p.l(heapauxi.o)
    0x000001fa   0x000001fa   0x0000003e   Code   RO         5289    .text               c_p.l(sys_stackheap_outer.o)
    0x00000238   0x00000238   0x00000010   Code   RO         5292    .text               c_p.l(exit.o)
    0x00000248   0x00000248   0x00000008   Code   RO         5304    .text               c_p.l(libspace.o)
    0x00000250   0x00000250   0x0000000c   Code   RO         5361    .text               c_p.l(sys_exit.o)
    0x0000025c   0x0000025c   0x00000002   Code   RO         5380    .text               c_p.l(use_no_semi.o)
    0x0000025e   0x0000025e   0x00000000   Code   RO         5382    .text               c_p.l(indicate_semi.o)
    0x0000025e   0x0000025e   0x00000002   PAD
    0x00000260   0x00000260   0x00000278   Code   RO         3299    i.GPIOTE_IRQHandler  nrf_drv_gpiote.o
    0x000004d8   0x000004d8   0x00000014   Code   RO         3899    i.NVIC_ClearPendingIRQ  app_timer.o
    0x000004ec   0x000004ec   0x00000014   Code   RO         3900    i.NVIC_EnableIRQ    app_timer.o
    0x00000500   0x00000500   0x00000014   Code   RO         3901    i.NVIC_SetPendingIRQ  app_timer.o
    0x00000514   0x00000514   0x00000054   Code   RO         3054    i.POWER_CLOCK_IRQHandler  nrf_drv_clock.o
    0x00000568   0x00000568   0x00000028   Code   RO         3903    i.RTC1_IRQHandler   app_timer.o
    0x00000590   0x00000590   0x00000008   Code   RO         3904    i.SWI0_IRQHandler   app_timer.o
    0x00000598   0x00000598   0x00000034   Code   RO         5050    i.SWI2_IRQHandler   softdevice_handler.o
    0x000005cc   0x000005cc   0x00000064   Code   RO         5199    i.SystemInit        system_nrf51.o
    0x00000630   0x00000630   0x00000014   Code   RO         3556    i.UART0_IRQHandler  nrf_drv_uart.o
    0x00000644   0x00000644   0x0000001c   Code   RO          193    i.__ARM_common_switch8  main.o
    0x00000660   0x00000660   0x00000030   Code   RO         4189    i.address_is_valid  fds.o
    0x00000690   0x00000690   0x00000038   Code   RO         3876    i.app_error_fault_handler  app_error_weak.o
    0x000006c8   0x000006c8   0x00000020   Code   RO         3838    i.app_error_handler_bare  app_error.o
    0x000006e8   0x000006e8   0x00000010   Code   RO         3301    i.channel_handler_get  nrf_drv_gpiote.o
    0x000006f8   0x000006f8   0x0000000c   Code   RO         3303    i.channel_port_get  nrf_drv_gpiote.o
    0x00000704   0x00000704   0x00000024   Code   RO         4611    i.check_config      fstorage.o
    0x00000728   0x00000728   0x00000030   Code   RO         4191    i.chunk_queue_get_and_advance  fds.o
    0x00000758   0x00000758   0x0000002c   Code   RO         4193    i.chunk_queue_skip  fds.o
    0x00000784   0x00000784   0x00000034   Code   RO         3055    i.clock_clk_started_notify  nrf_drv_clock.o
    0x000007b8   0x000007b8   0x0000008c   Code   RO         3912    i.compare_reg_update  app_timer.o
    0x00000844   0x00000844   0x00000050   Code   RO         4194    i.delete_execute    fds.o
    0x00000894   0x00000894   0x00000064   Code   RO         3913    i.elapsed_ticks_acquire  app_timer.o
    0x000008f8   0x000008f8   0x0000000a   Code   RO         4612    i.erase_execute     fstorage.o
    0x00000902   0x00000902   0x00000078   Code   RO         4196    i.event_prepare     fds.o
    0x0000097a   0x0000097a   0x00000002   PAD
    0x0000097c   0x0000097c   0x00000028   Code   RO         4197    i.event_send        fds.o
    0x000009a4   0x000009a4   0x0000005c   Code   RO         3914    i.expired_timers_handler  app_timer.o
    0x00000a00   0x00000a00   0x00000034   Code   RO         4217    i.file_find_and_delete  fds.o
    0x00000a34   0x00000a34   0x00000010   Code   RO         4218    i.flag_clear        fds.o
    0x00000a44   0x00000a44   0x00000018   Code   RO         4219    i.flag_is_set       fds.o
    0x00000a5c   0x00000a5c   0x00000010   Code   RO         4220    i.flag_set          fds.o
    0x00000a6c   0x00000a6c   0x0000008c   Code   RO         4613    i.fs_erase          fstorage.o
    0x00000af8   0x00000af8   0x0000000e   Code   RO         4221    i.fs_event_handler  fds.o
    0x00000b06   0x00000b06   0x00000002   PAD
    0x00000b08   0x00000b08   0x0000009c   Code   RO         4620    i.fs_store          fstorage.o
    0x00000ba4   0x00000ba4   0x00000074   Code   RO         4222    i.gc_execute        fds.o
    0x00000c18   0x00000c18   0x0000003c   Code   RO         4223    i.gc_init           fds.o
    0x00000c54   0x00000c54   0x00000028   Code   RO         4224    i.gc_next_page      fds.o
    0x00000c7c   0x00000c7c   0x00000044   Code   RO         4225    i.gc_page_erase     fds.o
    0x00000cc0   0x00000cc0   0x0000004c   Code   RO         4226    i.gc_page_next      fds.o
    0x00000d0c   0x00000d0c   0x00000040   Code   RO         4227    i.gc_record_copy    fds.o
    0x00000d4c   0x00000d4c   0x00000028   Code   RO         4228    i.gc_record_find_next  fds.o
    0x00000d74   0x00000d74   0x00000058   Code   RO         4229    i.gc_state_advance  fds.o
    0x00000dcc   0x00000dcc   0x0000002c   Code   RO         4230    i.gc_swap_erase     fds.o
    0x00000df8   0x00000df8   0x00000044   Code   RO         4231    i.gc_swap_pages     fds.o
    0x00000e3c   0x00000e3c   0x00000020   Code   RO         4232    i.gc_swap_promote   fds.o
    0x00000e5c   0x00000e5c   0x00000018   Code   RO         4233    i.gc_tag_new_swap   fds.o
    0x00000e74   0x00000e74   0x00000020   Code   RO         4234    i.gc_update_swap_offset  fds.o
    0x00000e94   0x00000e94   0x0000001c   Code   RO         4235    i.header_is_valid   fds.o
    0x00000eb0   0x00000eb0   0x0000010c   Code   RO         4236    i.init_execute      fds.o
    0x00000fbc   0x00000fbc   0x000000cc   Code   RO         5052    i.intern_softdevice_events_execute  softdevice_handler.o
    0x00001088   0x00001088   0x00000038   Code   RO         5200    i.is_disabled_in_debug_needed  system_nrf51.o
    0x000010c0   0x000010c0   0x0000006c   Code   RO         5201    i.is_manual_peripheral_setup_needed  system_nrf51.o
    0x0000112c   0x0000112c   0x00000054   Code   RO         5202    i.is_peripheral_domain_setup_needed  system_nrf51.o
    0x00001180   0x00001180   0x00000012   Code   RO         4237    i.is_word_aligned   fds.o
    0x00001192   0x00001192   0x0000000e   Code   RO         3058    i.item_dequeue      nrf_drv_clock.o
    0x000011a0   0x000011a0   0x0000007c   Code   RO         3915    i.list_deletions_handler  app_timer.o
    0x0000121c   0x0000121c   0x000000f8   Code   RO         3916    i.list_insertions_handler  app_timer.o
    0x00001314   0x00001314   0x00000044   Code   RO           19    i.main              main.o
    0x00001358   0x00001358   0x00000016   Code   RO         3304    i.nrf_bitmask_bit_is_set  nrf_drv_gpiote.o
    0x0000136e   0x0000136e   0x00000016   Code   RO         3062    i.nrf_clock_event_check  nrf_drv_clock.o
    0x00001384   0x00001384   0x0000000c   Code   RO         3063    i.nrf_clock_event_clear  nrf_drv_clock.o
    0x00001390   0x00001390   0x0000000c   Code   RO         3065    i.nrf_clock_int_disable  nrf_drv_clock.o
    0x0000139c   0x0000139c   0x00000048   Code   RO           20    i.nrf_delay_ms      main.o
    0x000013e4   0x000013e4   0x00000040   Code   RO         3917    i.nrf_delay_us      app_timer.o
    0x00001424   0x00001424   0x0000000e   Code   RO         3082    i.nrf_drv_clock_on_soc_event  nrf_drv_clock.o
    0x00001432   0x00001432   0x00000038   Code   RO           21    i.nrf_gpio_cfg_output  main.o
    0x0000146a   0x0000146a   0x00000040   Code   RO         3326    i.nrf_gpio_cfg_sense_set  nrf_drv_gpiote.o
    0x000014aa   0x000014aa   0x00000018   Code   RO           22    i.nrf_gpio_pin_clear  main.o
    0x000014c2   0x000014c2   0x00000018   Code   RO           23    i.nrf_gpio_pin_set  main.o
    0x000014da   0x000014da   0x00000002   PAD
    0x000014dc   0x000014dc   0x00000030   Code   RO         3330    i.nrf_gpio_ports_read  nrf_drv_gpiote.o
    0x0000150c   0x0000150c   0x0000000c   Code   RO         3331    i.nrf_gpiote_event_addr_get  nrf_drv_gpiote.o
    0x00001518   0x00001518   0x00000010   Code   RO         3332    i.nrf_gpiote_event_clear  nrf_drv_gpiote.o
    0x00001528   0x00001528   0x00000016   Code   RO         3333    i.nrf_gpiote_event_is_set  nrf_drv_gpiote.o
    0x0000153e   0x0000153e   0x00000014   Code   RO         3576    i.nrf_uart_errorsrc_get_and_clear  nrf_drv_uart.o
    0x00001552   0x00001552   0x00000010   Code   RO         3577    i.nrf_uart_event_check  nrf_drv_uart.o
    0x00001562   0x00001562   0x00000006   Code   RO         3578    i.nrf_uart_event_clear  nrf_drv_uart.o
    0x00001568   0x00001568   0x0000000a   Code   RO         3580    i.nrf_uart_int_disable  nrf_drv_uart.o
    0x00001572   0x00001572   0x00000018   Code   RO         3582    i.nrf_uart_int_enable_check  nrf_drv_uart.o
    0x0000158a   0x0000158a   0x00000006   Code   RO         3583    i.nrf_uart_task_trigger  nrf_drv_uart.o
    0x00001590   0x00001590   0x00000040   Code   RO         4239    i.page_from_record  fds.o
    0x000015d0   0x000015d0   0x00000012   Code   RO         4243    i.page_offsets_update  fds.o
    0x000015e2   0x000015e2   0x00000002   PAD
    0x000015e4   0x000015e4   0x00000020   Code   RO         4245    i.page_tag_write_data  fds.o
    0x00001604   0x00001604   0x00000024   Code   RO         4246    i.page_tag_write_swap  fds.o
    0x00001628   0x00001628   0x00000048   Code   RO         4248    i.queue_advance     fds.o
    0x00001670   0x00001670   0x00000064   Code   RO         4625    i.queue_get_next_free  fstorage.o
    0x000016d4   0x000016d4   0x000000a8   Code   RO         4249    i.queue_process     fds.o
    0x0000177c   0x0000177c   0x00000070   Code   RO         4626    i.queue_process     fstorage.o
    0x000017ec   0x000017ec   0x00000030   Code   RO         4627    i.queue_start       fstorage.o
    0x0000181c   0x0000181c   0x00000090   Code   RO         4251    i.record_find       fds.o
    0x000018ac   0x000018ac   0x0000003c   Code   RO         4252    i.record_find_and_delete  fds.o
    0x000018e8   0x000018e8   0x00000080   Code   RO         4253    i.record_find_by_desc  fds.o
    0x00001968   0x00001968   0x00000064   Code   RO         4254    i.record_find_next  fds.o
    0x000019cc   0x000019cc   0x0000003c   Code   RO         4255    i.record_header_flag_dirty  fds.o
    0x00001a08   0x00001a08   0x0000002c   Code   RO         4256    i.record_header_write_begin  fds.o
    0x00001a34   0x00001a34   0x00000038   Code   RO         4257    i.record_header_write_finalize  fds.o
    0x00001a6c   0x00001a6c   0x0000003c   Code   RO         4258    i.record_header_write_id  fds.o
    0x00001aa8   0x00001aa8   0x00000054   Code   RO         4260    i.record_write_chunk  fds.o
    0x00001afc   0x00001afc   0x0000000c   Code   RO         3918    i.rtc1_compare0_set  app_timer.o
    0x00001b08   0x00001b08   0x0000000c   Code   RO         3919    i.rtc1_counter_get  app_timer.o
    0x00001b14   0x00001b14   0x0000003c   Code   RO         3921    i.rtc1_start        app_timer.o
    0x00001b50   0x00001b50   0x00000058   Code   RO         3922    i.rtc1_stop         app_timer.o
    0x00001ba8   0x00001ba8   0x00000048   Code   RO         3586    i.rx_byte           nrf_drv_uart.o
    0x00001bf0   0x00001bf0   0x0000001c   Code   RO         3587    i.rx_done_event     nrf_drv_uart.o
    0x00001c0c   0x00001c0c   0x0000005a   Code   RO         4628    i.send_event        fstorage.o
    0x00001c66   0x00001c66   0x00000032   Code   RO         4629    i.store_execute     fstorage.o
    0x00001c98   0x00001c98   0x0000000a   Code   RO         3923    i.ticks_diff_get    app_timer.o
    0x00001ca2   0x00001ca2   0x00000002   PAD
    0x00001ca4   0x00001ca4   0x0000003c   Code   RO         3924    i.timeout_handler_exec  app_timer.o
    0x00001ce0   0x00001ce0   0x00000058   Code   RO         3925    i.timer_list_handler  app_timer.o
    0x00001d38   0x00001d38   0x0000000a   Code   RO         3926    i.timer_list_handler_sched  app_timer.o
    0x00001d42   0x00001d42   0x00000002   PAD
    0x00001d44   0x00001d44   0x0000006c   Code   RO         3927    i.timer_list_insert  app_timer.o
    0x00001db0   0x00001db0   0x00000070   Code   RO         3928    i.timer_list_remove  app_timer.o
    0x00001e20   0x00001e20   0x00000094   Code   RO         3931    i.timer_timeouts_check  app_timer.o
    0x00001eb4   0x00001eb4   0x0000000a   Code   RO         3932    i.timer_timeouts_check_sched  app_timer.o
    0x00001ebe   0x00001ebe   0x0000002a   Code   RO         3589    i.tx_byte           nrf_drv_uart.o
    0x00001ee8   0x00001ee8   0x00000022   Code   RO         3590    i.tx_done_event     nrf_drv_uart.o
    0x00001f0a   0x00001f0a   0x00000158   Code   RO         3591    i.uart_irq_handler  nrf_drv_uart.o
    0x00002062   0x00002062   0x00000002   PAD
    0x00002064   0x00002064   0x000000c4   Code   RO         4262    i.write_execute     fds.o
    0x00002128   0x00002128   0x00000047   Data   RO         3341    .constdata          nrf_drv_gpiote.o
    0x0000216f   0x0000216f   0x00000001   PAD
    0x00002170   0x00002170   0x00000014   Data   RO         4266    .constdata          fds.o
    0x00002184   0x00002184   0x00000020   Data   RO         5432    Region$$Table       anon$$obj.o


    Execution Region RW_IRAM1 (Exec base: 0x00200000, Load base: 0x000021a4, Size: 0x00000ac8, Max: 0x00004000, ABSOLUTE)

    Exec Addr    Load Addr    Size         Type   Attr      Idx    E Section Name        Object

    0x00200000   0x000021a4   0x00000022   Data   RW         3935    .data               app_timer.o
    0x00200022   0x000021c6   0x00000002   PAD
    0x00200024   0x000021c8   0x0000001a   Data   RW         4267    .data               fds.o
    0x0020003e   0x000021e2   0x00000002   Data   RW         4631    .data               fstorage.o
    0x00200040   0x000021e4   0x00000018   Data   RW         5066    .data               softdevice_handler.o
    0x00200058   0x000021fc   0x00000004   Data   RW         5203    .data               system_nrf51.o
    0x0020005c   0x00002200   0x00000010   Data   RW         4268    fs_data             fds.o
    0x0020006c        -       0x00000014   Zero   RW         3084    .bss                nrf_drv_clock.o
    0x00200080        -       0x00000048   Zero   RW         3340    .bss                nrf_drv_gpiote.o
    0x002000c8        -       0x0000001c   Zero   RW         3592    .bss                nrf_drv_uart.o
    0x002000e4        -       0x0000011c   Zero   RW         4265    .bss                fds.o
    0x00200200        -       0x00000068   Zero   RW         4630    .bss                fstorage.o
    0x00200268        -       0x00000060   Zero   RW         5305    .bss                c_p.l(libspace.o)
    0x002002c8        -       0x00000000   Zero   RW         5190    HEAP                arm_startup_nrf51.o
    0x002002c8        -       0x00000800   Zero   RW         5189    STACK               arm_startup_nrf51.o


==============================================================================

Image component sizes


      Code (inc. data)   RO Data    RW Data    ZI Data      Debug   Object Name

        32          6          0          0          0       2213   app_error.o
        56          8          0          0          0       7190   app_error_weak.o
      1594        210          0         34          0      40560   app_timer.o
        80         32        192          0       2048        776   arm_startup_nrf51.o
      2890        358         20         42        284      33356   fds.o
       742         38          0          2        104       9177   fstorage.o
       272         10          0          0          0      74283   main.o
       210         18          0          0         20       9698   nrf_drv_clock.o
       844         34         71          0         72      23733   nrf_drv_gpiote.o
       622          8          0          0         28      17331   nrf_drv_uart.o
       256         30          0         24          0       4177   softdevice_handler.o
       348         38          0          4          0       2655   system_nrf51.o

    ----------------------------------------------------------------------
      7960        790        316        108       2556     225149   Object Totals
         0          0         32          0          0          0   (incl. Generated)
        14          0          1          2          0          0   (incl. Padding)

    ----------------------------------------------------------------------

      Code (inc. data)   RO Data    RW Data    ZI Data      Debug   Library Member Name

         8          0          0          0          0         68   __main.o
         0          0          0          0          0          0   __rtentry.o
        12          0          0          0          0          0   __rtentry2.o
         6          0          0          0          0          0   __rtentry4.o
        60          8          0          0          0          0   __scatter.o
        26          0          0          0          0          0   __scatter_copy.o
        28          0          0          0          0          0   __scatter_zi.o
        16          0          0          0          0         68   exit.o
         6          0          0          0          0        136   heapauxi.o
         0          0          0          0          0          0   indicate_semi.o
         2          0          0          0          0          0   libinit.o
         2          0          0          0          0          0   libinit2.o
         2          0          0          0          0          0   libshutdown.o
         2          0          0          0          0          0   libshutdown2.o
         8          4          0          0         96         68   libspace.o
        64          0          0          0          0        108   rt_memclr.o
         2          0          0          0          0          0   rtexit.o
        10          0          0          0          0          0   rtexit2.o
        12          4          0          0          0         60   sys_exit.o
        62          0          0          0          0         80   sys_stackheap_outer.o
         2          0          0          0          0         68   use_no_semi.o

    ----------------------------------------------------------------------
       336         16          0          0         96        656   Library Totals
         6          0          0          0          0          0   (incl. Padding)

    ----------------------------------------------------------------------

      Code (inc. data)   RO Data    RW Data    ZI Data      Debug   Library Name

       330         16          0          0         96        656   c_p.l

    ----------------------------------------------------------------------
       336         16          0          0         96        656   Library Totals

    ----------------------------------------------------------------------

==============================================================================


      Code (inc. data)   RO Data    RW Data    ZI Data      Debug   

      8296        806        316        108       2652     220521   Grand Totals
      8296        806        316        108       2652     220521   ELF Image Totals
      8296        806        316        108          0          0   ROM Totals

==============================================================================

    Total RO  Size (Code + RO Data)                 8612 (   8.41kB)
    Total RW  Size (RW Data + ZI Data)              2760 (   2.70kB)
    Total ROM Size (Code + RO Data + RW Data)       8720 (   8.52kB)

==============================================================================

