Archive member included because of file (symbol)

c:/gnu_tools_arm_embedded/4.9_2015q3/bin/../lib/gcc/arm-none-eabi/4.9.3/../../../../arm-none-eabi/lib/armv6-m\libc_nano.a(lib_a-exit.o)
                              c:/gnu_tools_arm_embedded/4.9_2015q3/bin/../lib/gcc/arm-none-eabi/4.9.3/../../../../arm-none-eabi/lib/armv6-m/crt0.o (exit)
c:/gnu_tools_arm_embedded/4.9_2015q3/bin/../lib/gcc/arm-none-eabi/4.9.3/../../../../arm-none-eabi/lib/armv6-m\libc_nano.a(lib_a-impure.o)
                              c:/gnu_tools_arm_embedded/4.9_2015q3/bin/../lib/gcc/arm-none-eabi/4.9.3/../../../../arm-none-eabi/lib/armv6-m\libc_nano.a(lib_a-exit.o) (_global_impure_ptr)
c:/gnu_tools_arm_embedded/4.9_2015q3/bin/../lib/gcc/arm-none-eabi/4.9.3/../../../../arm-none-eabi/lib/armv6-m\libc_nano.a(lib_a-init.o)
                              c:/gnu_tools_arm_embedded/4.9_2015q3/bin/../lib/gcc/arm-none-eabi/4.9.3/../../../../arm-none-eabi/lib/armv6-m/crt0.o (__libc_init_array)
c:/gnu_tools_arm_embedded/4.9_2015q3/bin/../lib/gcc/arm-none-eabi/4.9.3/../../../../arm-none-eabi/lib/armv6-m\libc_nano.a(lib_a-memset.o)
                              c:/gnu_tools_arm_embedded/4.9_2015q3/bin/../lib/gcc/arm-none-eabi/4.9.3/../../../../arm-none-eabi/lib/armv6-m/crt0.o (memset)
c:/gnu_tools_arm_embedded/4.9_2015q3/bin/../lib/gcc/arm-none-eabi/4.9.3/../../../../arm-none-eabi/lib/armv6-m\libnosys.a(_exit.o)
                              c:/gnu_tools_arm_embedded/4.9_2015q3/bin/../lib/gcc/arm-none-eabi/4.9.3/../../../../arm-none-eabi/lib/armv6-m\libc_nano.a(lib_a-exit.o) (_exit)
c:/gnu_tools_arm_embedded/4.9_2015q3/bin/../lib/gcc/arm-none-eabi/4.9.3/../../../../arm-none-eabi/lib/armv6-m\libc_nano.a(lib_a-memcpy.o)
                              _build/nrf51422_xxac_main.c.o (memcpy)
c:/gnu_tools_arm_embedded/4.9_2015q3/bin/../lib/gcc/arm-none-eabi/4.9.3/../../../../arm-none-eabi/lib/armv6-m\libc_nano.a(lib_a-strcpy.o)
                              _build/nrf51422_xxac_SEGGER_RTT.c.o (strcpy)
c:/gnu_tools_arm_embedded/4.9_2015q3/bin/../lib/gcc/arm-none-eabi/4.9.3/../../../../arm-none-eabi/lib/armv6-m\libc_nano.a(lib_a-strlen.o)
                              _build/nrf51422_xxac_SEGGER_RTT.c.o (strlen)

Allocating common symbols
Common symbol       size              file

_SEGGER_RTT         0x78              _build/nrf51422_xxac_SEGGER_RTT.c.o

Discarded input sections

 .text          0x00000000        0x0 c:/gnu_tools_arm_embedded/4.9_2015q3/bin/../lib/gcc/arm-none-eabi/4.9.3/armv6-m/crti.o
 .data          0x00000000        0x0 c:/gnu_tools_arm_embedded/4.9_2015q3/bin/../lib/gcc/arm-none-eabi/4.9.3/armv6-m/crti.o
 .bss           0x00000000        0x0 c:/gnu_tools_arm_embedded/4.9_2015q3/bin/../lib/gcc/arm-none-eabi/4.9.3/armv6-m/crti.o
 .data          0x00000000        0x4 c:/gnu_tools_arm_embedded/4.9_2015q3/bin/../lib/gcc/arm-none-eabi/4.9.3/armv6-m/crtbegin.o
 .data          0x00000000        0x0 c:/gnu_tools_arm_embedded/4.9_2015q3/bin/../lib/gcc/arm-none-eabi/4.9.3/../../../../arm-none-eabi/lib/armv6-m/crt0.o
 .bss           0x00000000        0x0 c:/gnu_tools_arm_embedded/4.9_2015q3/bin/../lib/gcc/arm-none-eabi/4.9.3/../../../../arm-none-eabi/lib/armv6-m/crt0.o
 .ARM.extab     0x00000000        0x0 c:/gnu_tools_arm_embedded/4.9_2015q3/bin/../lib/gcc/arm-none-eabi/4.9.3/../../../../arm-none-eabi/lib/armv6-m/crt0.o
 .text          0x00000000        0x0 c:/gnu_tools_arm_embedded/4.9_2015q3/bin/../lib/gcc/arm-none-eabi/4.9.3/../../../../arm-none-eabi/lib/armv6-m\libc_nano.a(lib_a-exit.o)
 .data          0x00000000        0x0 c:/gnu_tools_arm_embedded/4.9_2015q3/bin/../lib/gcc/arm-none-eabi/4.9.3/../../../../arm-none-eabi/lib/armv6-m\libc_nano.a(lib_a-exit.o)
 .bss           0x00000000        0x0 c:/gnu_tools_arm_embedded/4.9_2015q3/bin/../lib/gcc/arm-none-eabi/4.9.3/../../../../arm-none-eabi/lib/armv6-m\libc_nano.a(lib_a-exit.o)
 .text          0x00000000        0x0 c:/gnu_tools_arm_embedded/4.9_2015q3/bin/../lib/gcc/arm-none-eabi/4.9.3/../../../../arm-none-eabi/lib/armv6-m\libc_nano.a(lib_a-impure.o)
 .data          0x00000000        0x0 c:/gnu_tools_arm_embedded/4.9_2015q3/bin/../lib/gcc/arm-none-eabi/4.9.3/../../../../arm-none-eabi/lib/armv6-m\libc_nano.a(lib_a-impure.o)
 .bss           0x00000000        0x0 c:/gnu_tools_arm_embedded/4.9_2015q3/bin/../lib/gcc/arm-none-eabi/4.9.3/../../../../arm-none-eabi/lib/armv6-m\libc_nano.a(lib_a-impure.o)
 .data._impure_ptr
                0x00000000        0x4 c:/gnu_tools_arm_embedded/4.9_2015q3/bin/../lib/gcc/arm-none-eabi/4.9.3/../../../../arm-none-eabi/lib/armv6-m\libc_nano.a(lib_a-impure.o)
 .text          0x00000000        0x0 c:/gnu_tools_arm_embedded/4.9_2015q3/bin/../lib/gcc/arm-none-eabi/4.9.3/../../../../arm-none-eabi/lib/armv6-m\libc_nano.a(lib_a-init.o)
 .data          0x00000000        0x0 c:/gnu_tools_arm_embedded/4.9_2015q3/bin/../lib/gcc/arm-none-eabi/4.9.3/../../../../arm-none-eabi/lib/armv6-m\libc_nano.a(lib_a-init.o)
[...]
Memory Configuration

Name             Origin             Length             Attributes
FLASH            0x00000000         0x00040000         xr
RAM              0x20000000         0x00008000         xrw
*default*        0x00000000         0xffffffff

Linker script and memory map


.text           0x00000000      0xd74
 *(.isr_vector)
 .isr_vector    0x00000000       0xc0 _build/nrf51422_xxac_gcc_startup_nrf51.S.o
                0x00000000                __isr_vector
 *(.text*)
 .text          0x000000c0       0x60 c:/gnu_tools_arm_embedded/4.9_2015q3/bin/../lib/gcc/arm-none-eabi/4.9.3/armv6-m/crtbegin.o
 .text          0x00000120       0x78 c:/gnu_tools_arm_embedded/4.9_2015q3/bin/../lib/gcc/arm-none-eabi/4.9.3/../../../../arm-none-eabi/lib/armv6-m/crt0.o
                0x00000120                _start
                0x00000120                _mainCRTStartup
 .text.exit     0x00000198       0x2c c:/gnu_tools_arm_embedded/4.9_2015q3/bin/../lib/gcc/arm-none-eabi/4.9.3/../../../../arm-none-eabi/lib/armv6-m\libc_nano.a(lib_a-exit.o)
                0x00000198                exit
 .text.__libc_init_array
                0x000001c4       0x4c c:/gnu_tools_arm_embedded/4.9_2015q3/bin/../lib/gcc/arm-none-eabi/4.9.3/../../../../arm-none-eabi/lib/armv6-m\libc_nano.a(lib_a-init.o)
                0x000001c4                __libc_init_array
 .text.memset   0x00000210       0x10 c:/gnu_tools_arm_embedded/4.9_2015q3/bin/../lib/gcc/arm-none-eabi/4.9.3/../../../../arm-none-eabi/lib/armv6-m\libc_nano.a(lib_a-memset.o)
                0x00000210                memset
 .text._exit    0x00000220        0x4 c:/gnu_tools_arm_embedded/4.9_2015q3/bin/../lib/gcc/arm-none-eabi/4.9.3/../../../../arm-none-eabi/lib/armv6-m\libnosys.a(_exit.o)
                0x00000220                _exit
 .text.app_error_handler_bare
                0x00000224       0x20 _build/nrf51422_xxac_app_error.c.o
                0x00000224                app_error_handler_bare
 .text.app_error_fault_handler
                0x00000244       0x1c _build/nrf51422_xxac_app_error_weak.c.o
                0x00000244                app_error_fault_handler
 .text.app_util_critical_region_enter
                0x00000260       0x10 _build/nrf51422_xxac_app_util_platform.c.o
                0x00000260                app_util_critical_region_enter
 .text.app_util_critical_region_exit
                0x00000270       0x14 _build/nrf51422_xxac_app_util_platform.c.o
                0x00000270                app_util_critical_region_exit
 .text.nrf_drv_common_irq_enable
                0x00000284       0x80 _build/nrf51422_xxac_nrf_drv_common.c.o
                0x00000284                nrf_drv_common_irq_enable
 .text.nrf_drv_gpiote_init
                0x00000304       0x60 _build/nrf51422_xxac_nrf_drv_gpiote.c.o
                0x00000304                nrf_drv_gpiote_init
 .text.nrf_drv_gpiote_out_init
                0x00000364       0xd4 _build/nrf51422_xxac_nrf_drv_gpiote.c.o
                0x00000364                nrf_drv_gpiote_out_init
 .text.nrf_drv_gpiote_out_task_enable
                0x00000438       0x38 _build/nrf51422_xxac_nrf_drv_gpiote.c.o
                0x00000438                nrf_drv_gpiote_out_task_enable
 .text.nrf_drv_gpiote_out_task_addr_get
                0x00000470       0x1c _build/nrf51422_xxac_nrf_drv_gpiote.c.o
                0x00000470                nrf_drv_gpiote_out_task_addr_get
 .text.GPIOTE_IRQHandler
                0x0000048c      0x204 _build/nrf51422_xxac_nrf_drv_gpiote.c.o
                0x0000048c                GPIOTE_IRQHandler
 .text.nrf_drv_ppi_init
                0x00000690       0x18 _build/nrf51422_xxac_nrf_drv_ppi.c.o
                0x00000690                nrf_drv_ppi_init
 .text.nrf_drv_ppi_channel_alloc
                0x000006a8       0x64 _build/nrf51422_xxac_nrf_drv_ppi.c.o
                0x000006a8                nrf_drv_ppi_channel_alloc
 .text.nrf_drv_ppi_channel_assign
                0x0000070c       0x48 _build/nrf51422_xxac_nrf_drv_ppi.c.o
                0x0000070c                nrf_drv_ppi_channel_assign
 .text.nrf_drv_ppi_channel_enable
                0x00000754       0x34 _build/nrf51422_xxac_nrf_drv_ppi.c.o
                0x00000754                nrf_drv_ppi_channel_enable
 .text.nrf_drv_timer_init
                0x00000788       0xdc _build/nrf51422_xxac_nrf_drv_timer.c.o
                0x00000788                nrf_drv_timer_init
 .text.nrf_drv_timer_enable
                0x00000864       0x1c _build/nrf51422_xxac_nrf_drv_timer.c.o
                0x00000864                nrf_drv_timer_enable
 .text.nrf_drv_timer_extended_compare
                0x00000880       0x4c _build/nrf51422_xxac_nrf_drv_timer.c.o
                0x00000880                nrf_drv_timer_extended_compare
 .text.TIMER0_IRQHandler
                0x000008cc       0xb4 _build/nrf51422_xxac_nrf_drv_timer.c.o
                0x000008cc                TIMER0_IRQHandler
 .text.UART0_IRQHandler
                0x00000980      0x198 _build/nrf51422_xxac_nrf_drv_uart.c.o
                0x00000980                UART0_IRQHandler
 .text.timer_dummy_handler
                0x00000b18        0x4 _build/nrf51422_xxac_main.c.o
                0x00000b18                timer_dummy_handler
 .text.startup.main
                0x00000b1c       0xdc _build/nrf51422_xxac_main.c.o
                0x00000b1c                main
 .text          0x00000bf8       0x4c _build/nrf51422_xxac_gcc_startup_nrf51.S.o
                0x00000bf8                Reset_Handler
                0x00000c38                NMI_Handler
                0x00000c3a                HardFault_Handler
                0x00000c3c                SVC_Handler
                0x00000c3e                PendSV_Handler
                0x00000c40                SysTick_Handler
                0x00000c42                RTC0_IRQHandler
                0x00000c42                POWER_CLOCK_IRQHandler
                0x00000c42                RADIO_IRQHandler
                0x00000c42                LPCOMP_IRQHandler
                0x00000c42                SWI4_IRQHandler
                0x00000c42                TEMP_IRQHandler
                0x00000c42                SPI0_TWI0_IRQHandler
                0x00000c42                SWI5_IRQHandler
                0x00000c42                TIMER2_IRQHandler
                0x00000c42                SWI0_IRQHandler
                0x00000c42                TIMER1_IRQHandler
                0x00000c42                ECB_IRQHandler
                0x00000c42                Default_Handler
                0x00000c42                ADC_IRQHandler
                0x00000c42                SWI3_IRQHandler
                0x00000c42                CCM_AAR_IRQHandler
                0x00000c42                WDT_IRQHandler
                0x00000c42                QDEC_IRQHandler
                0x00000c42                SWI2_IRQHandler
                0x00000c42                RNG_IRQHandler
                0x00000c42                SPI1_TWI1_IRQHandler
                0x00000c42                RTC1_IRQHandler
                0x00000c42                SWI1_IRQHandler
 .text.SystemInit
                0x00000c44       0xec _build/nrf51422_xxac_system_nrf51.c.o
                0x00000c44                SystemInit
 .text.memcpy   0x00000d30       0x12 c:/gnu_tools_arm_embedded/4.9_2015q3/bin/../lib/gcc/arm-none-eabi/4.9.3/../../../../arm-none-eabi/lib/armv6-m\libc_nano.a(lib_a-memcpy.o)
                0x00000d30                memcpy
 *(.init)
 *fill*         0x00000d42        0x2 
 .init          0x00000d44        0x4 c:/gnu_tools_arm_embedded/4.9_2015q3/bin/../lib/gcc/arm-none-eabi/4.9.3/armv6-m/crti.o
                0x00000d44                _init
 .init          0x00000d48        0x8 c:/gnu_tools_arm_embedded/4.9_2015q3/bin/../lib/gcc/arm-none-eabi/4.9.3/armv6-m/crtn.o
 *(.fini)
 .fini          0x00000d50        0x4 c:/gnu_tools_arm_embedded/4.9_2015q3/bin/../lib/gcc/arm-none-eabi/4.9.3/armv6-m/crti.o
                0x00000d50                _fini
 .fini          0x00000d54        0x8 c:/gnu_tools_arm_embedded/4.9_2015q3/bin/../lib/gcc/arm-none-eabi/4.9.3/armv6-m/crtn.o
 *crtbegin.o(.ctors)
 *crtbegin?.o(.ctors)
 *(EXCLUDE_FILE(*crtend.o *crtend?.o) .ctors)
 *(SORT(.ctors.*))
 *(.ctors)
 *crtbegin.o(.dtors)
 *crtbegin?.o(.dtors)
 *(EXCLUDE_FILE(*crtend.o *crtend?.o) .dtors)
 *(SORT(.dtors.*))
 *(.dtors)
 *(.rodata*)
 .rodata.str1.1
                0x00000d5c        0x2 c:/gnu_tools_arm_embedded/4.9_2015q3/bin/../lib/gcc/arm-none-eabi/4.9.3/../../../../arm-none-eabi/lib/armv6-m\libc_nano.a(lib_a-impure.o)
 *fill*         0x00000d5e        0x2 
 .rodata._global_impure_ptr
                0x00000d60        0x4 c:/gnu_tools_arm_embedded/4.9_2015q3/bin/../lib/gcc/arm-none-eabi/4.9.3/../../../../arm-none-eabi/lib/armv6-m\libc_nano.a(lib_a-impure.o)
                0x00000d60                _global_impure_ptr
 .rodata        0x00000d64        0xb _build/nrf51422_xxac_main.c.o
 *(.eh_frame*)
 *fill*         0x00000d6f        0x1 
 .eh_frame      0x00000d70        0x0 c:/gnu_tools_arm_embedded/4.9_2015q3/bin/../lib/gcc/arm-none-eabi/4.9.3/armv6-m/crtbegin.o
 .eh_frame      0x00000d70        0x4 c:/gnu_tools_arm_embedded/4.9_2015q3/bin/../lib/gcc/arm-none-eabi/4.9.3/armv6-m/crtend.o

.glue_7         0x00000d74        0x0
 .glue_7        0x00000000        0x0 linker stubs

.glue_7t        0x00000d74        0x0
 .glue_7t       0x00000000        0x0 linker stubs

.vfp11_veneer   0x00000d74        0x0
 .vfp11_veneer  0x00000000        0x0 linker stubs

.v4_bx          0x00000d74        0x0
 .v4_bx         0x00000000        0x0 linker stubs

.iplt           0x00000d74        0x0
 .iplt          0x00000000        0x0 c:/gnu_tools_arm_embedded/4.9_2015q3/bin/../lib/gcc/arm-none-eabi/4.9.3/armv6-m/crtbegin.o

.ARM.extab
 *(.ARM.extab* .gnu.linkonce.armextab.*)
                0x00000d74                __exidx_start = .

.ARM.exidx      0x00000d74        0x8
 *(.ARM.exidx* .gnu.linkonce.armexidx.*)
 .ARM.exidx     0x00000d74        0x8 c:/gnu_tools_arm_embedded/4.9_2015q3/bin/../lib/gcc/arm-none-eabi/4.9.3/../../../../arm-none-eabi/lib/armv6-m/crt0.o
                0x00000d7c                __exidx_end = .
                0x00000d7c                __etext = .

.rel.dyn        0x00000d7c        0x0
 .rel.iplt      0x00000000        0x0 c:/gnu_tools_arm_embedded/4.9_2015q3/bin/../lib/gcc/arm-none-eabi/4.9.3/armv6-m/crtbegin.o

.data           0x20000000       0x74 load address 0x00000d7c
                0x20000000                __data_start__ = .
 *(vtable)
 *(.data*)
 .data.impure_data
                0x20000000       0x60 c:/gnu_tools_arm_embedded/4.9_2015q3/bin/../lib/gcc/arm-none-eabi/4.9.3/../../../../arm-none-eabi/lib/armv6-m\libc_nano.a(lib_a-impure.o)
 .data.timer    0x20000060        0x8 _build/nrf51422_xxac_main.c.o
                0x20000068                . = ALIGN (0x4)
                0x20000068                PROVIDE (__preinit_array_start, .)
 *(.preinit_array)
                0x20000068                PROVIDE (__preinit_array_end, .)
                0x20000068                . = ALIGN (0x4)
                0x20000068                PROVIDE (__init_array_start, .)
 *(SORT(.init_array.*))
 *(.init_array)
 .init_array    0x20000068        0x4 c:/gnu_tools_arm_embedded/4.9_2015q3/bin/../lib/gcc/arm-none-eabi/4.9.3/armv6-m/crtbegin.o
                0x2000006c                PROVIDE (__init_array_end, .)
                0x2000006c                . = ALIGN (0x4)
                0x2000006c                PROVIDE (__fini_array_start, .)
 *(SORT(.fini_array.*))
 *(.fini_array)
 .fini_array    0x2000006c        0x4 c:/gnu_tools_arm_embedded/4.9_2015q3/bin/../lib/gcc/arm-none-eabi/4.9.3/armv6-m/crtbegin.o
                0x20000070                PROVIDE (__fini_array_end, .)
 *(.jcr*)
 .jcr           0x20000070        0x0 c:/gnu_tools_arm_embedded/4.9_2015q3/bin/../lib/gcc/arm-none-eabi/4.9.3/armv6-m/crtbegin.o
 .jcr           0x20000070        0x4 c:/gnu_tools_arm_embedded/4.9_2015q3/bin/../lib/gcc/arm-none-eabi/4.9.3/armv6-m/crtend.o
                0x20000074                . = ALIGN (0x4)
                0x20000074                __data_end__ = .
LOAD c:/gnu_tools_arm_embedded/4.9_2015q3/bin/../lib/gcc/arm-none-eabi/4.9.3/armv6-m/crti.o
LOAD c:/gnu_tools_arm_embedded/4.9_2015q3/bin/../lib/gcc/arm-none-eabi/4.9.3/armv6-m/crtbegin.o
LOAD c:/gnu_tools_arm_embedded/4.9_2015q3/bin/../lib/gcc/arm-none-eabi/4.9.3/../../../../arm-none-eabi/lib/armv6-m/crt0.o
LOAD c:/gnu_tools_arm_embedded/4.9_2015q3/bin/../lib/gcc/arm-none-eabi/4.9.3/../../../../arm-none-eabi/lib/armv6-m\libc_nano.a
LOAD c:/gnu_tools_arm_embedded/4.9_2015q3/bin/../lib/gcc/arm-none-eabi/4.9.3/../../../../arm-none-eabi/lib/armv6-m\libnosys.a
LOAD _build/nrf51422_xxac_nrf_log_backend_serial.c.o
LOAD _build/nrf51422_xxac_nrf_log_frontend.c.o
LOAD _build/nrf51422_xxac_app_error.c.o
LOAD _build/nrf51422_xxac_app_error_weak.c.o
LOAD _build/nrf51422_xxac_app_util_platform.c.o
LOAD _build/nrf51422_xxac_nrf_assert.c.o
LOAD _build/nrf51422_xxac_sdk_errors.c.o
LOAD _build/nrf51422_xxac_boards.c.o
LOAD _build/nrf51422_xxac_nrf_drv_common.c.o
LOAD _build/nrf51422_xxac_nrf_drv_gpiote.c.o
LOAD _build/nrf51422_xxac_nrf_drv_ppi.c.o
LOAD _build/nrf51422_xxac_nrf_drv_timer.c.o
LOAD _build/nrf51422_xxac_nrf_drv_uart.c.o
LOAD _build/nrf51422_xxac_main.c.o
LOAD _build/nrf51422_xxac_RTT_Syscalls_GCC.c.o
LOAD _build/nrf51422_xxac_SEGGER_RTT.c.o
LOAD _build/nrf51422_xxac_SEGGER_RTT_printf.c.o
LOAD _build/nrf51422_xxac_gcc_startup_nrf51.S.o
LOAD _build/nrf51422_xxac_system_nrf51.c.o
LOAD c:/gnu_tools_arm_embedded/4.9_2015q3/bin/../lib/gcc/arm-none-eabi/4.9.3/../../../../arm-none-eabi/lib/armv6-m\libm.a
START GROUP
LOAD c:/gnu_tools_arm_embedded/4.9_2015q3/bin/../lib/gcc/arm-none-eabi/4.9.3/armv6-m\libgcc.a
LOAD c:/gnu_tools_arm_embedded/4.9_2015q3/bin/../lib/gcc/arm-none-eabi/4.9.3/../../../../arm-none-eabi/lib/armv6-m\libc_nano.a
END GROUP
START GROUP
LOAD c:/gnu_tools_arm_embedded/4.9_2015q3/bin/../lib/gcc/arm-none-eabi/4.9.3/armv6-m\libgcc.a
LOAD c:/gnu_tools_arm_embedded/4.9_2015q3/bin/../lib/gcc/arm-none-eabi/4.9.3/../../../../arm-none-eabi/lib/armv6-m\libc_nano.a
END GROUP
LOAD c:/gnu_tools_arm_embedded/4.9_2015q3/bin/../lib/gcc/arm-none-eabi/4.9.3/armv6-m/crtend.o
LOAD c:/gnu_tools_arm_embedded/4.9_2015q3/bin/../lib/gcc/arm-none-eabi/4.9.3/armv6-m/crtn.o
START GROUP
LOAD c:/gnu_tools_arm_embedded/4.9_2015q3/bin/../lib/gcc/arm-none-eabi/4.9.3/armv6-m\libgcc.a
LOAD c:/gnu_tools_arm_embedded/4.9_2015q3/bin/../lib/gcc/arm-none-eabi/4.9.3/../../../../arm-none-eabi/lib/armv6-m\libc.a
LOAD c:/gnu_tools_arm_embedded/4.9_2015q3/bin/../lib/gcc/arm-none-eabi/4.9.3/../../../../arm-none-eabi/lib/armv6-m\libnosys.a
END GROUP

.igot.plt       0x20000074        0x0 load address 0x00000df0
 .igot.plt      0x00000000        0x0 c:/gnu_tools_arm_embedded/4.9_2015q3/bin/../lib/gcc/arm-none-eabi/4.9.3/armv6-m/crtbegin.o

.fs_data        0x20000074        0x0
                0x20000074                PROVIDE (__start_fs_data, .)
 *(.fs_data)
                0x20000074                PROVIDE (__stop_fs_data, .)

.pwr_mgmt_data  0x20000074        0x0
                0x20000074                PROVIDE (__start_pwr_mgmt_data, .)
 *(.pwr_mgmt_data)
                0x20000074                PROVIDE (__stop_pwr_mgmt_data, .)

.bss            0x20000074       0x88 load address 0x00000df0
                0x20000074                . = ALIGN (0x4)
                0x20000074                __bss_start__ = .
 *(.bss*)
 .bss           0x20000074       0x1c c:/gnu_tools_arm_embedded/4.9_2015q3/bin/../lib/gcc/arm-none-eabi/4.9.3/armv6-m/crtbegin.o
 .bss.m_in_critical_region
                0x20000090        0x4 _build/nrf51422_xxac_app_util_platform.c.o
 .bss.m_cb      0x20000094       0x38 _build/nrf51422_xxac_nrf_drv_gpiote.c.o
 .bss.m_drv_state
                0x200000cc        0x1 _build/nrf51422_xxac_nrf_drv_ppi.c.o
 *fill*         0x200000cd        0x3 
 .bss.m_channels_allocated
                0x200000d0        0x4 _build/nrf51422_xxac_nrf_drv_ppi.c.o
 .bss.m_cb      0x200000d4        0xc _build/nrf51422_xxac_nrf_drv_timer.c.o
 .bss.m_cb      0x200000e0       0x1c _build/nrf51422_xxac_nrf_drv_uart.c.o
 *(COMMON)
                0x200000fc                . = ALIGN (0x4)
                0x200000fc                __bss_end__ = .

.heap           0x20000100      0x800
                0x20000100                __HeapBase = .
                0x20000100                __end__ = .
                0x20000100                PROVIDE (end, .)
 *(.heap*)
 .heap          0x20000100      0x800 _build/nrf51422_xxac_gcc_startup_nrf51.S.o
                0x20000900                __HeapLimit = .

.stack_dummy    0x20000100      0x800
 *(.stack*)
 .stack         0x20000100      0x800 _build/nrf51422_xxac_gcc_startup_nrf51.S.o
                0x20008000                __StackTop = (ORIGIN (RAM) + 0x8000)
                0x20007800                __StackLimit = (__StackTop - SIZEOF (.stack_dummy))
                0x20008000                PROVIDE (__stack, __StackTop)
                0x00000001                ASSERT ((__StackLimit >= __HeapLimit), region RAM overflowed with stack)
OUTPUT(_build/nrf51422_xxac.out elf32-littlearm)

.ARM.attributes
                0x00000000       0x28
 .ARM.attributes
                0x00000000       0x1e c:/gnu_tools_arm_embedded/4.9_2015q3/bin/../lib/gcc/arm-none-eabi/4.9.3/armv6-m/crti.o
 .ARM.attributes
                0x0000001e       0x2c c:/gnu_tools_arm_embedded/4.9_2015q3/bin/../lib/gcc/arm-none-eabi/4.9.3/armv6-m/crtbegin.o
 .ARM.attributes
                0x0000004a       0x1b c:/gnu_tools_arm_embedded/4.9_2015q3/bin/../lib/gcc/arm-none-eabi/4.9.3/../../../../arm-none-eabi/lib/armv6-m/crt0.o
 .ARM.attributes
                0x00000065       0x2c c:/gnu_tools_arm_embedded/4.9_2015q3/bin/../lib/gcc/arm-none-eabi/4.9.3/../../../../arm-none-eabi/lib/armv6-m\libc_nano.a(lib_a-exit.o)
 .ARM.attributes
                0x00000091       0x2c c:/gnu_tools_arm_embedded/4.9_2015q3/bin/../lib/gcc/arm-none-eabi/4.9.3/../../../../arm-none-eabi/lib/armv6-m\libc_nano.a(lib_a-impure.o)
 .ARM.attributes
                0x000000bd       0x2c c:/gnu_tools_arm_embedded/4.9_2015q3/bin/../lib/gcc/arm-none-eabi/4.9.3/../../../../arm-none-eabi/lib/armv6-m\libc_nano.a(lib_a-init.o)
 .ARM.attributes
                0x000000e9       0x2c c:/gnu_tools_arm_embedded/4.9_2015q3/bin/../lib/gcc/arm-none-eabi/4.9.3/../../../../arm-none-eabi/lib/armv6-m\libc_nano.a(lib_a-memset.o)
 .ARM.attributes
                0x00000115       0x2c c:/gnu_tools_arm_embedded/4.9_2015q3/bin/../lib/gcc/arm-none-eabi/4.9.3/../../../../arm-none-eabi/lib/armv6-m\libnosys.a(_exit.o)
 .ARM.attributes
                0x00000141       0x31 _build/nrf51422_xxac_app_error.c.o
 .ARM.attributes
                0x00000172       0x31 _build/nrf51422_xxac_app_error_weak.c.o
 .ARM.attributes
                0x000001a3       0x31 _build/nrf51422_xxac_app_util_platform.c.o
 .ARM.attributes
                0x000001d4       0x31 _build/nrf51422_xxac_nrf_drv_common.c.o
 .ARM.attributes
                0x00000205       0x31 _build/nrf51422_xxac_nrf_drv_gpiote.c.o
 .ARM.attributes
                0x00000236       0x31 _build/nrf51422_xxac_nrf_drv_ppi.c.o
 .ARM.attributes
                0x00000267       0x31 _build/nrf51422_xxac_nrf_drv_timer.c.o
 .ARM.attributes
                0x00000298       0x31 _build/nrf51422_xxac_nrf_drv_uart.c.o
 .ARM.attributes
                0x000002c9       0x31 _build/nrf51422_xxac_main.c.o
 .ARM.attributes
                0x000002fa       0x1b _build/nrf51422_xxac_gcc_startup_nrf51.S.o
 .ARM.attributes
                0x00000315       0x31 _build/nrf51422_xxac_system_nrf51.c.o
 .ARM.attributes
                0x00000346       0x2c c:/gnu_tools_arm_embedded/4.9_2015q3/bin/../lib/gcc/arm-none-eabi/4.9.3/../../../../arm-none-eabi/lib/armv6-m\libc_nano.a(lib_a-memcpy.o)
 .ARM.attributes
                0x00000372       0x2c c:/gnu_tools_arm_embedded/4.9_2015q3/bin/../lib/gcc/arm-none-eabi/4.9.3/armv6-m/crtend.o
 .ARM.attributes
                0x0000039e       0x1e c:/gnu_tools_arm_embedded/4.9_2015q3/bin/../lib/gcc/arm-none-eabi/4.9.3/armv6-m/crtn.o

.comment        0x00000000       0x70
 .comment       0x00000000       0x70 _build/nrf51422_xxac_app_error.c.o
                                 0x71 (size before relaxing)
 .comment       0x00000000       0x71 _build/nrf51422_xxac_app_error_weak.c.o
 .comment       0x00000000       0x71 _build/nrf51422_xxac_app_util_platform.c.o
 .comment       0x00000000       0x71 _build/nrf51422_xxac_nrf_drv_common.c.o
 .comment       0x00000000       0x71 _build/nrf51422_xxac_nrf_drv_gpiote.c.o
 .comment       0x00000000       0x71 _build/nrf51422_xxac_nrf_drv_ppi.c.o
 .comment       0x00000000       0x71 _build/nrf51422_xxac_nrf_drv_timer.c.o
 .comment       0x00000000       0x71 _build/nrf51422_xxac_nrf_drv_uart.c.o
 .comment       0x00000000       0x71 _build/nrf51422_xxac_main.c.o
 .comment       0x00000000       0x71 _build/nrf51422_xxac_system_nrf51.c.o

.debug_frame    0x00000000      0x818
 .debug_frame   0x00000000       0x28 c:/gnu_tools_arm_embedded/4.9_2015q3/bin/../lib/gcc/arm-none-eabi/4.9.3/../../../../arm-none-eabi/lib/armv6-m\libc_nano.a(lib_a-exit.o)
 .debug_frame   0x00000028       0x2c c:/gnu_tools_arm_embedded/4.9_2015q3/bin/../lib/gcc/arm-none-eabi/4.9.3/../../../../arm-none-eabi/lib/armv6-m\libc_nano.a(lib_a-init.o)
 .debug_frame   0x00000054       0x20 c:/gnu_tools_arm_embedded/4.9_2015q3/bin/../lib/gcc/arm-none-eabi/4.9.3/../../../../arm-none-eabi/lib/armv6-m\libc_nano.a(lib_a-memset.o)
 .debug_frame   0x00000074       0x20 c:/gnu_tools_arm_embedded/4.9_2015q3/bin/../lib/gcc/arm-none-eabi/4.9.3/../../../../arm-none-eabi/lib/armv6-m\libnosys.a(_exit.o)
 .debug_frame   0x00000094       0x5c _build/nrf51422_xxac_app_error.c.o
 .debug_frame   0x000000f0       0x20 _build/nrf51422_xxac_app_error_weak.c.o
 .debug_frame   0x00000110       0x50 _build/nrf51422_xxac_app_util_platform.c.o
 .debug_frame   0x00000160       0x30 _build/nrf51422_xxac_nrf_drv_common.c.o
 .debug_frame   0x00000190      0x1fc _build/nrf51422_xxac_nrf_drv_gpiote.c.o
 .debug_frame   0x0000038c      0x16c _build/nrf51422_xxac_nrf_drv_ppi.c.o
 .debug_frame   0x000004f8      0x138 _build/nrf51422_xxac_nrf_drv_timer.c.o
 .debug_frame   0x00000630      0x150 _build/nrf51422_xxac_nrf_drv_uart.c.o
 .debug_frame   0x00000780       0x40 _build/nrf51422_xxac_main.c.o
 .debug_frame   0x000007c0       0x30 _build/nrf51422_xxac_system_nrf51.c.o
 .debug_frame   0x000007f0       0x28 c:/gnu_tools_arm_embedded/4.9_2015q3/bin/../lib/gcc/arm-none-eabi/4.9.3/../../../../arm-none-eabi/lib/armv6-m\libc_nano.a(lib_a-memcpy.o)

.debug_info     0x00000000     0x8cdc
 .debug_info    0x00000000      0x334 _build/nrf51422_xxac_app_error.c.o
 .debug_info    0x00000334      0x1f3 _build/nrf51422_xxac_app_error_weak.c.o
 .debug_info    0x00000527      0x1ab _build/nrf51422_xxac_app_util_platform.c.o
 .debug_info    0x000006d2      0x449 _build/nrf51422_xxac_nrf_drv_common.c.o
 .debug_info    0x00000b1b     0x24a4 _build/nrf51422_xxac_nrf_drv_gpiote.c.o
 .debug_info    0x00002fbf     0x116c _build/nrf51422_xxac_nrf_drv_ppi.c.o
 .debug_info    0x0000412b     0x145a _build/nrf51422_xxac_nrf_drv_timer.c.o
 .debug_info    0x00005585     0x2a5e _build/nrf51422_xxac_nrf_drv_uart.c.o
 .debug_info    0x00007fe3      0xb1c _build/nrf51422_xxac_main.c.o
 .debug_info    0x00008aff      0x1dd _build/nrf51422_xxac_system_nrf51.c.o

.debug_abbrev   0x00000000     0x16b8
 .debug_abbrev  0x00000000      0x130 _build/nrf51422_xxac_app_error.c.o
 .debug_abbrev  0x00000130      0x108 _build/nrf51422_xxac_app_error_weak.c.o
 .debug_abbrev  0x00000238       0xda _build/nrf51422_xxac_app_util_platform.c.o
 .debug_abbrev  0x00000312      0x16c _build/nrf51422_xxac_nrf_drv_common.c.o
 .debug_abbrev  0x0000047e      0x42f _build/nrf51422_xxac_nrf_drv_gpiote.c.o
 .debug_abbrev  0x000008ad      0x338 _build/nrf51422_xxac_nrf_drv_ppi.c.o
 .debug_abbrev  0x00000be5      0x375 _build/nrf51422_xxac_nrf_drv_timer.c.o
 .debug_abbrev  0x00000f5a      0x3c1 _build/nrf51422_xxac_nrf_drv_uart.c.o
 .debug_abbrev  0x0000131b      0x29f _build/nrf51422_xxac_main.c.o
 .debug_abbrev  0x000015ba       0xfe _build/nrf51422_xxac_system_nrf51.c.o

.debug_loc      0x00000000     0x45cc
 .debug_loc     0x00000000      0x149 _build/nrf51422_xxac_app_error.c.o
 .debug_loc     0x00000149       0x21 _build/nrf51422_xxac_app_error_weak.c.o
 .debug_loc     0x0000016a       0xa2 _build/nrf51422_xxac_nrf_drv_common.c.o
 .debug_loc     0x0000020c     0x17b0 _build/nrf51422_xxac_nrf_drv_gpiote.c.o
 .debug_loc     0x000019bc      0x802 _build/nrf51422_xxac_nrf_drv_ppi.c.o
 .debug_loc     0x000021be      0x9fd _build/nrf51422_xxac_nrf_drv_timer.c.o
 .debug_loc     0x00002bbb     0x1832 _build/nrf51422_xxac_nrf_drv_uart.c.o
 .debug_loc     0x000043ed      0x1df _build/nrf51422_xxac_main.c.o

.debug_aranges  0x00000000      0x330
 .debug_aranges
                0x00000000       0x30 _build/nrf51422_xxac_app_error.c.o
 .debug_aranges
                0x00000030       0x20 _build/nrf51422_xxac_app_error_weak.c.o
 .debug_aranges
                0x00000050       0x38 _build/nrf51422_xxac_app_util_platform.c.o
 .debug_aranges
                0x00000088       0x20 _build/nrf51422_xxac_nrf_drv_common.c.o
 .debug_aranges
                0x000000a8       0xb8 _build/nrf51422_xxac_nrf_drv_gpiote.c.o
 .debug_aranges
                0x00000160       0x88 _build/nrf51422_xxac_nrf_drv_ppi.c.o
 .debug_aranges
                0x000001e8       0x88 _build/nrf51422_xxac_nrf_drv_timer.c.o
 .debug_aranges
                0x00000270       0x70 _build/nrf51422_xxac_nrf_drv_uart.c.o
 .debug_aranges
                0x000002e0       0x28 _build/nrf51422_xxac_main.c.o
 .debug_aranges
                0x00000308       0x28 _build/nrf51422_xxac_system_nrf51.c.o

.debug_ranges   0x00000000     0x1588
 .debug_ranges  0x00000000       0x20 _build/nrf51422_xxac_app_error.c.o
 .debug_ranges  0x00000020       0x10 _build/nrf51422_xxac_app_error_weak.c.o
 .debug_ranges  0x00000030       0x40 _build/nrf51422_xxac_app_util_platform.c.o
 .debug_ranges  0x00000070       0x28 _build/nrf51422_xxac_nrf_drv_common.c.o
 .debug_ranges  0x00000098      0x868 _build/nrf51422_xxac_nrf_drv_gpiote.c.o
 .debug_ranges  0x00000900      0x270 _build/nrf51422_xxac_nrf_drv_ppi.c.o
 .debug_ranges  0x00000b70      0x378 _build/nrf51422_xxac_nrf_drv_timer.c.o
 .debug_ranges  0x00000ee8      0x510 _build/nrf51422_xxac_nrf_drv_uart.c.o
 .debug_ranges  0x000013f8      0x118 _build/nrf51422_xxac_main.c.o
 .debug_ranges  0x00001510       0x78 _build/nrf51422_xxac_system_nrf51.c.o

.debug_macro    0x00000000     0x26bf
 .debug_macro   0x00000000      0x26d _build/nrf51422_xxac_app_error.c.o
 .debug_macro   0x0000026d       0x34 _build/nrf51422_xxac_app_error.c.o
 .debug_macro   0x000002a1       0x22 _build/nrf51422_xxac_app_error.c.o
 .debug_macro   0x000002c3       0x16 _build/nrf51422_xxac_app_error.c.o
 .debug_macro   0x000002d9       0x97 _build/nrf51422_xxac_app_error.c.o
 .debug_macro   0x00000370       0xef _build/nrf51422_xxac_app_error.c.o
 .debug_macro   0x0000045f       0x10 _build/nrf51422_xxac_app_error.c.o
 .debug_macro   0x0000046f       0x10 _build/nrf51422_xxac_app_error.c.o
 .debug_macro   0x0000047f       0x22 _build/nrf51422_xxac_app_error.c.o
 .debug_macro   0x000004a1       0xbe _build/nrf51422_xxac_app_error.c.o
 .debug_macro   0x0000055f       0x16 _build/nrf51422_xxac_app_error.c.o
 .debug_macro   0x00000575      0x166 _build/nrf51422_xxac_app_error.c.o
 .debug_macro   0x000006db       0x2b _build/nrf51422_xxac_app_error.c.o
 .debug_macro   0x00000706       0x22 _build/nrf51422_xxac_app_error.c.o
 .debug_macro   0x00000728       0x16 _build/nrf51422_xxac_app_error.c.o
 .debug_macro   0x0000073e      0x39b _build/nrf51422_xxac_app_error.c.o
 .debug_macro   0x00000ad9      0x170 _build/nrf51422_xxac_app_error.c.o
 .debug_macro   0x00000c49       0x5a _build/nrf51422_xxac_app_error.c.o
 .debug_macro   0x00000ca3       0x28 _build/nrf51422_xxac_app_error.c.o
 .debug_macro   0x00000ccb       0x22 _build/nrf51422_xxac_app_error.c.o
 .debug_macro   0x00000ced      0x26d _build/nrf51422_xxac_app_error_weak.c.o
 .debug_macro   0x00000f5a       0x1c _build/nrf51422_xxac_app_error_weak.c.o
 .debug_macro   0x00000f76      0x20c _build/nrf51422_xxac_app_util_platform.c.o
 .debug_macro   0x00001182       0x10 _build/nrf51422_xxac_app_util_platform.c.o
 .debug_macro   0x00001192       0x72 _build/nrf51422_xxac_app_util_platform.c.o
 .debug_macro   0x00001204      0x276 _build/nrf51422_xxac_nrf_drv_common.c.o
 .debug_macro   0x0000147a       0x1c _build/nrf51422_xxac_nrf_drv_common.c.o
 .debug_macro   0x00001496       0x22 _build/nrf51422_xxac_nrf_drv_common.c.o
 .debug_macro   0x000014b8      0x34c _build/nrf51422_xxac_nrf_drv_gpiote.c.o
 .debug_macro   0x00001804       0x11 _build/nrf51422_xxac_nrf_drv_gpiote.c.o
 .debug_macro   0x00001815       0x30 _build/nrf51422_xxac_nrf_drv_gpiote.c.o
 .debug_macro   0x00001845       0x28 _build/nrf51422_xxac_nrf_drv_gpiote.c.o
 .debug_macro   0x0000186d       0x16 _build/nrf51422_xxac_nrf_drv_gpiote.c.o
 .debug_macro   0x00001883       0x16 _build/nrf51422_xxac_nrf_drv_gpiote.c.o
 .debug_macro   0x00001899      0x314 _build/nrf51422_xxac_nrf_drv_ppi.c.o
 .debug_macro   0x00001bad       0x64 _build/nrf51422_xxac_nrf_drv_ppi.c.o
 .debug_macro   0x00001c11       0x16 _build/nrf51422_xxac_nrf_drv_ppi.c.o
 .debug_macro   0x00001c27      0x2f1 _build/nrf51422_xxac_nrf_drv_timer.c.o
 .debug_macro   0x00001f18       0x1c _build/nrf51422_xxac_nrf_drv_timer.c.o
 .debug_macro   0x00001f34       0x34 _build/nrf51422_xxac_nrf_drv_timer.c.o
 .debug_macro   0x00001f68      0x331 _build/nrf51422_xxac_nrf_drv_uart.c.o
 .debug_macro   0x00002299       0x10 _build/nrf51422_xxac_nrf_drv_uart.c.o
 .debug_macro   0x000022a9       0x36 _build/nrf51422_xxac_nrf_drv_uart.c.o
 .debug_macro   0x000022df      0x2da _build/nrf51422_xxac_main.c.o
 .debug_macro   0x000025b9       0x36 _build/nrf51422_xxac_main.c.o
 .debug_macro   0x000025ef       0xd0 _build/nrf51422_xxac_system_nrf51.c.o

.debug_line     0x00000000     0x4e06
 .debug_line    0x00000000      0x5a1 _build/nrf51422_xxac_app_error.c.o
 .debug_line    0x000005a1      0x55f _build/nrf51422_xxac_app_error_weak.c.o
 .debug_line    0x00000b00      0x4d9 _build/nrf51422_xxac_app_util_platform.c.o
 .debug_line    0x00000fd9      0x58f _build/nrf51422_xxac_nrf_drv_common.c.o
 .debug_line    0x00001568      0xdf1 _build/nrf51422_xxac_nrf_drv_gpiote.c.o
 .debug_line    0x00002359      0xa03 _build/nrf51422_xxac_nrf_drv_ppi.c.o
 .debug_line    0x00002d5c      0xa88 _build/nrf51422_xxac_nrf_drv_timer.c.o
 .debug_line    0x000037e4      0xc7b _build/nrf51422_xxac_nrf_drv_uart.c.o
 .debug_line    0x0000445f      0x693 _build/nrf51422_xxac_main.c.o
 .debug_line    0x00004af2      0x314 _build/nrf51422_xxac_system_nrf51.c.o

.debug_str      0x00000000    0x38658
 .debug_str     0x00000000    0x32b64 _build/nrf51422_xxac_app_error.c.o
                              0x32d9b (size before relaxing)
 .debug_str     0x00032b64       0xae _build/nrf51422_xxac_app_error_weak.c.o
                              0x32ce8 (size before relaxing)
 .debug_str     0x00032c12      0x323 _build/nrf51422_xxac_app_util_platform.c.o
                              0x2e2ee (size before relaxing)
 .debug_str     0x00032f35      0x71c _build/nrf51422_xxac_nrf_drv_common.c.o
                              0x31dc9 (size before relaxing)
 .debug_str     0x00033651     0x1586 _build/nrf51422_xxac_nrf_drv_gpiote.c.o
                              0x34b57 (size before relaxing)
 .debug_str     0x00034bd7      0xa28 _build/nrf51422_xxac_nrf_drv_ppi.c.o
                              0x33f17 (size before relaxing)
 .debug_str     0x000355ff     0x113b _build/nrf51422_xxac_nrf_drv_timer.c.o
                              0x347b4 (size before relaxing)
 .debug_str     0x0003673a      0xe71 _build/nrf51422_xxac_nrf_drv_uart.c.o
                              0x34981 (size before relaxing)
 .debug_str     0x000375ab      0xf7d _build/nrf51422_xxac_main.c.o
                              0x30cca (size before relaxing)
 .debug_str     0x00038528      0x130 _build/nrf51422_xxac_system_nrf51.c.o
                              0x29c7f (size before relaxing)
