Archive member included because of file (symbol)

c:/program files (x86)/gnu tools arm embedded/4.9 2015q3/bin/../lib/gcc/arm-none-eabi/4.9.3/../../../../arm-none-eabi/lib/armv6-m\libc_nano.a(lib_a-exit.o)
                              c:/program files (x86)/gnu tools arm embedded/4.9 2015q3/bin/../lib/gcc/arm-none-eabi/4.9.3/../../../../arm-none-eabi/lib/armv6-m/crt0.o (exit)
c:/program files (x86)/gnu tools arm embedded/4.9 2015q3/bin/../lib/gcc/arm-none-eabi/4.9.3/../../../../arm-none-eabi/lib/armv6-m\libc_nano.a(lib_a-impure.o)
                              c:/program files (x86)/gnu tools arm embedded/4.9 2015q3/bin/../lib/gcc/arm-none-eabi/4.9.3/../../../../arm-none-eabi/lib/armv6-m\libc_nano.a(lib_a-exit.o) (_global_impure_ptr)
c:/program files (x86)/gnu tools arm embedded/4.9 2015q3/bin/../lib/gcc/arm-none-eabi/4.9.3/../../../../arm-none-eabi/lib/armv6-m\libc_nano.a(lib_a-init.o)
                              c:/program files (x86)/gnu tools arm embedded/4.9 2015q3/bin/../lib/gcc/arm-none-eabi/4.9.3/../../../../arm-none-eabi/lib/armv6-m/crt0.o (__libc_init_array)
c:/program files (x86)/gnu tools arm embedded/4.9 2015q3/bin/../lib/gcc/arm-none-eabi/4.9.3/../../../../arm-none-eabi/lib/armv6-m\libc_nano.a(lib_a-memset.o)
                              c:/program files (x86)/gnu tools arm embedded/4.9 2015q3/bin/../lib/gcc/arm-none-eabi/4.9.3/../../../../arm-none-eabi/lib/armv6-m/crt0.o (memset)
c:/program files (x86)/gnu tools arm embedded/4.9 2015q3/bin/../lib/gcc/arm-none-eabi/4.9.3/../../../../arm-none-eabi/lib/armv6-m\libnosys.a(_exit.o)
                              c:/program files (x86)/gnu tools arm embedded/4.9 2015q3/bin/../lib/gcc/arm-none-eabi/4.9.3/../../../../arm-none-eabi/lib/armv6-m\libc_nano.a(lib_a-exit.o) (_exit)
c:/program files (x86)/gnu tools arm embedded/4.9 2015q3/bin/../lib/gcc/arm-none-eabi/4.9.3/../../../../arm-none-eabi/lib/armv6-m\libc_nano.a(lib_a-memcpy.o)
                              _build/nrf51422_xxac_SEGGER_RTT.c.o (memcpy)
c:/program files (x86)/gnu tools arm embedded/4.9 2015q3/bin/../lib/gcc/arm-none-eabi/4.9.3/../../../../arm-none-eabi/lib/armv6-m\libc_nano.a(lib_a-strcpy.o)
                              _build/nrf51422_xxac_SEGGER_RTT.c.o (strcpy)
c:/program files (x86)/gnu tools arm embedded/4.9 2015q3/bin/../lib/gcc/arm-none-eabi/4.9.3/../../../../arm-none-eabi/lib/armv6-m\libc_nano.a(lib_a-strlen.o)
                              _build/nrf51422_xxac_SEGGER_RTT.c.o (strlen)

Allocating common symbols
Common symbol       size              file

nrf_nvic_state      0x8               _build/nrf51422_xxac_app_util_platform.c.o
_SEGGER_RTT         0x78              _build/nrf51422_xxac_SEGGER_RTT.c.o

Discarded input sections

 .text          0x00000000        0x0 c:/program files (x86)/gnu tools arm embedded/4.9 2015q3/bin/../lib/gcc/arm-none-eabi/4.9.3/armv6-m/crti.o
 .data          0x00000000        0x0 c:/program files (x86)/gnu tools arm embedded/4.9 2015q3/bin/../lib/gcc/arm-none-eabi/4.9.3/armv6-m/crti.o
 .bss           0x00000000        0x0 c:/program files (x86)/gnu tools arm embedded/4.9 2015q3/bin/../lib/gcc/arm-none-eabi/4.9.3/armv6-m/crti.o
 .data          0x00000000        0x4 c:/program files (x86)/gnu tools arm embedded/4.9 2015q3/bin/../lib/gcc/arm-none-eabi/4.9.3/armv6-m/crtbegin.o
 .data          0x00000000        0x0 c:/program files (x86)/gnu tools arm embedded/4.9 2015q3/bin/../lib/gcc/arm-none-eabi/4.9.3/../../../../arm-none-eabi/lib/armv6-m/crt0.o
 .bss           0x00000000        0x0 c:/program files (x86)/gnu tools arm embedded/4.9 2015q3/bin/../lib/gcc/arm-none-eabi/4.9.3/../../../../arm-none-eabi/lib/armv6-m/crt0.o
 .ARM.extab     0x00000000        0x0 c:/program files (x86)/gnu tools arm embedded/4.9 2015q3/bin/../lib/gcc/arm-none-eabi/4.9.3/../../../../arm-none-eabi/lib/armv6-m/crt0.o
 .text          0x00000000        0x0 c:/program files (x86)/gnu tools arm embedded/4.9 2015q3/bin/../lib/gcc/arm-none-eabi/4.9.3/../../../../arm-none-eabi/lib/armv6-m\libc_nano.a(lib_a-exit.o)
 .data          0x00000000        0x0 c:/program files (x86)/gnu tools arm embedded/4.9 2015q3/bin/../lib/gcc/arm-none-eabi/4.9.3/../../../../arm-none-eabi/lib/armv6-m\libc_nano.a(lib_a-exit.o)
 .bss           0x00000000        0x0 c:/program files (x86)/gnu tools arm embedded/4.9 2015q3/bin/../lib/gcc/arm-none-eabi/4.9.3/../../../../arm-none-eabi/lib/armv6-m\libc_nano.a(lib_a-exit.o)
 .text          0x00000000        0x0 c:/program files (x86)/gnu tools arm embedded/4.9 2015q3/bin/../lib/gcc/arm-none-eabi/4.9.3/../../../../arm-none-eabi/lib/armv6-m\libc_nano.a(lib_a-impure.o)
 .data          0x00000000        0x0 c:/program files (x86)/gnu tools arm embedded/4.9 2015q3/bin/../lib/gcc/arm-none-eabi/4.9.3/../../../../arm-none-eabi/lib/armv6-m\libc_nano.a(lib_a-impure.o)
 .bss           0x00000000        0x0 c:/program files (x86)/gnu tools arm embedded/4.9 2015q3/bin/../lib/gcc/arm-none-eabi/4.9.3/../../../../arm-none-eabi/lib/armv6-m\libc_nano.a(lib_a-impure.o)
[...]
Memory Configuration

Name             Origin             Length             Attributes
FLASH            0x0001b000         0x00025000         xr
RAM              0x200013c8         0x00006c38         xrw
*default*        0x00000000         0xffffffff

Linker script and memory map


.text           0x0001b000      0xd08
 *(.isr_vector)
 .isr_vector    0x0001b000       0xc0 _build/nrf51422_xxac_gcc_startup_nrf51.S.o
                0x0001b000                __isr_vector
 *(.text*)
 .text          0x0001b0c0       0x60 c:/program files (x86)/gnu tools arm embedded/4.9 2015q3/bin/../lib/gcc/arm-none-eabi/4.9.3/armv6-m/crtbegin.o
 .text          0x0001b120       0x78 c:/program files (x86)/gnu tools arm embedded/4.9 2015q3/bin/../lib/gcc/arm-none-eabi/4.9.3/../../../../arm-none-eabi/lib/armv6-m/crt0.o
                0x0001b120                _start
                0x0001b120                _mainCRTStartup
 .text.exit     0x0001b198       0x2c c:/program files (x86)/gnu tools arm embedded/4.9 2015q3/bin/../lib/gcc/arm-none-eabi/4.9.3/../../../../arm-none-eabi/lib/armv6-m\libc_nano.a(lib_a-exit.o)
                0x0001b198                exit
 .text.__libc_init_array
                0x0001b1c4       0x4c c:/program files (x86)/gnu tools arm embedded/4.9 2015q3/bin/../lib/gcc/arm-none-eabi/4.9.3/../../../../arm-none-eabi/lib/armv6-m\libc_nano.a(lib_a-init.o)
                0x0001b1c4                __libc_init_array
 .text.memset   0x0001b210       0x10 c:/program files (x86)/gnu tools arm embedded/4.9 2015q3/bin/../lib/gcc/arm-none-eabi/4.9.3/../../../../arm-none-eabi/lib/armv6-m\libc_nano.a(lib_a-memset.o)
                0x0001b210                memset
 .text._exit    0x0001b220        0x4 c:/program files (x86)/gnu tools arm embedded/4.9 2015q3/bin/../lib/gcc/arm-none-eabi/4.9.3/../../../../arm-none-eabi/lib/armv6-m\libnosys.a(_exit.o)
                0x0001b220                _exit
 .text.app_error_handler_bare
                0x0001b224       0x20 _build/nrf51422_xxac_app_error.c.o
                0x0001b224                app_error_handler_bare
 .text.app_error_fault_handler
                0x0001b244       0x1c _build/nrf51422_xxac_app_error_weak.c.o
                0x0001b244                app_error_fault_handler
 .text.rtc1_stop
                0x0001b260       0x84 _build/nrf51422_xxac_app_timer.c.o
 .text.RTC1_IRQHandler
                0x0001b2e4       0xdc _build/nrf51422_xxac_app_timer.c.o
                0x0001b2e4                RTC1_IRQHandler
 .text.SWI0_IRQHandler
                0x0001b3c0      0x42c _build/nrf51422_xxac_app_timer.c.o
                0x0001b3c0                SWI0_IRQHandler
 .text.POWER_CLOCK_IRQHandler
                0x0001b7ec       0x7c _build/nrf51422_xxac_nrf_drv_clock.c.o
                0x0001b7ec                POWER_CLOCK_IRQHandler
 .text.nrf_drv_clock_on_soc_event
                0x0001b868       0x28 _build/nrf51422_xxac_nrf_drv_clock.c.o
                0x0001b868                nrf_drv_clock_on_soc_event
 .text.UART0_IRQHandler
                0x0001b890      0x198 _build/nrf51422_xxac_nrf_drv_uart.c.o
                0x0001b890                UART0_IRQHandler
 .text.startup.main
                0x0001ba28       0x80 _build/nrf51422_xxac_main.c.o
                0x0001ba28                main
 .text          0x0001baa8       0x4c _build/nrf51422_xxac_gcc_startup_nrf51.S.o
                0x0001baa8                Reset_Handler
                0x0001bae8                NMI_Handler
                0x0001baea                HardFault_Handler
                0x0001baec                SVC_Handler
                0x0001baee                PendSV_Handler
                0x0001baf0                SysTick_Handler
                0x0001baf2                GPIOTE_IRQHandler
                0x0001baf2                RTC0_IRQHandler
                0x0001baf2                SPI0_TWI0_IRQHandler
                0x0001baf2                LPCOMP_IRQHandler
                0x0001baf2                SWI4_IRQHandler
                0x0001baf2                TEMP_IRQHandler
                0x0001baf2                QDEC_IRQHandler
                0x0001baf2                SWI5_IRQHandler
                0x0001baf2                TIMER0_IRQHandler
                0x0001baf2                RADIO_IRQHandler
                0x0001baf2                TIMER1_IRQHandler
                0x0001baf2                ECB_IRQHandler
                0x0001baf2                Default_Handler
                0x0001baf2                ADC_IRQHandler
                0x0001baf2                SWI3_IRQHandler
                0x0001baf2                CCM_AAR_IRQHandler
                0x0001baf2                WDT_IRQHandler
                0x0001baf2                TIMER2_IRQHandler
                0x0001baf2                RNG_IRQHandler
                0x0001baf2                SPI1_TWI1_IRQHandler
                0x0001baf2                SWI1_IRQHandler
 .text.SystemInit
                0x0001baf4       0xec _build/nrf51422_xxac_system_nrf51.c.o
                0x0001baf4                SystemInit
 .text.sd_evt_get
                0x0001bbe0        0x4 _build/nrf51422_xxac_softdevice_handler.c.o
 .text.sd_ble_evt_get
                0x0001bbe4        0x4 _build/nrf51422_xxac_softdevice_handler.c.o
 .text.intern_softdevice_events_execute.part.1
                0x0001bbe8       0xcc _build/nrf51422_xxac_softdevice_handler.c.o
 .text.SWI2_IRQHandler
                0x0001bcb4       0x30 _build/nrf51422_xxac_softdevice_handler.c.o
                0x0001bcb4                SWI2_IRQHandler
 *(.init)
 .init          0x0001bce4        0x4 c:/program files (x86)/gnu tools arm embedded/4.9 2015q3/bin/../lib/gcc/arm-none-eabi/4.9.3/armv6-m/crti.o
                0x0001bce4                _init
 .init          0x0001bce8        0x8 c:/program files (x86)/gnu tools arm embedded/4.9 2015q3/bin/../lib/gcc/arm-none-eabi/4.9.3/armv6-m/crtn.o
 *(.fini)
 .fini          0x0001bcf0        0x4 c:/program files (x86)/gnu tools arm embedded/4.9 2015q3/bin/../lib/gcc/arm-none-eabi/4.9.3/armv6-m/crti.o
                0x0001bcf0                _fini
 .fini          0x0001bcf4        0x8 c:/program files (x86)/gnu tools arm embedded/4.9 2015q3/bin/../lib/gcc/arm-none-eabi/4.9.3/armv6-m/crtn.o
 *crtbegin.o(.ctors)
 *crtbegin?.o(.ctors)
 *(EXCLUDE_FILE(*crtend.o *crtend?.o) .ctors)
 *(SORT(.ctors.*))
 *(.ctors)
 *crtbegin.o(.dtors)
 *crtbegin?.o(.dtors)
 *(EXCLUDE_FILE(*crtend.o *crtend?.o) .dtors)
 *(SORT(.dtors.*))
 *(.dtors)
 *(.rodata*)
 .rodata.str1.1
                0x0001bcfc        0x2 c:/program files (x86)/gnu tools arm embedded/4.9 2015q3/bin/../lib/gcc/arm-none-eabi/4.9.3/../../../../arm-none-eabi/lib/armv6-m\libc_nano.a(lib_a-impure.o)
 *fill*         0x0001bcfe        0x2 
 .rodata._global_impure_ptr
                0x0001bd00        0x4 c:/program files (x86)/gnu tools arm embedded/4.9 2015q3/bin/../lib/gcc/arm-none-eabi/4.9.3/../../../../arm-none-eabi/lib/armv6-m\libc_nano.a(lib_a-impure.o)
                0x0001bd00                _global_impure_ptr
 *(.eh_frame*)
 .eh_frame      0x0001bd04        0x0 c:/program files (x86)/gnu tools arm embedded/4.9 2015q3/bin/../lib/gcc/arm-none-eabi/4.9.3/armv6-m/crtbegin.o
 .eh_frame      0x0001bd04        0x4 c:/program files (x86)/gnu tools arm embedded/4.9 2015q3/bin/../lib/gcc/arm-none-eabi/4.9.3/armv6-m/crtend.o

.glue_7         0x0001bd08        0x0
 .glue_7        0x00000000        0x0 linker stubs

.glue_7t        0x0001bd08        0x0
 .glue_7t       0x00000000        0x0 linker stubs

.vfp11_veneer   0x0001bd08        0x0
 .vfp11_veneer  0x00000000        0x0 linker stubs

.v4_bx          0x0001bd08        0x0
 .v4_bx         0x00000000        0x0 linker stubs

.iplt           0x0001bd08        0x0
 .iplt          0x00000000        0x0 c:/program files (x86)/gnu tools arm embedded/4.9 2015q3/bin/../lib/gcc/arm-none-eabi/4.9.3/armv6-m/crtbegin.o

.ARM.extab
 *(.ARM.extab* .gnu.linkonce.armextab.*)
                0x0001bd08                __exidx_start = .

.ARM.exidx      0x0001bd08        0x8
 *(.ARM.exidx* .gnu.linkonce.armexidx.*)
 .ARM.exidx     0x0001bd08        0x8 c:/program files (x86)/gnu tools arm embedded/4.9 2015q3/bin/../lib/gcc/arm-none-eabi/4.9.3/../../../../arm-none-eabi/lib/armv6-m/crt0.o
                0x0001bd10                __exidx_end = .
                0x0001bd10                __etext = .

.rel.dyn        0x0001bd10        0x0
 .rel.iplt      0x00000000        0x0 c:/program files (x86)/gnu tools arm embedded/4.9 2015q3/bin/../lib/gcc/arm-none-eabi/4.9.3/armv6-m/crtbegin.o

.data           0x200013c8       0x70 load address 0x0001bd10
                0x200013c8                __data_start__ = .
 *(vtable)
 *(.data*)
 .data.impure_data
                0x200013c8       0x60 c:/program files (x86)/gnu tools arm embedded/4.9 2015q3/bin/../lib/gcc/arm-none-eabi/4.9.3/../../../../arm-none-eabi/lib/armv6-m\libc_nano.a(lib_a-impure.o)
 .data.SystemCoreClock
                0x20001428        0x4 _build/nrf51422_xxac_system_nrf51.c.o
                0x20001428                SystemCoreClock
                0x2000142c                . = ALIGN (0x4)
                0x2000142c                PROVIDE (__preinit_array_start, .)
 *(.preinit_array)
                0x2000142c                PROVIDE (__preinit_array_end, .)
                0x2000142c                . = ALIGN (0x4)
                0x2000142c                PROVIDE (__init_array_start, .)
 *(SORT(.init_array.*))
 *(.init_array)
 .init_array    0x2000142c        0x4 c:/program files (x86)/gnu tools arm embedded/4.9 2015q3/bin/../lib/gcc/arm-none-eabi/4.9.3/armv6-m/crtbegin.o
                0x20001430                PROVIDE (__init_array_end, .)
                0x20001430                . = ALIGN (0x4)
                0x20001430                PROVIDE (__fini_array_start, .)
 *(SORT(.fini_array.*))
 *(.fini_array)
 .fini_array    0x20001430        0x4 c:/program files (x86)/gnu tools arm embedded/4.9 2015q3/bin/../lib/gcc/arm-none-eabi/4.9.3/armv6-m/crtbegin.o
                0x20001434                PROVIDE (__fini_array_end, .)
 *(.jcr*)
 .jcr           0x20001434        0x0 c:/program files (x86)/gnu tools arm embedded/4.9 2015q3/bin/../lib/gcc/arm-none-eabi/4.9.3/armv6-m/crtbegin.o
 .jcr           0x20001434        0x4 c:/program files (x86)/gnu tools arm embedded/4.9 2015q3/bin/../lib/gcc/arm-none-eabi/4.9.3/armv6-m/crtend.o
                0x20001438                . = ALIGN (0x4)
                0x20001438                __data_end__ = .
LOAD c:/program files (x86)/gnu tools arm embedded/4.9 2015q3/bin/../lib/gcc/arm-none-eabi/4.9.3/armv6-m/crti.o
LOAD c:/program files (x86)/gnu tools arm embedded/4.9 2015q3/bin/../lib/gcc/arm-none-eabi/4.9.3/armv6-m/crtbegin.o
LOAD c:/program files (x86)/gnu tools arm embedded/4.9 2015q3/bin/../lib/gcc/arm-none-eabi/4.9.3/../../../../arm-none-eabi/lib/armv6-m/crt0.o
LOAD c:/program files (x86)/gnu tools arm embedded/4.9 2015q3/bin/../lib/gcc/arm-none-eabi/4.9.3/../../../../arm-none-eabi/lib/armv6-m\libc_nano.a
LOAD c:/program files (x86)/gnu tools arm embedded/4.9 2015q3/bin/../lib/gcc/arm-none-eabi/4.9.3/../../../../arm-none-eabi/lib/armv6-m\libnosys.a
LOAD _build/nrf51422_xxac_nrf_log_backend_serial.c.o
LOAD _build/nrf51422_xxac_nrf_log_frontend.c.o
LOAD _build/nrf51422_xxac_app_error.c.o
LOAD _build/nrf51422_xxac_app_error_weak.c.o
LOAD _build/nrf51422_xxac_app_timer.c.o
LOAD _build/nrf51422_xxac_app_util_platform.c.o
LOAD _build/nrf51422_xxac_hardfault_implementation.c.o
LOAD _build/nrf51422_xxac_nrf_assert.c.o
LOAD _build/nrf51422_xxac_sdk_errors.c.o
LOAD _build/nrf51422_xxac_boards.c.o
LOAD _build/nrf51422_xxac_nrf_drv_clock.c.o
LOAD _build/nrf51422_xxac_nrf_drv_common.c.o
LOAD _build/nrf51422_xxac_nrf_drv_uart.c.o
LOAD _build/nrf51422_xxac_main.c.o
LOAD _build/nrf51422_xxac_RTT_Syscalls_GCC.c.o
LOAD _build/nrf51422_xxac_SEGGER_RTT.c.o
LOAD _build/nrf51422_xxac_SEGGER_RTT_printf.c.o
LOAD _build/nrf51422_xxac_gcc_startup_nrf51.S.o
LOAD _build/nrf51422_xxac_system_nrf51.c.o
LOAD _build/nrf51422_xxac_softdevice_handler.c.o
LOAD c:/program files (x86)/gnu tools arm embedded/4.9 2015q3/bin/../lib/gcc/arm-none-eabi/4.9.3/../../../../arm-none-eabi/lib/armv6-m\libm.a
START GROUP
LOAD c:/program files (x86)/gnu tools arm embedded/4.9 2015q3/bin/../lib/gcc/arm-none-eabi/4.9.3/armv6-m\libgcc.a
LOAD c:/program files (x86)/gnu tools arm embedded/4.9 2015q3/bin/../lib/gcc/arm-none-eabi/4.9.3/../../../../arm-none-eabi/lib/armv6-m\libc_nano.a
END GROUP
START GROUP
LOAD c:/program files (x86)/gnu tools arm embedded/4.9 2015q3/bin/../lib/gcc/arm-none-eabi/4.9.3/armv6-m\libgcc.a
LOAD c:/program files (x86)/gnu tools arm embedded/4.9 2015q3/bin/../lib/gcc/arm-none-eabi/4.9.3/../../../../arm-none-eabi/lib/armv6-m\libc_nano.a
END GROUP
LOAD c:/program files (x86)/gnu tools arm embedded/4.9 2015q3/bin/../lib/gcc/arm-none-eabi/4.9.3/armv6-m/crtend.o
LOAD c:/program files (x86)/gnu tools arm embedded/4.9 2015q3/bin/../lib/gcc/arm-none-eabi/4.9.3/armv6-m/crtn.o
START GROUP
LOAD c:/program files (x86)/gnu tools arm embedded/4.9 2015q3/bin/../lib/gcc/arm-none-eabi/4.9.3/armv6-m\libgcc.a
LOAD c:/program files (x86)/gnu tools arm embedded/4.9 2015q3/bin/../lib/gcc/arm-none-eabi/4.9.3/../../../../arm-none-eabi/lib/armv6-m\libc.a
LOAD c:/program files (x86)/gnu tools arm embedded/4.9 2015q3/bin/../lib/gcc/arm-none-eabi/4.9.3/../../../../arm-none-eabi/lib/armv6-m\libnosys.a
END GROUP

.igot.plt       0x20001438        0x0 load address 0x0001bd80
 .igot.plt      0x00000000        0x0 c:/program files (x86)/gnu tools arm embedded/4.9 2015q3/bin/../lib/gcc/arm-none-eabi/4.9.3/armv6-m/crtbegin.o

.fs_data        0x20001438        0x0
                0x20001438                PROVIDE (__start_fs_data, .)
 *(.fs_data)
                0x20001438                PROVIDE (__stop_fs_data, .)

.pwr_mgmt_data  0x20001438        0x0
                0x20001438                PROVIDE (__start_pwr_mgmt_data, .)
 *(.pwr_mgmt_data)
                0x20001438                PROVIDE (__stop_pwr_mgmt_data, .)

.bss            0x20001438       0x84 load address 0x0001bd80
                0x20001438                . = ALIGN (0x4)
                0x20001438                __bss_start__ = .
 *(.bss*)
 .bss           0x20001438       0x1c c:/program files (x86)/gnu tools arm embedded/4.9 2015q3/bin/../lib/gcc/arm-none-eabi/4.9.3/armv6-m/crtbegin.o
 .bss.m_ticks_latest
                0x20001454        0x4 _build/nrf51422_xxac_app_timer.c.o
 .bss.mp_timer_id_head
                0x20001458        0x4 _build/nrf51422_xxac_app_timer.c.o
 .bss.m_evt_schedule_func
                0x2000145c        0x4 _build/nrf51422_xxac_app_timer.c.o
 .bss.m_ticks_elapsed_q_read_ind
                0x20001460        0x1 _build/nrf51422_xxac_app_timer.c.o
 .bss.m_ticks_elapsed_q_write_ind
                0x20001461        0x1 _build/nrf51422_xxac_app_timer.c.o
 .bss.m_rtc1_reset
                0x20001462        0x1 _build/nrf51422_xxac_app_timer.c.o
 *fill*         0x20001463        0x1 
 .bss.m_op_queue
                0x20001464        0x8 _build/nrf51422_xxac_app_timer.c.o
 .bss.m_ticks_elapsed
                0x2000146c        0x8 _build/nrf51422_xxac_app_timer.c.o
 .bss.m_rtc1_running
                0x20001474        0x1 _build/nrf51422_xxac_app_timer.c.o
 *fill*         0x20001475        0x3 
 .bss.m_clock_cb
                0x20001478       0x14 _build/nrf51422_xxac_nrf_drv_clock.c.o
 .bss.m_cb      0x2000148c       0x1c _build/nrf51422_xxac_nrf_drv_uart.c.o
 .bss.m_suspended
                0x200014a8        0x1 _build/nrf51422_xxac_softdevice_handler.c.o
 .bss.m_softdevice_enabled
                0x200014a9        0x1 _build/nrf51422_xxac_softdevice_handler.c.o
 .bss.m_ble_evt_buffer_size
                0x200014aa        0x2 _build/nrf51422_xxac_softdevice_handler.c.o
 .bss.mp_ble_evt_buffer
                0x200014ac        0x4 _build/nrf51422_xxac_softdevice_handler.c.o
 .bss.m_sys_evt_handler
                0x200014b0        0x4 _build/nrf51422_xxac_softdevice_handler.c.o
 .bss.m_ble_evt_handler
                0x200014b4        0x4 _build/nrf51422_xxac_softdevice_handler.c.o
 .bss.m_evt_schedule_func
                0x200014b8        0x4 _build/nrf51422_xxac_softdevice_handler.c.o
 *(COMMON)
                0x200014bc                . = ALIGN (0x4)
                0x200014bc                __bss_end__ = .

.heap           0x200014c0      0x800
                0x200014c0                __HeapBase = .
                0x200014c0                __end__ = .
                0x200014c0                PROVIDE (end, .)
 *(.heap*)
 .heap          0x200014c0      0x800 _build/nrf51422_xxac_gcc_startup_nrf51.S.o
                0x20001cc0                __HeapLimit = .

.stack_dummy    0x200014c0      0x800
 *(.stack*)
 .stack         0x200014c0      0x800 _build/nrf51422_xxac_gcc_startup_nrf51.S.o
                0x20008000                __StackTop = (ORIGIN (RAM) + 0x6c38)
                0x20007800                __StackLimit = (__StackTop - SIZEOF (.stack_dummy))
                0x20008000                PROVIDE (__stack, __StackTop)
                0x00000001                ASSERT ((__StackLimit >= __HeapLimit), region RAM overflowed with stack)
OUTPUT(_build/nrf51422_xxac.out elf32-littlearm)

.ARM.attributes
                0x00000000       0x28
 .ARM.attributes
                0x00000000       0x1e c:/program files (x86)/gnu tools arm embedded/4.9 2015q3/bin/../lib/gcc/arm-none-eabi/4.9.3/armv6-m/crti.o
 .ARM.attributes
                0x0000001e       0x2c c:/program files (x86)/gnu tools arm embedded/4.9 2015q3/bin/../lib/gcc/arm-none-eabi/4.9.3/armv6-m/crtbegin.o
 .ARM.attributes
                0x0000004a       0x1b c:/program files (x86)/gnu tools arm embedded/4.9 2015q3/bin/../lib/gcc/arm-none-eabi/4.9.3/../../../../arm-none-eabi/lib/armv6-m/crt0.o
 .ARM.attributes
                0x00000065       0x2c c:/program files (x86)/gnu tools arm embedded/4.9 2015q3/bin/../lib/gcc/arm-none-eabi/4.9.3/../../../../arm-none-eabi/lib/armv6-m\libc_nano.a(lib_a-exit.o)
 .ARM.attributes
                0x00000091       0x2c c:/program files (x86)/gnu tools arm embedded/4.9 2015q3/bin/../lib/gcc/arm-none-eabi/4.9.3/../../../../arm-none-eabi/lib/armv6-m\libc_nano.a(lib_a-impure.o)
 .ARM.attributes
                0x000000bd       0x2c c:/program files (x86)/gnu tools arm embedded/4.9 2015q3/bin/../lib/gcc/arm-none-eabi/4.9.3/../../../../arm-none-eabi/lib/armv6-m\libc_nano.a(lib_a-init.o)
 .ARM.attributes
                0x000000e9       0x2c c:/program files (x86)/gnu tools arm embedded/4.9 2015q3/bin/../lib/gcc/arm-none-eabi/4.9.3/../../../../arm-none-eabi/lib/armv6-m\libc_nano.a(lib_a-memset.o)
 .ARM.attributes
                0x00000115       0x2c c:/program files (x86)/gnu tools arm embedded/4.9 2015q3/bin/../lib/gcc/arm-none-eabi/4.9.3/../../../../arm-none-eabi/lib/armv6-m\libnosys.a(_exit.o)
 .ARM.attributes
                0x00000141       0x31 _build/nrf51422_xxac_app_error.c.o
 .ARM.attributes
                0x00000172       0x31 _build/nrf51422_xxac_app_error_weak.c.o
 .ARM.attributes
                0x000001a3       0x31 _build/nrf51422_xxac_app_timer.c.o
 .ARM.attributes
                0x000001d4       0x31 _build/nrf51422_xxac_nrf_drv_clock.c.o
 .ARM.attributes
                0x00000205       0x31 _build/nrf51422_xxac_nrf_drv_uart.c.o
 .ARM.attributes
                0x00000236       0x31 _build/nrf51422_xxac_main.c.o
 .ARM.attributes
                0x00000267       0x1b _build/nrf51422_xxac_gcc_startup_nrf51.S.o
 .ARM.attributes
                0x00000282       0x31 _build/nrf51422_xxac_system_nrf51.c.o
 .ARM.attributes
                0x000002b3       0x31 _build/nrf51422_xxac_softdevice_handler.c.o
 .ARM.attributes
                0x000002e4       0x2c c:/program files (x86)/gnu tools arm embedded/4.9 2015q3/bin/../lib/gcc/arm-none-eabi/4.9.3/armv6-m/crtend.o
 .ARM.attributes
                0x00000310       0x1e c:/program files (x86)/gnu tools arm embedded/4.9 2015q3/bin/../lib/gcc/arm-none-eabi/4.9.3/armv6-m/crtn.o

.comment        0x00000000       0x70
 .comment       0x00000000       0x70 _build/nrf51422_xxac_app_error.c.o
                                 0x71 (size before relaxing)
 .comment       0x00000000       0x71 _build/nrf51422_xxac_app_error_weak.c.o
 .comment       0x00000000       0x71 _build/nrf51422_xxac_app_timer.c.o
 .comment       0x00000000       0x71 _build/nrf51422_xxac_nrf_drv_clock.c.o
 .comment       0x00000000       0x71 _build/nrf51422_xxac_nrf_drv_uart.c.o
 .comment       0x00000000       0x71 _build/nrf51422_xxac_main.c.o
 .comment       0x00000000       0x71 _build/nrf51422_xxac_system_nrf51.c.o
 .comment       0x00000000       0x71 _build/nrf51422_xxac_softdevice_handler.c.o

.debug_frame    0x00000000      0x770
 .debug_frame   0x00000000       0x28 c:/program files (x86)/gnu tools arm embedded/4.9 2015q3/bin/../lib/gcc/arm-none-eabi/4.9.3/../../../../arm-none-eabi/lib/armv6-m\libc_nano.a(lib_a-exit.o)
 .debug_frame   0x00000028       0x2c c:/program files (x86)/gnu tools arm embedded/4.9 2015q3/bin/../lib/gcc/arm-none-eabi/4.9.3/../../../../arm-none-eabi/lib/armv6-m\libc_nano.a(lib_a-init.o)
 .debug_frame   0x00000054       0x20 c:/program files (x86)/gnu tools arm embedded/4.9 2015q3/bin/../lib/gcc/arm-none-eabi/4.9.3/../../../../arm-none-eabi/lib/armv6-m\libc_nano.a(lib_a-memset.o)
 .debug_frame   0x00000074       0x20 c:/program files (x86)/gnu tools arm embedded/4.9 2015q3/bin/../lib/gcc/arm-none-eabi/4.9.3/../../../../arm-none-eabi/lib/armv6-m\libnosys.a(_exit.o)
 .debug_frame   0x00000094       0x5c _build/nrf51422_xxac_app_error.c.o
 .debug_frame   0x000000f0       0x20 _build/nrf51422_xxac_app_error_weak.c.o
 .debug_frame   0x00000110      0x138 _build/nrf51422_xxac_app_timer.c.o
 .debug_frame   0x00000248      0x1c0 _build/nrf51422_xxac_nrf_drv_clock.c.o
 .debug_frame   0x00000408      0x150 _build/nrf51422_xxac_nrf_drv_uart.c.o
 .debug_frame   0x00000558       0x30 _build/nrf51422_xxac_main.c.o
 .debug_frame   0x00000588       0x30 _build/nrf51422_xxac_system_nrf51.c.o
 .debug_frame   0x000005b8      0x1b8 _build/nrf51422_xxac_softdevice_handler.c.o

.debug_info     0x00000000     0x8c7f
 .debug_info    0x00000000      0x334 _build/nrf51422_xxac_app_error.c.o
 .debug_info    0x00000334      0x1f3 _build/nrf51422_xxac_app_error_weak.c.o
 .debug_info    0x00000527     0x1a2f _build/nrf51422_xxac_app_timer.c.o
 .debug_info    0x00001f56     0x1645 _build/nrf51422_xxac_nrf_drv_clock.c.o
 .debug_info    0x0000359b     0x2a9a _build/nrf51422_xxac_nrf_drv_uart.c.o
 .debug_info    0x00006035      0x71e _build/nrf51422_xxac_main.c.o
 .debug_info    0x00006753      0x1dd _build/nrf51422_xxac_system_nrf51.c.o
 .debug_info    0x00006930     0x234f _build/nrf51422_xxac_softdevice_handler.c.o

.debug_abbrev   0x00000000     0x1702
 .debug_abbrev  0x00000000      0x130 _build/nrf51422_xxac_app_error.c.o
 .debug_abbrev  0x00000130      0x108 _build/nrf51422_xxac_app_error_weak.c.o
 .debug_abbrev  0x00000238      0x434 _build/nrf51422_xxac_app_timer.c.o
 .debug_abbrev  0x0000066c      0x4be _build/nrf51422_xxac_nrf_drv_clock.c.o
 .debug_abbrev  0x00000b2a      0x3c1 _build/nrf51422_xxac_nrf_drv_uart.c.o
 .debug_abbrev  0x00000eeb      0x20e _build/nrf51422_xxac_main.c.o
 .debug_abbrev  0x000010f9       0xfe _build/nrf51422_xxac_system_nrf51.c.o
 .debug_abbrev  0x000011f7      0x50b _build/nrf51422_xxac_softdevice_handler.c.o

.debug_loc      0x00000000     0x316c
 .debug_loc     0x00000000      0x149 _build/nrf51422_xxac_app_error.c.o
 .debug_loc     0x00000149       0x21 _build/nrf51422_xxac_app_error_weak.c.o
 .debug_loc     0x0000016a      0xe2b _build/nrf51422_xxac_app_timer.c.o
 .debug_loc     0x00000f95      0x414 _build/nrf51422_xxac_nrf_drv_clock.c.o
 .debug_loc     0x000013a9     0x1832 _build/nrf51422_xxac_nrf_drv_uart.c.o
 .debug_loc     0x00002bdb       0x30 _build/nrf51422_xxac_main.c.o
 .debug_loc     0x00002c0b      0x561 _build/nrf51422_xxac_softdevice_handler.c.o

.debug_aranges  0x00000000      0x2d8
 .debug_aranges
                0x00000000       0x30 _build/nrf51422_xxac_app_error.c.o
 .debug_aranges
                0x00000030       0x20 _build/nrf51422_xxac_app_error_weak.c.o
 .debug_aranges
                0x00000050       0x68 _build/nrf51422_xxac_app_timer.c.o
 .debug_aranges
                0x000000b8       0xb0 _build/nrf51422_xxac_nrf_drv_clock.c.o
 .debug_aranges
                0x00000168       0x70 _build/nrf51422_xxac_nrf_drv_uart.c.o
 .debug_aranges
                0x000001d8       0x20 _build/nrf51422_xxac_main.c.o
 .debug_aranges
                0x000001f8       0x28 _build/nrf51422_xxac_system_nrf51.c.o
 .debug_aranges
                0x00000220       0xb8 _build/nrf51422_xxac_softdevice_handler.c.o

.debug_ranges   0x00000000     0x10d0
 .debug_ranges  0x00000000       0x20 _build/nrf51422_xxac_app_error.c.o
 .debug_ranges  0x00000020       0x10 _build/nrf51422_xxac_app_error_weak.c.o
 .debug_ranges  0x00000030      0x550 _build/nrf51422_xxac_app_timer.c.o
 .debug_ranges  0x00000580      0x310 _build/nrf51422_xxac_nrf_drv_clock.c.o
 .debug_ranges  0x00000890      0x510 _build/nrf51422_xxac_nrf_drv_uart.c.o
 .debug_ranges  0x00000da0       0xc8 _build/nrf51422_xxac_main.c.o
 .debug_ranges  0x00000e68       0x78 _build/nrf51422_xxac_system_nrf51.c.o
 .debug_ranges  0x00000ee0      0x1f0 _build/nrf51422_xxac_softdevice_handler.c.o

.debug_macro    0x00000000     0x339a
 .debug_macro   0x00000000      0x26d _build/nrf51422_xxac_app_error.c.o
 .debug_macro   0x0000026d       0x34 _build/nrf51422_xxac_app_error.c.o
 .debug_macro   0x000002a1       0x22 _build/nrf51422_xxac_app_error.c.o
 .debug_macro   0x000002c3       0x16 _build/nrf51422_xxac_app_error.c.o
 .debug_macro   0x000002d9       0x97 _build/nrf51422_xxac_app_error.c.o
 .debug_macro   0x00000370       0xef _build/nrf51422_xxac_app_error.c.o
 .debug_macro   0x0000045f       0x10 _build/nrf51422_xxac_app_error.c.o
 .debug_macro   0x0000046f       0x10 _build/nrf51422_xxac_app_error.c.o
 .debug_macro   0x0000047f       0x22 _build/nrf51422_xxac_app_error.c.o
 .debug_macro   0x000004a1       0xbe _build/nrf51422_xxac_app_error.c.o
 .debug_macro   0x0000055f       0x16 _build/nrf51422_xxac_app_error.c.o
 .debug_macro   0x00000575      0x166 _build/nrf51422_xxac_app_error.c.o
 .debug_macro   0x000006db       0x2b _build/nrf51422_xxac_app_error.c.o
 .debug_macro   0x00000706       0x22 _build/nrf51422_xxac_app_error.c.o
 .debug_macro   0x00000728       0x16 _build/nrf51422_xxac_app_error.c.o
 .debug_macro   0x0000073e      0x39b _build/nrf51422_xxac_app_error.c.o
 .debug_macro   0x00000ad9      0x170 _build/nrf51422_xxac_app_error.c.o
 .debug_macro   0x00000c49       0x5a _build/nrf51422_xxac_app_error.c.o
 .debug_macro   0x00000ca3       0x28 _build/nrf51422_xxac_app_error.c.o
 .debug_macro   0x00000ccb       0x22 _build/nrf51422_xxac_app_error.c.o
 .debug_macro   0x00000ced      0x26d _build/nrf51422_xxac_app_error_weak.c.o
 .debug_macro   0x00000f5a       0x1c _build/nrf51422_xxac_app_error_weak.c.o
 .debug_macro   0x00000f76      0x304 _build/nrf51422_xxac_app_timer.c.o
 .debug_macro   0x0000127a       0x1c _build/nrf51422_xxac_app_timer.c.o
 .debug_macro   0x00001296       0x36 _build/nrf51422_xxac_app_timer.c.o
 .debug_macro   0x000012cc       0x16 _build/nrf51422_xxac_app_timer.c.o
 .debug_macro   0x000012e2       0x22 _build/nrf51422_xxac_app_timer.c.o
 .debug_macro   0x00001304       0x16 _build/nrf51422_xxac_app_timer.c.o
 .debug_macro   0x0000131a       0x40 _build/nrf51422_xxac_app_timer.c.o
 .debug_macro   0x0000135a       0x64 _build/nrf51422_xxac_app_timer.c.o
 .debug_macro   0x000013be       0x10 _build/nrf51422_xxac_app_timer.c.o
 .debug_macro   0x000013ce       0x22 _build/nrf51422_xxac_app_timer.c.o
 .debug_macro   0x000013f0       0x10 _build/nrf51422_xxac_app_timer.c.o
 .debug_macro   0x00001400       0x72 _build/nrf51422_xxac_app_timer.c.o
 .debug_macro   0x00001472      0x3fe _build/nrf51422_xxac_nrf_drv_clock.c.o
 .debug_macro   0x00001870       0x10 _build/nrf51422_xxac_nrf_drv_clock.c.o
 .debug_macro   0x00001880       0x28 _build/nrf51422_xxac_nrf_drv_clock.c.o
 .debug_macro   0x000018a8       0x1c _build/nrf51422_xxac_nrf_drv_clock.c.o
 .debug_macro   0x000018c4       0x8f _build/nrf51422_xxac_nrf_drv_clock.c.o
 .debug_macro   0x00001953       0xd6 _build/nrf51422_xxac_nrf_drv_clock.c.o
 .debug_macro   0x00001a29      0x1fb _build/nrf51422_xxac_nrf_drv_clock.c.o
 .debug_macro   0x00001c24      0x3fa _build/nrf51422_xxac_nrf_drv_clock.c.o
 .debug_macro   0x0000201e       0x40 _build/nrf51422_xxac_nrf_drv_clock.c.o
 .debug_macro   0x0000205e       0x22 _build/nrf51422_xxac_nrf_drv_clock.c.o
 .debug_macro   0x00002080      0x201 _build/nrf51422_xxac_nrf_drv_clock.c.o
 .debug_macro   0x00002281       0x1c _build/nrf51422_xxac_nrf_drv_clock.c.o
 .debug_macro   0x0000229d       0xdb _build/nrf51422_xxac_nrf_drv_clock.c.o
 .debug_macro   0x00002378       0x24 _build/nrf51422_xxac_nrf_drv_clock.c.o
 .debug_macro   0x0000239c       0x16 _build/nrf51422_xxac_nrf_drv_clock.c.o
 .debug_macro   0x000023b2       0x10 _build/nrf51422_xxac_nrf_drv_clock.c.o
 .debug_macro   0x000023c2      0x18a _build/nrf51422_xxac_nrf_drv_clock.c.o
 .debug_macro   0x0000254c       0x1c _build/nrf51422_xxac_nrf_drv_clock.c.o
 .debug_macro   0x00002568       0x16 _build/nrf51422_xxac_nrf_drv_clock.c.o
 .debug_macro   0x0000257e      0x176 _build/nrf51422_xxac_nrf_drv_clock.c.o
 .debug_macro   0x000026f4      0x365 _build/nrf51422_xxac_nrf_drv_uart.c.o
 .debug_macro   0x00002a59       0x10 _build/nrf51422_xxac_nrf_drv_uart.c.o
 .debug_macro   0x00002a69       0x36 _build/nrf51422_xxac_nrf_drv_uart.c.o
 .debug_macro   0x00002a9f      0x26e _build/nrf51422_xxac_main.c.o
 .debug_macro   0x00002d0d       0xd0 _build/nrf51422_xxac_system_nrf51.c.o
 .debug_macro   0x00002ddd      0x3d6 _build/nrf51422_xxac_softdevice_handler.c.o
 .debug_macro   0x000031b3      0x10e _build/nrf51422_xxac_softdevice_handler.c.o
 .debug_macro   0x000032c1       0x7f _build/nrf51422_xxac_softdevice_handler.c.o
 .debug_macro   0x00003340       0x4a _build/nrf51422_xxac_softdevice_handler.c.o
 .debug_macro   0x0000338a       0x10 _build/nrf51422_xxac_softdevice_handler.c.o

.debug_line     0x00000000     0x4325
 .debug_line    0x00000000      0x5f0 _build/nrf51422_xxac_app_error.c.o
 .debug_line    0x000005f0      0x5ae _build/nrf51422_xxac_app_error_weak.c.o
 .debug_line    0x00000b9e      0xaaf _build/nrf51422_xxac_app_timer.c.o
 .debug_line    0x0000164d      0xba9 _build/nrf51422_xxac_nrf_drv_clock.c.o
 .debug_line    0x000021f6      0xd05 _build/nrf51422_xxac_nrf_drv_uart.c.o
 .debug_line    0x00002efb      0x627 _build/nrf51422_xxac_main.c.o
 .debug_line    0x00003522      0x364 _build/nrf51422_xxac_system_nrf51.c.o
 .debug_line    0x00003886      0xa9f _build/nrf51422_xxac_softdevice_handler.c.o

.debug_str      0x00000000    0x3f08d
 .debug_str     0x00000000    0x33100 _build/nrf51422_xxac_app_error.c.o
                              0x3339f (size before relaxing)
 .debug_str     0x00033100       0xae _build/nrf51422_xxac_app_error_weak.c.o
                              0x332ec (size before relaxing)
 .debug_str     0x000331ae     0x1a40 _build/nrf51422_xxac_app_timer.c.o
                              0x3356f (size before relaxing)
 .debug_str     0x00034bee     0x6ac9 _build/nrf51422_xxac_nrf_drv_clock.c.o
                              0x3ab10 (size before relaxing)
 .debug_str     0x0003b6b7     0x15cc _build/nrf51422_xxac_nrf_drv_uart.c.o
                              0x35800 (size before relaxing)
 .debug_str     0x0003cc83      0xedc _build/nrf51422_xxac_main.c.o
                              0x2fcb8 (size before relaxing)
 .debug_str     0x0003db5f      0x120 _build/nrf51422_xxac_system_nrf51.c.o
                              0x29cdb (size before relaxing)
 .debug_str     0x0003dc7f     0x140e _build/nrf51422_xxac_softdevice_handler.c.o
                              0x3b17d (size before relaxing)
